============================================================================================== 
Warning! Mixing Conda and module environments may lead to corruption of the
user environment. 
We do not recommend users mixing those two environments unless absolutely
necessary. Note that 
SURF does not provide any support for Conda environment.
For more information, please refer to our software policy page:
https://servicedesk.surf.nl/wiki/display/WIKI/Software+policy+Snellius#SoftwarepolicySnellius-UseofAnacondaandMinicondaenvironmentsonSnellius 

Remember that many packages have already been installed on the system and can
be loaded using 
the 'module load <package__name>' command. If you are uncertain if a package is
already available 
on the system, please use 'module avail' or 'module spider' to search for it.
============================================================================================== 
/home/rhutter/.conda/envs/mhcdiff/lib/python3.10/site-packages/lightning_lite/__init__.py:29: UserWarning: pkg_resources is deprecated as an API. See https://setuptools.pypa.io/en/latest/pkg_resources.html. The pkg_resources package is slated for removal as early as 2025-11-30. Refrain from using this package or pin to Setuptools<81.
  __import__("pkg_resources").declare_namespace(__name__)
Loading dataset from /scratch-shared/roos/preprocessed/BA_cluster1.hdf5...
Loaded 787 entries from test split.
dataset_variance=tensor([47.1587,  5.7372,  1.9015])
len(test_dataset)=787
Prior to sampling time 0.2372589111328125
s_array_norm shape: torch.Size([100, 1])
t_array_norm shape: torch.Size([100, 1])
z_t_mol shape: torch.Size([900, 23])
s_array_norm shape: torch.Size([100, 1])
t_array_norm shape: torch.Size([100, 1])
z_t_mol shape: torch.Size([900, 23])
s_array_norm shape: torch.Size([100, 1])
t_array_norm shape: torch.Size([100, 1])
z_t_mol shape: torch.Size([900, 23])
s_array_norm shape: torch.Size([100, 1])
t_array_norm shape: torch.Size([100, 1])
z_t_mol shape: torch.Size([900, 23])
s_array_norm shape: torch.Size([100, 1])
t_array_norm shape: torch.Size([100, 1])
z_t_mol shape: torch.Size([900, 23])
s_array_norm shape: torch.Size([100, 1])
t_array_norm shape: torch.Size([100, 1])
z_t_mol shape: torch.Size([900, 23])
s_array_norm shape: torch.Size([100, 1])
t_array_norm shape: torch.Size([100, 1])
z_t_mol shape: torch.Size([900, 23])
s_array_norm shape: torch.Size([100, 1])
t_array_norm shape: torch.Size([100, 1])
z_t_mol shape: torch.Size([900, 23])
s_array_norm shape: torch.Size([100, 1])
t_array_norm shape: torch.Size([100, 1])
z_t_mol shape: torch.Size([900, 23])
s_array_norm shape: torch.Size([100, 1])
t_array_norm shape: torch.Size([100, 1])
z_t_mol shape: torch.Size([900, 23])
s_array_norm shape: torch.Size([100, 1])
t_array_norm shape: torch.Size([100, 1])
z_t_mol shape: torch.Size([900, 23])
s_array_norm shape: torch.Size([100, 1])
t_array_norm shape: torch.Size([100, 1])
z_t_mol shape: torch.Size([900, 23])
s_array_norm shape: torch.Size([100, 1])
t_array_norm shape: torch.Size([100, 1])
z_t_mol shape: torch.Size([900, 23])
s_array_norm shape: torch.Size([100, 1])
t_array_norm shape: torch.Size([100, 1])
z_t_mol shape: torch.Size([900, 23])
s_array_norm shape: torch.Size([100, 1])
t_array_norm shape: torch.Size([100, 1])
z_t_mol shape: torch.Size([900, 23])
s_array_norm shape: torch.Size([100, 1])
t_array_norm shape: torch.Size([100, 1])
z_t_mol shape: torch.Size([900, 23])
s_array_norm shape: torch.Size([100, 1])
t_array_norm shape: torch.Size([100, 1])
z_t_mol shape: torch.Size([900, 23])
s_array_norm shape: torch.Size([100, 1])
t_array_norm shape: torch.Size([100, 1])
z_t_mol shape: torch.Size([900, 23])
s_array_norm shape: torch.Size([100, 1])
t_array_norm shape: torch.Size([100, 1])
z_t_mol shape: torch.Size([900, 23])
s_array_norm shape: torch.Size([100, 1])
t_array_norm shape: torch.Size([100, 1])
z_t_mol shape: torch.Size([900, 23])
s_array_norm shape: torch.Size([100, 1])
t_array_norm shape: torch.Size([100, 1])
z_t_mol shape: torch.Size([900, 23])
s_array_norm shape: torch.Size([100, 1])
t_array_norm shape: torch.Size([100, 1])
z_t_mol shape: torch.Size([900, 23])
s_array_norm shape: torch.Size([100, 1])
t_array_norm shape: torch.Size([100, 1])
z_t_mol shape: torch.Size([900, 23])
s_array_norm shape: torch.Size([100, 1])
t_array_norm shape: torch.Size([100, 1])
z_t_mol shape: torch.Size([900, 23])
s_array_norm shape: torch.Size([100, 1])
t_array_norm shape: torch.Size([100, 1])
z_t_mol shape: torch.Size([900, 23])
s_array_norm shape: torch.Size([100, 1])
t_array_norm shape: torch.Size([100, 1])
z_t_mol shape: torch.Size([900, 23])
s_array_norm shape: torch.Size([100, 1])
t_array_norm shape: torch.Size([100, 1])
z_t_mol shape: torch.Size([900, 23])
s_array_norm shape: torch.Size([100, 1])
t_array_norm shape: torch.Size([100, 1])
z_t_mol shape: torch.Size([900, 23])
s_array_norm shape: torch.Size([100, 1])
t_array_norm shape: torch.Size([100, 1])
z_t_mol shape: torch.Size([900, 23])
s_array_norm shape: torch.Size([100, 1])
t_array_norm shape: torch.Size([100, 1])
z_t_mol shape: torch.Size([900, 23])
s_array_norm shape: torch.Size([100, 1])
t_array_norm shape: torch.Size([100, 1])
z_t_mol shape: torch.Size([900, 23])
s_array_norm shape: torch.Size([100, 1])
t_array_norm shape: torch.Size([100, 1])
z_t_mol shape: torch.Size([900, 23])
s_array_norm shape: torch.Size([100, 1])
t_array_norm shape: torch.Size([100, 1])
z_t_mol shape: torch.Size([900, 23])
s_array_norm shape: torch.Size([100, 1])
t_array_norm shape: torch.Size([100, 1])
z_t_mol shape: torch.Size([900, 23])
s_array_norm shape: torch.Size([100, 1])
t_array_norm shape: torch.Size([100, 1])
z_t_mol shape: torch.Size([900, 23])
s_array_norm shape: torch.Size([100, 1])
t_array_norm shape: torch.Size([100, 1])
z_t_mol shape: torch.Size([900, 23])
s_array_norm shape: torch.Size([100, 1])
t_array_norm shape: torch.Size([100, 1])
z_t_mol shape: torch.Size([900, 23])
s_array_norm shape: torch.Size([100, 1])
t_array_norm shape: torch.Size([100, 1])
z_t_mol shape: torch.Size([900, 23])
s_array_norm shape: torch.Size([100, 1])
t_array_norm shape: torch.Size([100, 1])
z_t_mol shape: torch.Size([900, 23])
s_array_norm shape: torch.Size([100, 1])
t_array_norm shape: torch.Size([100, 1])
z_t_mol shape: torch.Size([900, 23])
s_array_norm shape: torch.Size([100, 1])
t_array_norm shape: torch.Size([100, 1])
z_t_mol shape: torch.Size([900, 23])
s_array_norm shape: torch.Size([100, 1])
t_array_norm shape: torch.Size([100, 1])
z_t_mol shape: torch.Size([900, 23])
s_array_norm shape: torch.Size([100, 1])
t_array_norm shape: torch.Size([100, 1])
z_t_mol shape: torch.Size([900, 23])
s_array_norm shape: torch.Size([100, 1])
t_array_norm shape: torch.Size([100, 1])
z_t_mol shape: torch.Size([900, 23])
s_array_norm shape: torch.Size([100, 1])
t_array_norm shape: torch.Size([100, 1])
z_t_mol shape: torch.Size([900, 23])
s_array_norm shape: torch.Size([100, 1])
t_array_norm shape: torch.Size([100, 1])
z_t_mol shape: torch.Size([900, 23])
s_array_norm shape: torch.Size([100, 1])
t_array_norm shape: torch.Size([100, 1])
z_t_mol shape: torch.Size([900, 23])
s_array_norm shape: torch.Size([100, 1])
t_array_norm shape: torch.Size([100, 1])
z_t_mol shape: torch.Size([900, 23])
s_array_norm shape: torch.Size([100, 1])
t_array_norm shape: torch.Size([100, 1])
z_t_mol shape: torch.Size([900, 23])
s_array_norm shape: torch.Size([100, 1])
t_array_norm shape: torch.Size([100, 1])
z_t_mol shape: torch.Size([900, 23])
s_array_norm shape: torch.Size([100, 1])
t_array_norm shape: torch.Size([100, 1])
z_t_mol shape: torch.Size([900, 23])
s_array_norm shape: torch.Size([100, 1])
t_array_norm shape: torch.Size([100, 1])
z_t_mol shape: torch.Size([900, 23])
s_array_norm shape: torch.Size([100, 1])
t_array_norm shape: torch.Size([100, 1])
z_t_mol shape: torch.Size([900, 23])
s_array_norm shape: torch.Size([100, 1])
t_array_norm shape: torch.Size([100, 1])
z_t_mol shape: torch.Size([900, 23])
s_array_norm shape: torch.Size([100, 1])
t_array_norm shape: torch.Size([100, 1])
z_t_mol shape: torch.Size([900, 23])
s_array_norm shape: torch.Size([100, 1])
t_array_norm shape: torch.Size([100, 1])
z_t_mol shape: torch.Size([900, 23])
s_array_norm shape: torch.Size([100, 1])
t_array_norm shape: torch.Size([100, 1])
z_t_mol shape: torch.Size([900, 23])
s_array_norm shape: torch.Size([100, 1])
t_array_norm shape: torch.Size([100, 1])
z_t_mol shape: torch.Size([900, 23])
s_array_norm shape: torch.Size([100, 1])
t_array_norm shape: torch.Size([100, 1])
z_t_mol shape: torch.Size([900, 23])
s_array_norm shape: torch.Size([100, 1])
t_array_norm shape: torch.Size([100, 1])
z_t_mol shape: torch.Size([900, 23])
s_array_norm shape: torch.Size([100, 1])
t_array_norm shape: torch.Size([100, 1])
z_t_mol shape: torch.Size([900, 23])
s_array_norm shape: torch.Size([100, 1])
t_array_norm shape: torch.Size([100, 1])
z_t_mol shape: torch.Size([900, 23])
s_array_norm shape: torch.Size([100, 1])
t_array_norm shape: torch.Size([100, 1])
z_t_mol shape: torch.Size([900, 23])
s_array_norm shape: torch.Size([100, 1])
t_array_norm shape: torch.Size([100, 1])
z_t_mol shape: torch.Size([900, 23])
s_array_norm shape: torch.Size([100, 1])
t_array_norm shape: torch.Size([100, 1])
z_t_mol shape: torch.Size([900, 23])
s_array_norm shape: torch.Size([100, 1])
t_array_norm shape: torch.Size([100, 1])
z_t_mol shape: torch.Size([900, 23])
s_array_norm shape: torch.Size([100, 1])
t_array_norm shape: torch.Size([100, 1])
z_t_mol shape: torch.Size([900, 23])
s_array_norm shape: torch.Size([100, 1])
t_array_norm shape: torch.Size([100, 1])
z_t_mol shape: torch.Size([900, 23])
s_array_norm shape: torch.Size([100, 1])
t_array_norm shape: torch.Size([100, 1])
z_t_mol shape: torch.Size([900, 23])
s_array_norm shape: torch.Size([100, 1])
t_array_norm shape: torch.Size([100, 1])
z_t_mol shape: torch.Size([900, 23])
s_array_norm shape: torch.Size([100, 1])
t_array_norm shape: torch.Size([100, 1])
z_t_mol shape: torch.Size([900, 23])
s_array_norm shape: torch.Size([100, 1])
t_array_norm shape: torch.Size([100, 1])
z_t_mol shape: torch.Size([900, 23])
s_array_norm shape: torch.Size([100, 1])
t_array_norm shape: torch.Size([100, 1])
z_t_mol shape: torch.Size([900, 23])
s_array_norm shape: torch.Size([100, 1])
t_array_norm shape: torch.Size([100, 1])
z_t_mol shape: torch.Size([900, 23])
s_array_norm shape: torch.Size([100, 1])
t_array_norm shape: torch.Size([100, 1])
z_t_mol shape: torch.Size([900, 23])
s_array_norm shape: torch.Size([100, 1])
t_array_norm shape: torch.Size([100, 1])
z_t_mol shape: torch.Size([900, 23])
s_array_norm shape: torch.Size([100, 1])
t_array_norm shape: torch.Size([100, 1])
z_t_mol shape: torch.Size([900, 23])
s_array_norm shape: torch.Size([100, 1])
t_array_norm shape: torch.Size([100, 1])
z_t_mol shape: torch.Size([900, 23])
s_array_norm shape: torch.Size([100, 1])
t_array_norm shape: torch.Size([100, 1])
z_t_mol shape: torch.Size([900, 23])
s_array_norm shape: torch.Size([100, 1])
t_array_norm shape: torch.Size([100, 1])
z_t_mol shape: torch.Size([900, 23])
s_array_norm shape: torch.Size([100, 1])
t_array_norm shape: torch.Size([100, 1])
z_t_mol shape: torch.Size([900, 23])
s_array_norm shape: torch.Size([100, 1])
t_array_norm shape: torch.Size([100, 1])
z_t_mol shape: torch.Size([900, 23])
s_array_norm shape: torch.Size([100, 1])
t_array_norm shape: torch.Size([100, 1])
z_t_mol shape: torch.Size([900, 23])
s_array_norm shape: torch.Size([100, 1])
t_array_norm shape: torch.Size([100, 1])
z_t_mol shape: torch.Size([900, 23])
s_array_norm shape: torch.Size([100, 1])
t_array_norm shape: torch.Size([100, 1])
z_t_mol shape: torch.Size([900, 23])
s_array_norm shape: torch.Size([100, 1])
t_array_norm shape: torch.Size([100, 1])
z_t_mol shape: torch.Size([900, 23])
s_array_norm shape: torch.Size([100, 1])
t_array_norm shape: torch.Size([100, 1])
z_t_mol shape: torch.Size([900, 23])
s_array_norm shape: torch.Size([100, 1])
t_array_norm shape: torch.Size([100, 1])
z_t_mol shape: torch.Size([900, 23])
s_array_norm shape: torch.Size([100, 1])
t_array_norm shape: torch.Size([100, 1])
z_t_mol shape: torch.Size([900, 23])
s_array_norm shape: torch.Size([100, 1])
t_array_norm shape: torch.Size([100, 1])
z_t_mol shape: torch.Size([900, 23])
s_array_norm shape: torch.Size([100, 1])
t_array_norm shape: torch.Size([100, 1])
z_t_mol shape: torch.Size([900, 23])
s_array_norm shape: torch.Size([100, 1])
t_array_norm shape: torch.Size([100, 1])
z_t_mol shape: torch.Size([900, 23])
s_array_norm shape: torch.Size([100, 1])
t_array_norm shape: torch.Size([100, 1])
z_t_mol shape: torch.Size([900, 23])
s_array_norm shape: torch.Size([100, 1])
t_array_norm shape: torch.Size([100, 1])
z_t_mol shape: torch.Size([900, 23])
s_array_norm shape: torch.Size([100, 1])
t_array_norm shape: torch.Size([100, 1])
z_t_mol shape: torch.Size([900, 23])
s_array_norm shape: torch.Size([100, 1])
t_array_norm shape: torch.Size([100, 1])
z_t_mol shape: torch.Size([900, 23])
s_array_norm shape: torch.Size([100, 1])
t_array_norm shape: torch.Size([100, 1])
z_t_mol shape: torch.Size([900, 23])
s_array_norm shape: torch.Size([100, 1])
t_array_norm shape: torch.Size([100, 1])
z_t_mol shape: torch.Size([900, 23])
s_array_norm shape: torch.Size([100, 1])
t_array_norm shape: torch.Size([100, 1])
z_t_mol shape: torch.Size([900, 23])
s_array_norm shape: torch.Size([100, 1])
t_array_norm shape: torch.Size([100, 1])
z_t_mol shape: torch.Size([900, 23])
After sampling time 10.580703496932983
len(saved_samples['rmse'])=10, rmse.shape=torch.Size([100])
Time: 10.584553480148315
Prior to sampling time 0.2368161678314209
s_array_norm shape: torch.Size([100, 1])
t_array_norm shape: torch.Size([100, 1])
z_t_mol shape: torch.Size([900, 23])
s_array_norm shape: torch.Size([100, 1])
t_array_norm shape: torch.Size([100, 1])
z_t_mol shape: torch.Size([900, 23])
s_array_norm shape: torch.Size([100, 1])
t_array_norm shape: torch.Size([100, 1])
z_t_mol shape: torch.Size([900, 23])
s_array_norm shape: torch.Size([100, 1])
t_array_norm shape: torch.Size([100, 1])
z_t_mol shape: torch.Size([900, 23])
s_array_norm shape: torch.Size([100, 1])
t_array_norm shape: torch.Size([100, 1])
z_t_mol shape: torch.Size([900, 23])
s_array_norm shape: torch.Size([100, 1])
t_array_norm shape: torch.Size([100, 1])
z_t_mol shape: torch.Size([900, 23])
s_array_norm shape: torch.Size([100, 1])
t_array_norm shape: torch.Size([100, 1])
z_t_mol shape: torch.Size([900, 23])
s_array_norm shape: torch.Size([100, 1])
t_array_norm shape: torch.Size([100, 1])
z_t_mol shape: torch.Size([900, 23])
s_array_norm shape: torch.Size([100, 1])
t_array_norm shape: torch.Size([100, 1])
z_t_mol shape: torch.Size([900, 23])
s_array_norm shape: torch.Size([100, 1])
t_array_norm shape: torch.Size([100, 1])
z_t_mol shape: torch.Size([900, 23])
s_array_norm shape: torch.Size([100, 1])
t_array_norm shape: torch.Size([100, 1])
z_t_mol shape: torch.Size([900, 23])
s_array_norm shape: torch.Size([100, 1])
t_array_norm shape: torch.Size([100, 1])
z_t_mol shape: torch.Size([900, 23])
s_array_norm shape: torch.Size([100, 1])
t_array_norm shape: torch.Size([100, 1])
z_t_mol shape: torch.Size([900, 23])
s_array_norm shape: torch.Size([100, 1])
t_array_norm shape: torch.Size([100, 1])
z_t_mol shape: torch.Size([900, 23])
s_array_norm shape: torch.Size([100, 1])
t_array_norm shape: torch.Size([100, 1])
z_t_mol shape: torch.Size([900, 23])
s_array_norm shape: torch.Size([100, 1])
t_array_norm shape: torch.Size([100, 1])
z_t_mol shape: torch.Size([900, 23])
s_array_norm shape: torch.Size([100, 1])
t_array_norm shape: torch.Size([100, 1])
z_t_mol shape: torch.Size([900, 23])
s_array_norm shape: torch.Size([100, 1])
t_array_norm shape: torch.Size([100, 1])
z_t_mol shape: torch.Size([900, 23])
s_array_norm shape: torch.Size([100, 1])
t_array_norm shape: torch.Size([100, 1])
z_t_mol shape: torch.Size([900, 23])
s_array_norm shape: torch.Size([100, 1])
t_array_norm shape: torch.Size([100, 1])
z_t_mol shape: torch.Size([900, 23])
s_array_norm shape: torch.Size([100, 1])
t_array_norm shape: torch.Size([100, 1])
z_t_mol shape: torch.Size([900, 23])
s_array_norm shape: torch.Size([100, 1])
t_array_norm shape: torch.Size([100, 1])
z_t_mol shape: torch.Size([900, 23])
s_array_norm shape: torch.Size([100, 1])
t_array_norm shape: torch.Size([100, 1])
z_t_mol shape: torch.Size([900, 23])
s_array_norm shape: torch.Size([100, 1])
t_array_norm shape: torch.Size([100, 1])
z_t_mol shape: torch.Size([900, 23])
s_array_norm shape: torch.Size([100, 1])
t_array_norm shape: torch.Size([100, 1])
z_t_mol shape: torch.Size([900, 23])
s_array_norm shape: torch.Size([100, 1])
t_array_norm shape: torch.Size([100, 1])
z_t_mol shape: torch.Size([900, 23])
s_array_norm shape: torch.Size([100, 1])
t_array_norm shape: torch.Size([100, 1])
z_t_mol shape: torch.Size([900, 23])
s_array_norm shape: torch.Size([100, 1])
t_array_norm shape: torch.Size([100, 1])
z_t_mol shape: torch.Size([900, 23])
s_array_norm shape: torch.Size([100, 1])
t_array_norm shape: torch.Size([100, 1])
z_t_mol shape: torch.Size([900, 23])
s_array_norm shape: torch.Size([100, 1])
t_array_norm shape: torch.Size([100, 1])
z_t_mol shape: torch.Size([900, 23])
s_array_norm shape: torch.Size([100, 1])
t_array_norm shape: torch.Size([100, 1])
z_t_mol shape: torch.Size([900, 23])
s_array_norm shape: torch.Size([100, 1])
t_array_norm shape: torch.Size([100, 1])
z_t_mol shape: torch.Size([900, 23])
s_array_norm shape: torch.Size([100, 1])
t_array_norm shape: torch.Size([100, 1])
z_t_mol shape: torch.Size([900, 23])
s_array_norm shape: torch.Size([100, 1])
t_array_norm shape: torch.Size([100, 1])
z_t_mol shape: torch.Size([900, 23])
s_array_norm shape: torch.Size([100, 1])
t_array_norm shape: torch.Size([100, 1])
z_t_mol shape: torch.Size([900, 23])
s_array_norm shape: torch.Size([100, 1])
t_array_norm shape: torch.Size([100, 1])
z_t_mol shape: torch.Size([900, 23])
s_array_norm shape: torch.Size([100, 1])
t_array_norm shape: torch.Size([100, 1])
z_t_mol shape: torch.Size([900, 23])
s_array_norm shape: torch.Size([100, 1])
t_array_norm shape: torch.Size([100, 1])
z_t_mol shape: torch.Size([900, 23])
s_array_norm shape: torch.Size([100, 1])
t_array_norm shape: torch.Size([100, 1])
z_t_mol shape: torch.Size([900, 23])
s_array_norm shape: torch.Size([100, 1])
t_array_norm shape: torch.Size([100, 1])
z_t_mol shape: torch.Size([900, 23])
s_array_norm shape: torch.Size([100, 1])
t_array_norm shape: torch.Size([100, 1])
z_t_mol shape: torch.Size([900, 23])
s_array_norm shape: torch.Size([100, 1])
t_array_norm shape: torch.Size([100, 1])
z_t_mol shape: torch.Size([900, 23])
s_array_norm shape: torch.Size([100, 1])
t_array_norm shape: torch.Size([100, 1])
z_t_mol shape: torch.Size([900, 23])
s_array_norm shape: torch.Size([100, 1])
t_array_norm shape: torch.Size([100, 1])
z_t_mol shape: torch.Size([900, 23])
s_array_norm shape: torch.Size([100, 1])
t_array_norm shape: torch.Size([100, 1])
z_t_mol shape: torch.Size([900, 23])
s_array_norm shape: torch.Size([100, 1])
t_array_norm shape: torch.Size([100, 1])
z_t_mol shape: torch.Size([900, 23])
s_array_norm shape: torch.Size([100, 1])
t_array_norm shape: torch.Size([100, 1])
z_t_mol shape: torch.Size([900, 23])
s_array_norm shape: torch.Size([100, 1])
t_array_norm shape: torch.Size([100, 1])
z_t_mol shape: torch.Size([900, 23])
s_array_norm shape: torch.Size([100, 1])
t_array_norm shape: torch.Size([100, 1])
z_t_mol shape: torch.Size([900, 23])
s_array_norm shape: torch.Size([100, 1])
t_array_norm shape: torch.Size([100, 1])
z_t_mol shape: torch.Size([900, 23])
s_array_norm shape: torch.Size([100, 1])
t_array_norm shape: torch.Size([100, 1])
z_t_mol shape: torch.Size([900, 23])
s_array_norm shape: torch.Size([100, 1])
t_array_norm shape: torch.Size([100, 1])
z_t_mol shape: torch.Size([900, 23])
s_array_norm shape: torch.Size([100, 1])
t_array_norm shape: torch.Size([100, 1])
z_t_mol shape: torch.Size([900, 23])
s_array_norm shape: torch.Size([100, 1])
t_array_norm shape: torch.Size([100, 1])
z_t_mol shape: torch.Size([900, 23])
s_array_norm shape: torch.Size([100, 1])
t_array_norm shape: torch.Size([100, 1])
z_t_mol shape: torch.Size([900, 23])
s_array_norm shape: torch.Size([100, 1])
t_array_norm shape: torch.Size([100, 1])
z_t_mol shape: torch.Size([900, 23])
s_array_norm shape: torch.Size([100, 1])
t_array_norm shape: torch.Size([100, 1])
z_t_mol shape: torch.Size([900, 23])
s_array_norm shape: torch.Size([100, 1])
t_array_norm shape: torch.Size([100, 1])
z_t_mol shape: torch.Size([900, 23])
s_array_norm shape: torch.Size([100, 1])
t_array_norm shape: torch.Size([100, 1])
z_t_mol shape: torch.Size([900, 23])
s_array_norm shape: torch.Size([100, 1])
t_array_norm shape: torch.Size([100, 1])
z_t_mol shape: torch.Size([900, 23])
s_array_norm shape: torch.Size([100, 1])
t_array_norm shape: torch.Size([100, 1])
z_t_mol shape: torch.Size([900, 23])
s_array_norm shape: torch.Size([100, 1])
t_array_norm shape: torch.Size([100, 1])
z_t_mol shape: torch.Size([900, 23])
s_array_norm shape: torch.Size([100, 1])
t_array_norm shape: torch.Size([100, 1])
z_t_mol shape: torch.Size([900, 23])
s_array_norm shape: torch.Size([100, 1])
t_array_norm shape: torch.Size([100, 1])
z_t_mol shape: torch.Size([900, 23])
s_array_norm shape: torch.Size([100, 1])
t_array_norm shape: torch.Size([100, 1])
z_t_mol shape: torch.Size([900, 23])
s_array_norm shape: torch.Size([100, 1])
t_array_norm shape: torch.Size([100, 1])
z_t_mol shape: torch.Size([900, 23])
s_array_norm shape: torch.Size([100, 1])
t_array_norm shape: torch.Size([100, 1])
z_t_mol shape: torch.Size([900, 23])
s_array_norm shape: torch.Size([100, 1])
t_array_norm shape: torch.Size([100, 1])
z_t_mol shape: torch.Size([900, 23])
s_array_norm shape: torch.Size([100, 1])
t_array_norm shape: torch.Size([100, 1])
z_t_mol shape: torch.Size([900, 23])
s_array_norm shape: torch.Size([100, 1])
t_array_norm shape: torch.Size([100, 1])
z_t_mol shape: torch.Size([900, 23])
s_array_norm shape: torch.Size([100, 1])
t_array_norm shape: torch.Size([100, 1])
z_t_mol shape: torch.Size([900, 23])
s_array_norm shape: torch.Size([100, 1])
t_array_norm shape: torch.Size([100, 1])
z_t_mol shape: torch.Size([900, 23])
s_array_norm shape: torch.Size([100, 1])
t_array_norm shape: torch.Size([100, 1])
z_t_mol shape: torch.Size([900, 23])
s_array_norm shape: torch.Size([100, 1])
t_array_norm shape: torch.Size([100, 1])
z_t_mol shape: torch.Size([900, 23])
s_array_norm shape: torch.Size([100, 1])
t_array_norm shape: torch.Size([100, 1])
z_t_mol shape: torch.Size([900, 23])
s_array_norm shape: torch.Size([100, 1])
t_array_norm shape: torch.Size([100, 1])
z_t_mol shape: torch.Size([900, 23])
s_array_norm shape: torch.Size([100, 1])
t_array_norm shape: torch.Size([100, 1])
z_t_mol shape: torch.Size([900, 23])
s_array_norm shape: torch.Size([100, 1])
t_array_norm shape: torch.Size([100, 1])
z_t_mol shape: torch.Size([900, 23])
s_array_norm shape: torch.Size([100, 1])
t_array_norm shape: torch.Size([100, 1])
z_t_mol shape: torch.Size([900, 23])
s_array_norm shape: torch.Size([100, 1])
t_array_norm shape: torch.Size([100, 1])
z_t_mol shape: torch.Size([900, 23])
s_array_norm shape: torch.Size([100, 1])
t_array_norm shape: torch.Size([100, 1])
z_t_mol shape: torch.Size([900, 23])
s_array_norm shape: torch.Size([100, 1])
t_array_norm shape: torch.Size([100, 1])
z_t_mol shape: torch.Size([900, 23])
s_array_norm shape: torch.Size([100, 1])
t_array_norm shape: torch.Size([100, 1])
z_t_mol shape: torch.Size([900, 23])
s_array_norm shape: torch.Size([100, 1])
t_array_norm shape: torch.Size([100, 1])
z_t_mol shape: torch.Size([900, 23])
s_array_norm shape: torch.Size([100, 1])
t_array_norm shape: torch.Size([100, 1])
z_t_mol shape: torch.Size([900, 23])
s_array_norm shape: torch.Size([100, 1])
t_array_norm shape: torch.Size([100, 1])
z_t_mol shape: torch.Size([900, 23])
s_array_norm shape: torch.Size([100, 1])
t_array_norm shape: torch.Size([100, 1])
z_t_mol shape: torch.Size([900, 23])
s_array_norm shape: torch.Size([100, 1])
t_array_norm shape: torch.Size([100, 1])
z_t_mol shape: torch.Size([900, 23])
s_array_norm shape: torch.Size([100, 1])
t_array_norm shape: torch.Size([100, 1])
z_t_mol shape: torch.Size([900, 23])
s_array_norm shape: torch.Size([100, 1])
t_array_norm shape: torch.Size([100, 1])
z_t_mol shape: torch.Size([900, 23])
s_array_norm shape: torch.Size([100, 1])
t_array_norm shape: torch.Size([100, 1])
z_t_mol shape: torch.Size([900, 23])
s_array_norm shape: torch.Size([100, 1])
t_array_norm shape: torch.Size([100, 1])
z_t_mol shape: torch.Size([900, 23])
s_array_norm shape: torch.Size([100, 1])
t_array_norm shape: torch.Size([100, 1])
z_t_mol shape: torch.Size([900, 23])
s_array_norm shape: torch.Size([100, 1])
t_array_norm shape: torch.Size([100, 1])
z_t_mol shape: torch.Size([900, 23])
s_array_norm shape: torch.Size([100, 1])
t_array_norm shape: torch.Size([100, 1])
z_t_mol shape: torch.Size([900, 23])
s_array_norm shape: torch.Size([100, 1])
t_array_norm shape: torch.Size([100, 1])
z_t_mol shape: torch.Size([900, 23])
s_array_norm shape: torch.Size([100, 1])
t_array_norm shape: torch.Size([100, 1])
z_t_mol shape: torch.Size([900, 23])
s_array_norm shape: torch.Size([100, 1])
t_array_norm shape: torch.Size([100, 1])
z_t_mol shape: torch.Size([900, 23])
s_array_norm shape: torch.Size([100, 1])
t_array_norm shape: torch.Size([100, 1])
z_t_mol shape: torch.Size([900, 23])
s_array_norm shape: torch.Size([100, 1])
t_array_norm shape: torch.Size([100, 1])
z_t_mol shape: torch.Size([900, 23])
After sampling time 10.094955921173096
len(saved_samples['rmse'])=20, rmse.shape=torch.Size([100])
Time: 10.09866738319397
Prior to sampling time 0.23899245262145996
s_array_norm shape: torch.Size([100, 1])
t_array_norm shape: torch.Size([100, 1])
z_t_mol shape: torch.Size([900, 23])
s_array_norm shape: torch.Size([100, 1])
t_array_norm shape: torch.Size([100, 1])
z_t_mol shape: torch.Size([900, 23])
s_array_norm shape: torch.Size([100, 1])
t_array_norm shape: torch.Size([100, 1])
z_t_mol shape: torch.Size([900, 23])
s_array_norm shape: torch.Size([100, 1])
t_array_norm shape: torch.Size([100, 1])
z_t_mol shape: torch.Size([900, 23])
s_array_norm shape: torch.Size([100, 1])
t_array_norm shape: torch.Size([100, 1])
z_t_mol shape: torch.Size([900, 23])
s_array_norm shape: torch.Size([100, 1])
t_array_norm shape: torch.Size([100, 1])
z_t_mol shape: torch.Size([900, 23])
s_array_norm shape: torch.Size([100, 1])
t_array_norm shape: torch.Size([100, 1])
z_t_mol shape: torch.Size([900, 23])
s_array_norm shape: torch.Size([100, 1])
t_array_norm shape: torch.Size([100, 1])
z_t_mol shape: torch.Size([900, 23])
s_array_norm shape: torch.Size([100, 1])
t_array_norm shape: torch.Size([100, 1])
z_t_mol shape: torch.Size([900, 23])
s_array_norm shape: torch.Size([100, 1])
t_array_norm shape: torch.Size([100, 1])
z_t_mol shape: torch.Size([900, 23])
s_array_norm shape: torch.Size([100, 1])
t_array_norm shape: torch.Size([100, 1])
z_t_mol shape: torch.Size([900, 23])
s_array_norm shape: torch.Size([100, 1])
t_array_norm shape: torch.Size([100, 1])
z_t_mol shape: torch.Size([900, 23])
s_array_norm shape: torch.Size([100, 1])
t_array_norm shape: torch.Size([100, 1])
z_t_mol shape: torch.Size([900, 23])
s_array_norm shape: torch.Size([100, 1])
t_array_norm shape: torch.Size([100, 1])
z_t_mol shape: torch.Size([900, 23])
s_array_norm shape: torch.Size([100, 1])
t_array_norm shape: torch.Size([100, 1])
z_t_mol shape: torch.Size([900, 23])
s_array_norm shape: torch.Size([100, 1])
t_array_norm shape: torch.Size([100, 1])
z_t_mol shape: torch.Size([900, 23])
s_array_norm shape: torch.Size([100, 1])
t_array_norm shape: torch.Size([100, 1])
z_t_mol shape: torch.Size([900, 23])
s_array_norm shape: torch.Size([100, 1])
t_array_norm shape: torch.Size([100, 1])
z_t_mol shape: torch.Size([900, 23])
s_array_norm shape: torch.Size([100, 1])
t_array_norm shape: torch.Size([100, 1])
z_t_mol shape: torch.Size([900, 23])
s_array_norm shape: torch.Size([100, 1])
t_array_norm shape: torch.Size([100, 1])
z_t_mol shape: torch.Size([900, 23])
s_array_norm shape: torch.Size([100, 1])
t_array_norm shape: torch.Size([100, 1])
z_t_mol shape: torch.Size([900, 23])
s_array_norm shape: torch.Size([100, 1])
t_array_norm shape: torch.Size([100, 1])
z_t_mol shape: torch.Size([900, 23])
s_array_norm shape: torch.Size([100, 1])
t_array_norm shape: torch.Size([100, 1])
z_t_mol shape: torch.Size([900, 23])
s_array_norm shape: torch.Size([100, 1])
t_array_norm shape: torch.Size([100, 1])
z_t_mol shape: torch.Size([900, 23])
s_array_norm shape: torch.Size([100, 1])
t_array_norm shape: torch.Size([100, 1])
z_t_mol shape: torch.Size([900, 23])
s_array_norm shape: torch.Size([100, 1])
t_array_norm shape: torch.Size([100, 1])
z_t_mol shape: torch.Size([900, 23])
s_array_norm shape: torch.Size([100, 1])
t_array_norm shape: torch.Size([100, 1])
z_t_mol shape: torch.Size([900, 23])
s_array_norm shape: torch.Size([100, 1])
t_array_norm shape: torch.Size([100, 1])
z_t_mol shape: torch.Size([900, 23])
s_array_norm shape: torch.Size([100, 1])
t_array_norm shape: torch.Size([100, 1])
z_t_mol shape: torch.Size([900, 23])
s_array_norm shape: torch.Size([100, 1])
t_array_norm shape: torch.Size([100, 1])
z_t_mol shape: torch.Size([900, 23])
s_array_norm shape: torch.Size([100, 1])
t_array_norm shape: torch.Size([100, 1])
z_t_mol shape: torch.Size([900, 23])
s_array_norm shape: torch.Size([100, 1])
t_array_norm shape: torch.Size([100, 1])
z_t_mol shape: torch.Size([900, 23])
s_array_norm shape: torch.Size([100, 1])
t_array_norm shape: torch.Size([100, 1])
z_t_mol shape: torch.Size([900, 23])
s_array_norm shape: torch.Size([100, 1])
t_array_norm shape: torch.Size([100, 1])
z_t_mol shape: torch.Size([900, 23])
s_array_norm shape: torch.Size([100, 1])
t_array_norm shape: torch.Size([100, 1])
z_t_mol shape: torch.Size([900, 23])
s_array_norm shape: torch.Size([100, 1])
t_array_norm shape: torch.Size([100, 1])
z_t_mol shape: torch.Size([900, 23])
s_array_norm shape: torch.Size([100, 1])
t_array_norm shape: torch.Size([100, 1])
z_t_mol shape: torch.Size([900, 23])
s_array_norm shape: torch.Size([100, 1])
t_array_norm shape: torch.Size([100, 1])
z_t_mol shape: torch.Size([900, 23])
s_array_norm shape: torch.Size([100, 1])
t_array_norm shape: torch.Size([100, 1])
z_t_mol shape: torch.Size([900, 23])
s_array_norm shape: torch.Size([100, 1])
t_array_norm shape: torch.Size([100, 1])
z_t_mol shape: torch.Size([900, 23])
s_array_norm shape: torch.Size([100, 1])
t_array_norm shape: torch.Size([100, 1])
z_t_mol shape: torch.Size([900, 23])
s_array_norm shape: torch.Size([100, 1])
t_array_norm shape: torch.Size([100, 1])
z_t_mol shape: torch.Size([900, 23])
s_array_norm shape: torch.Size([100, 1])
t_array_norm shape: torch.Size([100, 1])
z_t_mol shape: torch.Size([900, 23])
s_array_norm shape: torch.Size([100, 1])
t_array_norm shape: torch.Size([100, 1])
z_t_mol shape: torch.Size([900, 23])
s_array_norm shape: torch.Size([100, 1])
t_array_norm shape: torch.Size([100, 1])
z_t_mol shape: torch.Size([900, 23])
s_array_norm shape: torch.Size([100, 1])
t_array_norm shape: torch.Size([100, 1])
z_t_mol shape: torch.Size([900, 23])
s_array_norm shape: torch.Size([100, 1])
t_array_norm shape: torch.Size([100, 1])
z_t_mol shape: torch.Size([900, 23])
s_array_norm shape: torch.Size([100, 1])
t_array_norm shape: torch.Size([100, 1])
z_t_mol shape: torch.Size([900, 23])
s_array_norm shape: torch.Size([100, 1])
t_array_norm shape: torch.Size([100, 1])
z_t_mol shape: torch.Size([900, 23])
s_array_norm shape: torch.Size([100, 1])
t_array_norm shape: torch.Size([100, 1])
z_t_mol shape: torch.Size([900, 23])
s_array_norm shape: torch.Size([100, 1])
t_array_norm shape: torch.Size([100, 1])
z_t_mol shape: torch.Size([900, 23])
s_array_norm shape: torch.Size([100, 1])
t_array_norm shape: torch.Size([100, 1])
z_t_mol shape: torch.Size([900, 23])
s_array_norm shape: torch.Size([100, 1])
t_array_norm shape: torch.Size([100, 1])
z_t_mol shape: torch.Size([900, 23])
s_array_norm shape: torch.Size([100, 1])
t_array_norm shape: torch.Size([100, 1])
z_t_mol shape: torch.Size([900, 23])
s_array_norm shape: torch.Size([100, 1])
t_array_norm shape: torch.Size([100, 1])
z_t_mol shape: torch.Size([900, 23])
s_array_norm shape: torch.Size([100, 1])
t_array_norm shape: torch.Size([100, 1])
z_t_mol shape: torch.Size([900, 23])
s_array_norm shape: torch.Size([100, 1])
t_array_norm shape: torch.Size([100, 1])
z_t_mol shape: torch.Size([900, 23])
s_array_norm shape: torch.Size([100, 1])
t_array_norm shape: torch.Size([100, 1])
z_t_mol shape: torch.Size([900, 23])
s_array_norm shape: torch.Size([100, 1])
t_array_norm shape: torch.Size([100, 1])
z_t_mol shape: torch.Size([900, 23])
s_array_norm shape: torch.Size([100, 1])
t_array_norm shape: torch.Size([100, 1])
z_t_mol shape: torch.Size([900, 23])
s_array_norm shape: torch.Size([100, 1])
t_array_norm shape: torch.Size([100, 1])
z_t_mol shape: torch.Size([900, 23])
s_array_norm shape: torch.Size([100, 1])
t_array_norm shape: torch.Size([100, 1])
z_t_mol shape: torch.Size([900, 23])
s_array_norm shape: torch.Size([100, 1])
t_array_norm shape: torch.Size([100, 1])
z_t_mol shape: torch.Size([900, 23])
s_array_norm shape: torch.Size([100, 1])
t_array_norm shape: torch.Size([100, 1])
z_t_mol shape: torch.Size([900, 23])
s_array_norm shape: torch.Size([100, 1])
t_array_norm shape: torch.Size([100, 1])
z_t_mol shape: torch.Size([900, 23])
s_array_norm shape: torch.Size([100, 1])
t_array_norm shape: torch.Size([100, 1])
z_t_mol shape: torch.Size([900, 23])
s_array_norm shape: torch.Size([100, 1])
t_array_norm shape: torch.Size([100, 1])
z_t_mol shape: torch.Size([900, 23])
s_array_norm shape: torch.Size([100, 1])
t_array_norm shape: torch.Size([100, 1])
z_t_mol shape: torch.Size([900, 23])
s_array_norm shape: torch.Size([100, 1])
t_array_norm shape: torch.Size([100, 1])
z_t_mol shape: torch.Size([900, 23])
s_array_norm shape: torch.Size([100, 1])
t_array_norm shape: torch.Size([100, 1])
z_t_mol shape: torch.Size([900, 23])
s_array_norm shape: torch.Size([100, 1])
t_array_norm shape: torch.Size([100, 1])
z_t_mol shape: torch.Size([900, 23])
s_array_norm shape: torch.Size([100, 1])
t_array_norm shape: torch.Size([100, 1])
z_t_mol shape: torch.Size([900, 23])
s_array_norm shape: torch.Size([100, 1])
t_array_norm shape: torch.Size([100, 1])
z_t_mol shape: torch.Size([900, 23])
s_array_norm shape: torch.Size([100, 1])
t_array_norm shape: torch.Size([100, 1])
z_t_mol shape: torch.Size([900, 23])
s_array_norm shape: torch.Size([100, 1])
t_array_norm shape: torch.Size([100, 1])
z_t_mol shape: torch.Size([900, 23])
s_array_norm shape: torch.Size([100, 1])
t_array_norm shape: torch.Size([100, 1])
z_t_mol shape: torch.Size([900, 23])
s_array_norm shape: torch.Size([100, 1])
t_array_norm shape: torch.Size([100, 1])
z_t_mol shape: torch.Size([900, 23])
s_array_norm shape: torch.Size([100, 1])
t_array_norm shape: torch.Size([100, 1])
z_t_mol shape: torch.Size([900, 23])
s_array_norm shape: torch.Size([100, 1])
t_array_norm shape: torch.Size([100, 1])
z_t_mol shape: torch.Size([900, 23])
s_array_norm shape: torch.Size([100, 1])
t_array_norm shape: torch.Size([100, 1])
z_t_mol shape: torch.Size([900, 23])
s_array_norm shape: torch.Size([100, 1])
t_array_norm shape: torch.Size([100, 1])
z_t_mol shape: torch.Size([900, 23])
s_array_norm shape: torch.Size([100, 1])
t_array_norm shape: torch.Size([100, 1])
z_t_mol shape: torch.Size([900, 23])
s_array_norm shape: torch.Size([100, 1])
t_array_norm shape: torch.Size([100, 1])
z_t_mol shape: torch.Size([900, 23])
s_array_norm shape: torch.Size([100, 1])
t_array_norm shape: torch.Size([100, 1])
z_t_mol shape: torch.Size([900, 23])
s_array_norm shape: torch.Size([100, 1])
t_array_norm shape: torch.Size([100, 1])
z_t_mol shape: torch.Size([900, 23])
s_array_norm shape: torch.Size([100, 1])
t_array_norm shape: torch.Size([100, 1])
z_t_mol shape: torch.Size([900, 23])
s_array_norm shape: torch.Size([100, 1])
t_array_norm shape: torch.Size([100, 1])
z_t_mol shape: torch.Size([900, 23])
s_array_norm shape: torch.Size([100, 1])
t_array_norm shape: torch.Size([100, 1])
z_t_mol shape: torch.Size([900, 23])
s_array_norm shape: torch.Size([100, 1])
t_array_norm shape: torch.Size([100, 1])
z_t_mol shape: torch.Size([900, 23])
s_array_norm shape: torch.Size([100, 1])
t_array_norm shape: torch.Size([100, 1])
z_t_mol shape: torch.Size([900, 23])
s_array_norm shape: torch.Size([100, 1])
t_array_norm shape: torch.Size([100, 1])
z_t_mol shape: torch.Size([900, 23])
s_array_norm shape: torch.Size([100, 1])
t_array_norm shape: torch.Size([100, 1])
z_t_mol shape: torch.Size([900, 23])
s_array_norm shape: torch.Size([100, 1])
t_array_norm shape: torch.Size([100, 1])
z_t_mol shape: torch.Size([900, 23])
s_array_norm shape: torch.Size([100, 1])
t_array_norm shape: torch.Size([100, 1])
z_t_mol shape: torch.Size([900, 23])
s_array_norm shape: torch.Size([100, 1])
t_array_norm shape: torch.Size([100, 1])
z_t_mol shape: torch.Size([900, 23])
s_array_norm shape: torch.Size([100, 1])
t_array_norm shape: torch.Size([100, 1])
z_t_mol shape: torch.Size([900, 23])
s_array_norm shape: torch.Size([100, 1])
t_array_norm shape: torch.Size([100, 1])
z_t_mol shape: torch.Size([900, 23])
s_array_norm shape: torch.Size([100, 1])
t_array_norm shape: torch.Size([100, 1])
z_t_mol shape: torch.Size([900, 23])
s_array_norm shape: torch.Size([100, 1])
t_array_norm shape: torch.Size([100, 1])
z_t_mol shape: torch.Size([900, 23])
s_array_norm shape: torch.Size([100, 1])
t_array_norm shape: torch.Size([100, 1])
z_t_mol shape: torch.Size([900, 23])
After sampling time 10.156985998153687
len(saved_samples['rmse'])=30, rmse.shape=torch.Size([100])
Time: 10.161670923233032
Prior to sampling time 0.23801064491271973
s_array_norm shape: torch.Size([100, 1])
t_array_norm shape: torch.Size([100, 1])
z_t_mol shape: torch.Size([900, 23])
s_array_norm shape: torch.Size([100, 1])
t_array_norm shape: torch.Size([100, 1])
z_t_mol shape: torch.Size([900, 23])
s_array_norm shape: torch.Size([100, 1])
t_array_norm shape: torch.Size([100, 1])
z_t_mol shape: torch.Size([900, 23])
s_array_norm shape: torch.Size([100, 1])
t_array_norm shape: torch.Size([100, 1])
z_t_mol shape: torch.Size([900, 23])
s_array_norm shape: torch.Size([100, 1])
t_array_norm shape: torch.Size([100, 1])
z_t_mol shape: torch.Size([900, 23])
s_array_norm shape: torch.Size([100, 1])
t_array_norm shape: torch.Size([100, 1])
z_t_mol shape: torch.Size([900, 23])
s_array_norm shape: torch.Size([100, 1])
t_array_norm shape: torch.Size([100, 1])
z_t_mol shape: torch.Size([900, 23])
s_array_norm shape: torch.Size([100, 1])
t_array_norm shape: torch.Size([100, 1])
z_t_mol shape: torch.Size([900, 23])
s_array_norm shape: torch.Size([100, 1])
t_array_norm shape: torch.Size([100, 1])
z_t_mol shape: torch.Size([900, 23])
s_array_norm shape: torch.Size([100, 1])
t_array_norm shape: torch.Size([100, 1])
z_t_mol shape: torch.Size([900, 23])
s_array_norm shape: torch.Size([100, 1])
t_array_norm shape: torch.Size([100, 1])
z_t_mol shape: torch.Size([900, 23])
s_array_norm shape: torch.Size([100, 1])
t_array_norm shape: torch.Size([100, 1])
z_t_mol shape: torch.Size([900, 23])
s_array_norm shape: torch.Size([100, 1])
t_array_norm shape: torch.Size([100, 1])
z_t_mol shape: torch.Size([900, 23])
s_array_norm shape: torch.Size([100, 1])
t_array_norm shape: torch.Size([100, 1])
z_t_mol shape: torch.Size([900, 23])
s_array_norm shape: torch.Size([100, 1])
t_array_norm shape: torch.Size([100, 1])
z_t_mol shape: torch.Size([900, 23])
s_array_norm shape: torch.Size([100, 1])
t_array_norm shape: torch.Size([100, 1])
z_t_mol shape: torch.Size([900, 23])
s_array_norm shape: torch.Size([100, 1])
t_array_norm shape: torch.Size([100, 1])
z_t_mol shape: torch.Size([900, 23])
s_array_norm shape: torch.Size([100, 1])
t_array_norm shape: torch.Size([100, 1])
z_t_mol shape: torch.Size([900, 23])
s_array_norm shape: torch.Size([100, 1])
t_array_norm shape: torch.Size([100, 1])
z_t_mol shape: torch.Size([900, 23])
s_array_norm shape: torch.Size([100, 1])
t_array_norm shape: torch.Size([100, 1])
z_t_mol shape: torch.Size([900, 23])
s_array_norm shape: torch.Size([100, 1])
t_array_norm shape: torch.Size([100, 1])
z_t_mol shape: torch.Size([900, 23])
s_array_norm shape: torch.Size([100, 1])
t_array_norm shape: torch.Size([100, 1])
z_t_mol shape: torch.Size([900, 23])
s_array_norm shape: torch.Size([100, 1])
t_array_norm shape: torch.Size([100, 1])
z_t_mol shape: torch.Size([900, 23])
s_array_norm shape: torch.Size([100, 1])
t_array_norm shape: torch.Size([100, 1])
z_t_mol shape: torch.Size([900, 23])
s_array_norm shape: torch.Size([100, 1])
t_array_norm shape: torch.Size([100, 1])
z_t_mol shape: torch.Size([900, 23])
s_array_norm shape: torch.Size([100, 1])
t_array_norm shape: torch.Size([100, 1])
z_t_mol shape: torch.Size([900, 23])
s_array_norm shape: torch.Size([100, 1])
t_array_norm shape: torch.Size([100, 1])
z_t_mol shape: torch.Size([900, 23])
s_array_norm shape: torch.Size([100, 1])
t_array_norm shape: torch.Size([100, 1])
z_t_mol shape: torch.Size([900, 23])
s_array_norm shape: torch.Size([100, 1])
t_array_norm shape: torch.Size([100, 1])
z_t_mol shape: torch.Size([900, 23])
s_array_norm shape: torch.Size([100, 1])
t_array_norm shape: torch.Size([100, 1])
z_t_mol shape: torch.Size([900, 23])
s_array_norm shape: torch.Size([100, 1])
t_array_norm shape: torch.Size([100, 1])
z_t_mol shape: torch.Size([900, 23])
s_array_norm shape: torch.Size([100, 1])
t_array_norm shape: torch.Size([100, 1])
z_t_mol shape: torch.Size([900, 23])
s_array_norm shape: torch.Size([100, 1])
t_array_norm shape: torch.Size([100, 1])
z_t_mol shape: torch.Size([900, 23])
s_array_norm shape: torch.Size([100, 1])
t_array_norm shape: torch.Size([100, 1])
z_t_mol shape: torch.Size([900, 23])
s_array_norm shape: torch.Size([100, 1])
t_array_norm shape: torch.Size([100, 1])
z_t_mol shape: torch.Size([900, 23])
s_array_norm shape: torch.Size([100, 1])
t_array_norm shape: torch.Size([100, 1])
z_t_mol shape: torch.Size([900, 23])
s_array_norm shape: torch.Size([100, 1])
t_array_norm shape: torch.Size([100, 1])
z_t_mol shape: torch.Size([900, 23])
s_array_norm shape: torch.Size([100, 1])
t_array_norm shape: torch.Size([100, 1])
z_t_mol shape: torch.Size([900, 23])
s_array_norm shape: torch.Size([100, 1])
t_array_norm shape: torch.Size([100, 1])
z_t_mol shape: torch.Size([900, 23])
s_array_norm shape: torch.Size([100, 1])
t_array_norm shape: torch.Size([100, 1])
z_t_mol shape: torch.Size([900, 23])
s_array_norm shape: torch.Size([100, 1])
t_array_norm shape: torch.Size([100, 1])
z_t_mol shape: torch.Size([900, 23])
s_array_norm shape: torch.Size([100, 1])
t_array_norm shape: torch.Size([100, 1])
z_t_mol shape: torch.Size([900, 23])
s_array_norm shape: torch.Size([100, 1])
t_array_norm shape: torch.Size([100, 1])
z_t_mol shape: torch.Size([900, 23])
s_array_norm shape: torch.Size([100, 1])
t_array_norm shape: torch.Size([100, 1])
z_t_mol shape: torch.Size([900, 23])
s_array_norm shape: torch.Size([100, 1])
t_array_norm shape: torch.Size([100, 1])
z_t_mol shape: torch.Size([900, 23])
s_array_norm shape: torch.Size([100, 1])
t_array_norm shape: torch.Size([100, 1])
z_t_mol shape: torch.Size([900, 23])
s_array_norm shape: torch.Size([100, 1])
t_array_norm shape: torch.Size([100, 1])
z_t_mol shape: torch.Size([900, 23])
s_array_norm shape: torch.Size([100, 1])
t_array_norm shape: torch.Size([100, 1])
z_t_mol shape: torch.Size([900, 23])
s_array_norm shape: torch.Size([100, 1])
t_array_norm shape: torch.Size([100, 1])
z_t_mol shape: torch.Size([900, 23])
s_array_norm shape: torch.Size([100, 1])
t_array_norm shape: torch.Size([100, 1])
z_t_mol shape: torch.Size([900, 23])
s_array_norm shape: torch.Size([100, 1])
t_array_norm shape: torch.Size([100, 1])
z_t_mol shape: torch.Size([900, 23])
s_array_norm shape: torch.Size([100, 1])
t_array_norm shape: torch.Size([100, 1])
z_t_mol shape: torch.Size([900, 23])
s_array_norm shape: torch.Size([100, 1])
t_array_norm shape: torch.Size([100, 1])
z_t_mol shape: torch.Size([900, 23])
s_array_norm shape: torch.Size([100, 1])
t_array_norm shape: torch.Size([100, 1])
z_t_mol shape: torch.Size([900, 23])
s_array_norm shape: torch.Size([100, 1])
t_array_norm shape: torch.Size([100, 1])
z_t_mol shape: torch.Size([900, 23])
s_array_norm shape: torch.Size([100, 1])
t_array_norm shape: torch.Size([100, 1])
z_t_mol shape: torch.Size([900, 23])
s_array_norm shape: torch.Size([100, 1])
t_array_norm shape: torch.Size([100, 1])
z_t_mol shape: torch.Size([900, 23])
s_array_norm shape: torch.Size([100, 1])
t_array_norm shape: torch.Size([100, 1])
z_t_mol shape: torch.Size([900, 23])
s_array_norm shape: torch.Size([100, 1])
t_array_norm shape: torch.Size([100, 1])
z_t_mol shape: torch.Size([900, 23])
s_array_norm shape: torch.Size([100, 1])
t_array_norm shape: torch.Size([100, 1])
z_t_mol shape: torch.Size([900, 23])
s_array_norm shape: torch.Size([100, 1])
t_array_norm shape: torch.Size([100, 1])
z_t_mol shape: torch.Size([900, 23])
s_array_norm shape: torch.Size([100, 1])
t_array_norm shape: torch.Size([100, 1])
z_t_mol shape: torch.Size([900, 23])
s_array_norm shape: torch.Size([100, 1])
t_array_norm shape: torch.Size([100, 1])
z_t_mol shape: torch.Size([900, 23])
s_array_norm shape: torch.Size([100, 1])
t_array_norm shape: torch.Size([100, 1])
z_t_mol shape: torch.Size([900, 23])
s_array_norm shape: torch.Size([100, 1])
t_array_norm shape: torch.Size([100, 1])
z_t_mol shape: torch.Size([900, 23])
s_array_norm shape: torch.Size([100, 1])
t_array_norm shape: torch.Size([100, 1])
z_t_mol shape: torch.Size([900, 23])
s_array_norm shape: torch.Size([100, 1])
t_array_norm shape: torch.Size([100, 1])
z_t_mol shape: torch.Size([900, 23])
s_array_norm shape: torch.Size([100, 1])
t_array_norm shape: torch.Size([100, 1])
z_t_mol shape: torch.Size([900, 23])
s_array_norm shape: torch.Size([100, 1])
t_array_norm shape: torch.Size([100, 1])
z_t_mol shape: torch.Size([900, 23])
s_array_norm shape: torch.Size([100, 1])
t_array_norm shape: torch.Size([100, 1])
z_t_mol shape: torch.Size([900, 23])
s_array_norm shape: torch.Size([100, 1])
t_array_norm shape: torch.Size([100, 1])
z_t_mol shape: torch.Size([900, 23])
s_array_norm shape: torch.Size([100, 1])
t_array_norm shape: torch.Size([100, 1])
z_t_mol shape: torch.Size([900, 23])
s_array_norm shape: torch.Size([100, 1])
t_array_norm shape: torch.Size([100, 1])
z_t_mol shape: torch.Size([900, 23])
s_array_norm shape: torch.Size([100, 1])
t_array_norm shape: torch.Size([100, 1])
z_t_mol shape: torch.Size([900, 23])
s_array_norm shape: torch.Size([100, 1])
t_array_norm shape: torch.Size([100, 1])
z_t_mol shape: torch.Size([900, 23])
s_array_norm shape: torch.Size([100, 1])
t_array_norm shape: torch.Size([100, 1])
z_t_mol shape: torch.Size([900, 23])
s_array_norm shape: torch.Size([100, 1])
t_array_norm shape: torch.Size([100, 1])
z_t_mol shape: torch.Size([900, 23])
s_array_norm shape: torch.Size([100, 1])
t_array_norm shape: torch.Size([100, 1])
z_t_mol shape: torch.Size([900, 23])
s_array_norm shape: torch.Size([100, 1])
t_array_norm shape: torch.Size([100, 1])
z_t_mol shape: torch.Size([900, 23])
s_array_norm shape: torch.Size([100, 1])
t_array_norm shape: torch.Size([100, 1])
z_t_mol shape: torch.Size([900, 23])
s_array_norm shape: torch.Size([100, 1])
t_array_norm shape: torch.Size([100, 1])
z_t_mol shape: torch.Size([900, 23])
s_array_norm shape: torch.Size([100, 1])
t_array_norm shape: torch.Size([100, 1])
z_t_mol shape: torch.Size([900, 23])
s_array_norm shape: torch.Size([100, 1])
t_array_norm shape: torch.Size([100, 1])
z_t_mol shape: torch.Size([900, 23])
s_array_norm shape: torch.Size([100, 1])
t_array_norm shape: torch.Size([100, 1])
z_t_mol shape: torch.Size([900, 23])
s_array_norm shape: torch.Size([100, 1])
t_array_norm shape: torch.Size([100, 1])
z_t_mol shape: torch.Size([900, 23])
s_array_norm shape: torch.Size([100, 1])
t_array_norm shape: torch.Size([100, 1])
z_t_mol shape: torch.Size([900, 23])
s_array_norm shape: torch.Size([100, 1])
t_array_norm shape: torch.Size([100, 1])
z_t_mol shape: torch.Size([900, 23])
s_array_norm shape: torch.Size([100, 1])
t_array_norm shape: torch.Size([100, 1])
z_t_mol shape: torch.Size([900, 23])
s_array_norm shape: torch.Size([100, 1])
t_array_norm shape: torch.Size([100, 1])
z_t_mol shape: torch.Size([900, 23])
s_array_norm shape: torch.Size([100, 1])
t_array_norm shape: torch.Size([100, 1])
z_t_mol shape: torch.Size([900, 23])
s_array_norm shape: torch.Size([100, 1])
t_array_norm shape: torch.Size([100, 1])
z_t_mol shape: torch.Size([900, 23])
s_array_norm shape: torch.Size([100, 1])
t_array_norm shape: torch.Size([100, 1])
z_t_mol shape: torch.Size([900, 23])
s_array_norm shape: torch.Size([100, 1])
t_array_norm shape: torch.Size([100, 1])
z_t_mol shape: torch.Size([900, 23])
s_array_norm shape: torch.Size([100, 1])
t_array_norm shape: torch.Size([100, 1])
z_t_mol shape: torch.Size([900, 23])
s_array_norm shape: torch.Size([100, 1])
t_array_norm shape: torch.Size([100, 1])
z_t_mol shape: torch.Size([900, 23])
s_array_norm shape: torch.Size([100, 1])
t_array_norm shape: torch.Size([100, 1])
z_t_mol shape: torch.Size([900, 23])
s_array_norm shape: torch.Size([100, 1])
t_array_norm shape: torch.Size([100, 1])
z_t_mol shape: torch.Size([900, 23])
s_array_norm shape: torch.Size([100, 1])
t_array_norm shape: torch.Size([100, 1])
z_t_mol shape: torch.Size([900, 23])
s_array_norm shape: torch.Size([100, 1])
t_array_norm shape: torch.Size([100, 1])
z_t_mol shape: torch.Size([900, 23])
s_array_norm shape: torch.Size([100, 1])
t_array_norm shape: torch.Size([100, 1])
z_t_mol shape: torch.Size([900, 23])
After sampling time 9.994783401489258
len(saved_samples['rmse'])=40, rmse.shape=torch.Size([100])
Time: 9.99843692779541
Prior to sampling time 0.23597955703735352
s_array_norm shape: torch.Size([100, 1])
t_array_norm shape: torch.Size([100, 1])
z_t_mol shape: torch.Size([900, 23])
s_array_norm shape: torch.Size([100, 1])
t_array_norm shape: torch.Size([100, 1])
z_t_mol shape: torch.Size([900, 23])
s_array_norm shape: torch.Size([100, 1])
t_array_norm shape: torch.Size([100, 1])
z_t_mol shape: torch.Size([900, 23])
s_array_norm shape: torch.Size([100, 1])
t_array_norm shape: torch.Size([100, 1])
z_t_mol shape: torch.Size([900, 23])
s_array_norm shape: torch.Size([100, 1])
t_array_norm shape: torch.Size([100, 1])
z_t_mol shape: torch.Size([900, 23])
s_array_norm shape: torch.Size([100, 1])
t_array_norm shape: torch.Size([100, 1])
z_t_mol shape: torch.Size([900, 23])
s_array_norm shape: torch.Size([100, 1])
t_array_norm shape: torch.Size([100, 1])
z_t_mol shape: torch.Size([900, 23])
s_array_norm shape: torch.Size([100, 1])
t_array_norm shape: torch.Size([100, 1])
z_t_mol shape: torch.Size([900, 23])
s_array_norm shape: torch.Size([100, 1])
t_array_norm shape: torch.Size([100, 1])
z_t_mol shape: torch.Size([900, 23])
s_array_norm shape: torch.Size([100, 1])
t_array_norm shape: torch.Size([100, 1])
z_t_mol shape: torch.Size([900, 23])
s_array_norm shape: torch.Size([100, 1])
t_array_norm shape: torch.Size([100, 1])
z_t_mol shape: torch.Size([900, 23])
s_array_norm shape: torch.Size([100, 1])
t_array_norm shape: torch.Size([100, 1])
z_t_mol shape: torch.Size([900, 23])
s_array_norm shape: torch.Size([100, 1])
t_array_norm shape: torch.Size([100, 1])
z_t_mol shape: torch.Size([900, 23])
s_array_norm shape: torch.Size([100, 1])
t_array_norm shape: torch.Size([100, 1])
z_t_mol shape: torch.Size([900, 23])
s_array_norm shape: torch.Size([100, 1])
t_array_norm shape: torch.Size([100, 1])
z_t_mol shape: torch.Size([900, 23])
s_array_norm shape: torch.Size([100, 1])
t_array_norm shape: torch.Size([100, 1])
z_t_mol shape: torch.Size([900, 23])
s_array_norm shape: torch.Size([100, 1])
t_array_norm shape: torch.Size([100, 1])
z_t_mol shape: torch.Size([900, 23])
s_array_norm shape: torch.Size([100, 1])
t_array_norm shape: torch.Size([100, 1])
z_t_mol shape: torch.Size([900, 23])
s_array_norm shape: torch.Size([100, 1])
t_array_norm shape: torch.Size([100, 1])
z_t_mol shape: torch.Size([900, 23])
s_array_norm shape: torch.Size([100, 1])
t_array_norm shape: torch.Size([100, 1])
z_t_mol shape: torch.Size([900, 23])
s_array_norm shape: torch.Size([100, 1])
t_array_norm shape: torch.Size([100, 1])
z_t_mol shape: torch.Size([900, 23])
s_array_norm shape: torch.Size([100, 1])
t_array_norm shape: torch.Size([100, 1])
z_t_mol shape: torch.Size([900, 23])
s_array_norm shape: torch.Size([100, 1])
t_array_norm shape: torch.Size([100, 1])
z_t_mol shape: torch.Size([900, 23])
s_array_norm shape: torch.Size([100, 1])
t_array_norm shape: torch.Size([100, 1])
z_t_mol shape: torch.Size([900, 23])
s_array_norm shape: torch.Size([100, 1])
t_array_norm shape: torch.Size([100, 1])
z_t_mol shape: torch.Size([900, 23])
s_array_norm shape: torch.Size([100, 1])
t_array_norm shape: torch.Size([100, 1])
z_t_mol shape: torch.Size([900, 23])
s_array_norm shape: torch.Size([100, 1])
t_array_norm shape: torch.Size([100, 1])
z_t_mol shape: torch.Size([900, 23])
s_array_norm shape: torch.Size([100, 1])
t_array_norm shape: torch.Size([100, 1])
z_t_mol shape: torch.Size([900, 23])
s_array_norm shape: torch.Size([100, 1])
t_array_norm shape: torch.Size([100, 1])
z_t_mol shape: torch.Size([900, 23])
s_array_norm shape: torch.Size([100, 1])
t_array_norm shape: torch.Size([100, 1])
z_t_mol shape: torch.Size([900, 23])
s_array_norm shape: torch.Size([100, 1])
t_array_norm shape: torch.Size([100, 1])
z_t_mol shape: torch.Size([900, 23])
s_array_norm shape: torch.Size([100, 1])
t_array_norm shape: torch.Size([100, 1])
z_t_mol shape: torch.Size([900, 23])
s_array_norm shape: torch.Size([100, 1])
t_array_norm shape: torch.Size([100, 1])
z_t_mol shape: torch.Size([900, 23])
s_array_norm shape: torch.Size([100, 1])
t_array_norm shape: torch.Size([100, 1])
z_t_mol shape: torch.Size([900, 23])
s_array_norm shape: torch.Size([100, 1])
t_array_norm shape: torch.Size([100, 1])
z_t_mol shape: torch.Size([900, 23])
s_array_norm shape: torch.Size([100, 1])
t_array_norm shape: torch.Size([100, 1])
z_t_mol shape: torch.Size([900, 23])
s_array_norm shape: torch.Size([100, 1])
t_array_norm shape: torch.Size([100, 1])
z_t_mol shape: torch.Size([900, 23])
s_array_norm shape: torch.Size([100, 1])
t_array_norm shape: torch.Size([100, 1])
z_t_mol shape: torch.Size([900, 23])
s_array_norm shape: torch.Size([100, 1])
t_array_norm shape: torch.Size([100, 1])
z_t_mol shape: torch.Size([900, 23])
s_array_norm shape: torch.Size([100, 1])
t_array_norm shape: torch.Size([100, 1])
z_t_mol shape: torch.Size([900, 23])
s_array_norm shape: torch.Size([100, 1])
t_array_norm shape: torch.Size([100, 1])
z_t_mol shape: torch.Size([900, 23])
s_array_norm shape: torch.Size([100, 1])
t_array_norm shape: torch.Size([100, 1])
z_t_mol shape: torch.Size([900, 23])
s_array_norm shape: torch.Size([100, 1])
t_array_norm shape: torch.Size([100, 1])
z_t_mol shape: torch.Size([900, 23])
s_array_norm shape: torch.Size([100, 1])
t_array_norm shape: torch.Size([100, 1])
z_t_mol shape: torch.Size([900, 23])
s_array_norm shape: torch.Size([100, 1])
t_array_norm shape: torch.Size([100, 1])
z_t_mol shape: torch.Size([900, 23])
s_array_norm shape: torch.Size([100, 1])
t_array_norm shape: torch.Size([100, 1])
z_t_mol shape: torch.Size([900, 23])
s_array_norm shape: torch.Size([100, 1])
t_array_norm shape: torch.Size([100, 1])
z_t_mol shape: torch.Size([900, 23])
s_array_norm shape: torch.Size([100, 1])
t_array_norm shape: torch.Size([100, 1])
z_t_mol shape: torch.Size([900, 23])
s_array_norm shape: torch.Size([100, 1])
t_array_norm shape: torch.Size([100, 1])
z_t_mol shape: torch.Size([900, 23])
s_array_norm shape: torch.Size([100, 1])
t_array_norm shape: torch.Size([100, 1])
z_t_mol shape: torch.Size([900, 23])
s_array_norm shape: torch.Size([100, 1])
t_array_norm shape: torch.Size([100, 1])
z_t_mol shape: torch.Size([900, 23])
s_array_norm shape: torch.Size([100, 1])
t_array_norm shape: torch.Size([100, 1])
z_t_mol shape: torch.Size([900, 23])
s_array_norm shape: torch.Size([100, 1])
t_array_norm shape: torch.Size([100, 1])
z_t_mol shape: torch.Size([900, 23])
s_array_norm shape: torch.Size([100, 1])
t_array_norm shape: torch.Size([100, 1])
z_t_mol shape: torch.Size([900, 23])
s_array_norm shape: torch.Size([100, 1])
t_array_norm shape: torch.Size([100, 1])
z_t_mol shape: torch.Size([900, 23])
s_array_norm shape: torch.Size([100, 1])
t_array_norm shape: torch.Size([100, 1])
z_t_mol shape: torch.Size([900, 23])
s_array_norm shape: torch.Size([100, 1])
t_array_norm shape: torch.Size([100, 1])
z_t_mol shape: torch.Size([900, 23])
s_array_norm shape: torch.Size([100, 1])
t_array_norm shape: torch.Size([100, 1])
z_t_mol shape: torch.Size([900, 23])
s_array_norm shape: torch.Size([100, 1])
t_array_norm shape: torch.Size([100, 1])
z_t_mol shape: torch.Size([900, 23])
s_array_norm shape: torch.Size([100, 1])
t_array_norm shape: torch.Size([100, 1])
z_t_mol shape: torch.Size([900, 23])
s_array_norm shape: torch.Size([100, 1])
t_array_norm shape: torch.Size([100, 1])
z_t_mol shape: torch.Size([900, 23])
s_array_norm shape: torch.Size([100, 1])
t_array_norm shape: torch.Size([100, 1])
z_t_mol shape: torch.Size([900, 23])
s_array_norm shape: torch.Size([100, 1])
t_array_norm shape: torch.Size([100, 1])
z_t_mol shape: torch.Size([900, 23])
s_array_norm shape: torch.Size([100, 1])
t_array_norm shape: torch.Size([100, 1])
z_t_mol shape: torch.Size([900, 23])
s_array_norm shape: torch.Size([100, 1])
t_array_norm shape: torch.Size([100, 1])
z_t_mol shape: torch.Size([900, 23])
s_array_norm shape: torch.Size([100, 1])
t_array_norm shape: torch.Size([100, 1])
z_t_mol shape: torch.Size([900, 23])
s_array_norm shape: torch.Size([100, 1])
t_array_norm shape: torch.Size([100, 1])
z_t_mol shape: torch.Size([900, 23])
s_array_norm shape: torch.Size([100, 1])
t_array_norm shape: torch.Size([100, 1])
z_t_mol shape: torch.Size([900, 23])
s_array_norm shape: torch.Size([100, 1])
t_array_norm shape: torch.Size([100, 1])
z_t_mol shape: torch.Size([900, 23])
s_array_norm shape: torch.Size([100, 1])
t_array_norm shape: torch.Size([100, 1])
z_t_mol shape: torch.Size([900, 23])
s_array_norm shape: torch.Size([100, 1])
t_array_norm shape: torch.Size([100, 1])
z_t_mol shape: torch.Size([900, 23])
s_array_norm shape: torch.Size([100, 1])
t_array_norm shape: torch.Size([100, 1])
z_t_mol shape: torch.Size([900, 23])
s_array_norm shape: torch.Size([100, 1])
t_array_norm shape: torch.Size([100, 1])
z_t_mol shape: torch.Size([900, 23])
s_array_norm shape: torch.Size([100, 1])
t_array_norm shape: torch.Size([100, 1])
z_t_mol shape: torch.Size([900, 23])
s_array_norm shape: torch.Size([100, 1])
t_array_norm shape: torch.Size([100, 1])
z_t_mol shape: torch.Size([900, 23])
s_array_norm shape: torch.Size([100, 1])
t_array_norm shape: torch.Size([100, 1])
z_t_mol shape: torch.Size([900, 23])
s_array_norm shape: torch.Size([100, 1])
t_array_norm shape: torch.Size([100, 1])
z_t_mol shape: torch.Size([900, 23])
s_array_norm shape: torch.Size([100, 1])
t_array_norm shape: torch.Size([100, 1])
z_t_mol shape: torch.Size([900, 23])
s_array_norm shape: torch.Size([100, 1])
t_array_norm shape: torch.Size([100, 1])
z_t_mol shape: torch.Size([900, 23])
s_array_norm shape: torch.Size([100, 1])
t_array_norm shape: torch.Size([100, 1])
z_t_mol shape: torch.Size([900, 23])
s_array_norm shape: torch.Size([100, 1])
t_array_norm shape: torch.Size([100, 1])
z_t_mol shape: torch.Size([900, 23])
s_array_norm shape: torch.Size([100, 1])
t_array_norm shape: torch.Size([100, 1])
z_t_mol shape: torch.Size([900, 23])
s_array_norm shape: torch.Size([100, 1])
t_array_norm shape: torch.Size([100, 1])
z_t_mol shape: torch.Size([900, 23])
s_array_norm shape: torch.Size([100, 1])
t_array_norm shape: torch.Size([100, 1])
z_t_mol shape: torch.Size([900, 23])
s_array_norm shape: torch.Size([100, 1])
t_array_norm shape: torch.Size([100, 1])
z_t_mol shape: torch.Size([900, 23])
s_array_norm shape: torch.Size([100, 1])
t_array_norm shape: torch.Size([100, 1])
z_t_mol shape: torch.Size([900, 23])
s_array_norm shape: torch.Size([100, 1])
t_array_norm shape: torch.Size([100, 1])
z_t_mol shape: torch.Size([900, 23])
s_array_norm shape: torch.Size([100, 1])
t_array_norm shape: torch.Size([100, 1])
z_t_mol shape: torch.Size([900, 23])
s_array_norm shape: torch.Size([100, 1])
t_array_norm shape: torch.Size([100, 1])
z_t_mol shape: torch.Size([900, 23])
s_array_norm shape: torch.Size([100, 1])
t_array_norm shape: torch.Size([100, 1])
z_t_mol shape: torch.Size([900, 23])
s_array_norm shape: torch.Size([100, 1])
t_array_norm shape: torch.Size([100, 1])
z_t_mol shape: torch.Size([900, 23])
s_array_norm shape: torch.Size([100, 1])
t_array_norm shape: torch.Size([100, 1])
z_t_mol shape: torch.Size([900, 23])
s_array_norm shape: torch.Size([100, 1])
t_array_norm shape: torch.Size([100, 1])
z_t_mol shape: torch.Size([900, 23])
s_array_norm shape: torch.Size([100, 1])
t_array_norm shape: torch.Size([100, 1])
z_t_mol shape: torch.Size([900, 23])
s_array_norm shape: torch.Size([100, 1])
t_array_norm shape: torch.Size([100, 1])
z_t_mol shape: torch.Size([900, 23])
s_array_norm shape: torch.Size([100, 1])
t_array_norm shape: torch.Size([100, 1])
z_t_mol shape: torch.Size([900, 23])
s_array_norm shape: torch.Size([100, 1])
t_array_norm shape: torch.Size([100, 1])
z_t_mol shape: torch.Size([900, 23])
s_array_norm shape: torch.Size([100, 1])
t_array_norm shape: torch.Size([100, 1])
z_t_mol shape: torch.Size([900, 23])
s_array_norm shape: torch.Size([100, 1])
t_array_norm shape: torch.Size([100, 1])
z_t_mol shape: torch.Size([900, 23])
s_array_norm shape: torch.Size([100, 1])
t_array_norm shape: torch.Size([100, 1])
z_t_mol shape: torch.Size([900, 23])
After sampling time 10.19586706161499
len(saved_samples['rmse'])=50, rmse.shape=torch.Size([100])
Time: 10.199512720108032
Prior to sampling time 0.24100971221923828
s_array_norm shape: torch.Size([100, 1])
t_array_norm shape: torch.Size([100, 1])
z_t_mol shape: torch.Size([900, 23])
s_array_norm shape: torch.Size([100, 1])
t_array_norm shape: torch.Size([100, 1])
z_t_mol shape: torch.Size([900, 23])
s_array_norm shape: torch.Size([100, 1])
t_array_norm shape: torch.Size([100, 1])
z_t_mol shape: torch.Size([900, 23])
s_array_norm shape: torch.Size([100, 1])
t_array_norm shape: torch.Size([100, 1])
z_t_mol shape: torch.Size([900, 23])
s_array_norm shape: torch.Size([100, 1])
t_array_norm shape: torch.Size([100, 1])
z_t_mol shape: torch.Size([900, 23])
s_array_norm shape: torch.Size([100, 1])
t_array_norm shape: torch.Size([100, 1])
z_t_mol shape: torch.Size([900, 23])
s_array_norm shape: torch.Size([100, 1])
t_array_norm shape: torch.Size([100, 1])
z_t_mol shape: torch.Size([900, 23])
s_array_norm shape: torch.Size([100, 1])
t_array_norm shape: torch.Size([100, 1])
z_t_mol shape: torch.Size([900, 23])
s_array_norm shape: torch.Size([100, 1])
t_array_norm shape: torch.Size([100, 1])
z_t_mol shape: torch.Size([900, 23])
s_array_norm shape: torch.Size([100, 1])
t_array_norm shape: torch.Size([100, 1])
z_t_mol shape: torch.Size([900, 23])
s_array_norm shape: torch.Size([100, 1])
t_array_norm shape: torch.Size([100, 1])
z_t_mol shape: torch.Size([900, 23])
s_array_norm shape: torch.Size([100, 1])
t_array_norm shape: torch.Size([100, 1])
z_t_mol shape: torch.Size([900, 23])
s_array_norm shape: torch.Size([100, 1])
t_array_norm shape: torch.Size([100, 1])
z_t_mol shape: torch.Size([900, 23])
s_array_norm shape: torch.Size([100, 1])
t_array_norm shape: torch.Size([100, 1])
z_t_mol shape: torch.Size([900, 23])
s_array_norm shape: torch.Size([100, 1])
t_array_norm shape: torch.Size([100, 1])
z_t_mol shape: torch.Size([900, 23])
s_array_norm shape: torch.Size([100, 1])
t_array_norm shape: torch.Size([100, 1])
z_t_mol shape: torch.Size([900, 23])
s_array_norm shape: torch.Size([100, 1])
t_array_norm shape: torch.Size([100, 1])
z_t_mol shape: torch.Size([900, 23])
srun: Job step aborted: Waiting up to 32 seconds for job step to finish.
[2026-01-06T13:34:22.485] error: *** JOB 18101495 ON gcn28 CANCELLED AT 2026-01-06T13:34:22 DUE to SIGNAL Terminated ***
[2026-01-06T13:34:22.486] error: *** STEP 18101495.0 ON gcn28 CANCELLED AT 2026-01-06T13:34:22 DUE to SIGNAL Terminated ***
