============================================================================================== 
Warning! Mixing Conda and module environments may lead to corruption of the
user environment. 
We do not recommend users mixing those two environments unless absolutely
necessary. Note that 
SURF does not provide any support for Conda environment.
For more information, please refer to our software policy page:
https://servicedesk.surf.nl/wiki/display/WIKI/Software+policy+Snellius#SoftwarepolicySnellius-UseofAnacondaandMinicondaenvironmentsonSnellius 

Remember that many packages have already been installed on the system and can
be loaded using 
the 'module load <package__name>' command. If you are uncertain if a package is
already available 
on the system, please use 'module avail' or 'module spider' to search for it.
============================================================================================== 
/home/rhutter/.conda/envs/mhcdiff/lib/python3.10/site-packages/lightning_lite/__init__.py:29: UserWarning: pkg_resources is deprecated as an API. See https://setuptools.pypa.io/en/latest/pkg_resources.html. The pkg_resources package is slated for removal as early as 2025-11-30. Refrain from using this package or pin to Setuptools<81.
  __import__("pkg_resources").declare_namespace(__name__)
Loading dataset from /scratch-shared/roos/preprocessed/BA_cluster1.hdf5...
Loaded 787 entries from test split.
dataset_variance=tensor([47.1587,  5.7372,  1.9015])
len(test_dataset)=787
Prior to sampling time 0.24708080291748047
After sampling time 47.090808629989624
len(saved_samples['rmse'])=10, rmse.shape=torch.Size([100])
Time: 47.09514260292053
Prior to sampling time 0.24239802360534668
After sampling time 45.73881483078003
len(saved_samples['rmse'])=20, rmse.shape=torch.Size([100])
Time: 45.742814779281616
Prior to sampling time 0.24380874633789062
After sampling time 46.03760313987732
len(saved_samples['rmse'])=30, rmse.shape=torch.Size([100])
Time: 46.04250502586365
Prior to sampling time 0.2403881549835205
After sampling time 46.02591133117676
len(saved_samples['rmse'])=40, rmse.shape=torch.Size([100])
Time: 46.02976155281067
Prior to sampling time 0.24043846130371094
After sampling time 46.45977759361267
len(saved_samples['rmse'])=50, rmse.shape=torch.Size([100])
Time: 46.463533878326416
Prior to sampling time 0.2424314022064209
After sampling time 46.21278929710388
len(saved_samples['rmse'])=60, rmse.shape=torch.Size([100])
Time: 46.21661734580994
Prior to sampling time 0.34038472175598145
After sampling time 46.310060262680054
len(saved_samples['rmse'])=70, rmse.shape=torch.Size([100])
Time: 46.31398963928223
Prior to sampling time 0.2411344051361084
After sampling time 46.153950929641724
len(saved_samples['rmse'])=80, rmse.shape=torch.Size([100])
Time: 46.15804743766785
Prior to sampling time 0.24317479133605957
After sampling time 46.366716146469116
len(saved_samples['rmse'])=90, rmse.shape=torch.Size([100])
Time: 46.3717098236084
Prior to sampling time 0.24292826652526855
After sampling time 46.426612854003906
len(saved_samples['rmse'])=100, rmse.shape=torch.Size([100])
Time: 46.43048572540283
Prior to sampling time 0.2405540943145752
After sampling time 46.09634041786194
len(saved_samples['rmse'])=110, rmse.shape=torch.Size([100])
Time: 46.10022449493408
Prior to sampling time 0.2410292625427246
After sampling time 46.10918641090393
len(saved_samples['rmse'])=120, rmse.shape=torch.Size([100])
Time: 46.113009214401245
Prior to sampling time 0.24388718605041504
After sampling time 46.863786697387695
len(saved_samples['rmse'])=130, rmse.shape=torch.Size([100])
Time: 46.86870336532593
Prior to sampling time 0.24095606803894043
After sampling time 46.378920793533325
len(saved_samples['rmse'])=140, rmse.shape=torch.Size([100])
Time: 46.38279747962952
Prior to sampling time 0.24161362648010254
After sampling time 46.508681774139404
len(saved_samples['rmse'])=150, rmse.shape=torch.Size([100])
Time: 46.512489795684814
Prior to sampling time 0.24193167686462402
After sampling time 45.32410764694214
len(saved_samples['rmse'])=160, rmse.shape=torch.Size([100])
Time: 45.32795023918152
Prior to sampling time 0.2429211139678955
After sampling time 46.289510011672974
len(saved_samples['rmse'])=170, rmse.shape=torch.Size([100])
Time: 46.29343390464783
Prior to sampling time 0.24138879776000977
After sampling time 45.93159246444702
len(saved_samples['rmse'])=180, rmse.shape=torch.Size([100])
Time: 45.935539960861206
Prior to sampling time 0.2418959140777588
After sampling time 46.278730392456055
len(saved_samples['rmse'])=190, rmse.shape=torch.Size([100])
Time: 46.28373980522156
Prior to sampling time 0.2421565055847168
After sampling time 46.63092637062073
len(saved_samples['rmse'])=200, rmse.shape=torch.Size([100])
Time: 46.634814977645874
Prior to sampling time 0.24226665496826172
After sampling time 46.9176812171936
len(saved_samples['rmse'])=210, rmse.shape=torch.Size([100])
Time: 46.921520948410034
Prior to sampling time 0.24341225624084473
After sampling time 46.56085515022278
len(saved_samples['rmse'])=220, rmse.shape=torch.Size([100])
Time: 46.56472992897034
Prior to sampling time 0.2425084114074707
After sampling time 45.451435565948486
len(saved_samples['rmse'])=230, rmse.shape=torch.Size([100])
Time: 45.45639896392822
Prior to sampling time 0.24097466468811035
After sampling time 45.9074010848999
len(saved_samples['rmse'])=240, rmse.shape=torch.Size([100])
Time: 45.91128087043762
Prior to sampling time 0.24248003959655762
After sampling time 45.890202045440674
len(saved_samples['rmse'])=250, rmse.shape=torch.Size([100])
Time: 45.894060373306274
Prior to sampling time 0.24231410026550293
After sampling time 46.77253270149231
len(saved_samples['rmse'])=260, rmse.shape=torch.Size([100])
Time: 46.77637529373169
Prior to sampling time 0.24381732940673828
After sampling time 46.10914945602417
len(saved_samples['rmse'])=270, rmse.shape=torch.Size([100])
Time: 46.113014698028564
Prior to sampling time 0.2414684295654297
srun: Job step aborted: Waiting up to 32 seconds for job step to finish.
[2026-01-13T12:36:52.752] error: *** JOB 18287276 ON gcn15 CANCELLED AT 2026-01-13T12:36:52 DUE to SIGNAL Terminated ***
[2026-01-13T12:36:52.753] error: *** STEP 18287276.0 ON gcn15 CANCELLED AT 2026-01-13T12:36:52 DUE to SIGNAL Terminated ***
