============================================================================================== 

Warning! Mixing Conda and module environments may lead to corruption of the
user environment. 
We do not recommend users mixing those two environments unless absolutely
necessary. Note that 
SURF does not provide any support for Conda environment.
For more information, please refer to our software policy page:
https://servicedesk.surf.nl/wiki/display/WIKI/Software+policy+Snellius#SoftwarepolicySnellius-UseofAnacondaandMinicondaenvironmentsonSnellius 

Remember that many packages have already been installed on the system and can
be loaded using 
the 'module load <package__name>' command. If you are uncertain if a package is
already available 
on the system, please use 'module avail' or 'module spider' to search for it.
============================================================================================== 
/home/rhutter/.conda/envs/mhcdiff/lib/python3.10/site-packages/lightning_lite/__init__.py:29: UserWarning: pkg_resources is deprecated as an API. See https://setuptools.pypa.io/en/latest/pkg_resources.html. The pkg_resources package is slated for removal as early as 2025-11-30. Refrain from using this package or pin to Setuptools<81.
  __import__("pkg_resources").declare_namespace(__name__)
/home/rhutter/.conda/envs/mhcdiff/lib/python3.10/site-packages/torchvision/io/image.py:13: UserWarning: Failed to load image Python extension: Could not load this library: /gpfs/home3/rhutter/.conda/envs/mhcdiff/lib/python3.10/site-packages/torchvision/image.so
  warn(f"Failed to load image Python extension: {e}")
Traceback (most recent call last):
  File "/gpfs/home3/rhutter/MHC-Diff/train.py", line 10, in <module>
    import pytorch_lightning as pl
  File "/home/rhutter/.conda/envs/mhcdiff/lib/python3.10/site-packages/pytorch_lightning/__init__.py", line 35, in <module>
    from pytorch_lightning.callbacks import Callback  # noqa: E402
  File "/home/rhutter/.conda/envs/mhcdiff/lib/python3.10/site-packages/pytorch_lightning/callbacks/__init__.py", line 14, in <module>
    from pytorch_lightning.callbacks.batch_size_finder import BatchSizeFinder
  File "/home/rhutter/.conda/envs/mhcdiff/lib/python3.10/site-packages/pytorch_lightning/callbacks/batch_size_finder.py", line 24, in <module>
    from pytorch_lightning.callbacks.callback import Callback
  File "/home/rhutter/.conda/envs/mhcdiff/lib/python3.10/site-packages/pytorch_lightning/callbacks/callback.py", line 25, in <module>
    from pytorch_lightning.utilities.types import STEP_OUTPUT
  File "/home/rhutter/.conda/envs/mhcdiff/lib/python3.10/site-packages/pytorch_lightning/utilities/types.py", line 27, in <module>
    from torchmetrics import Metric
  File "/home/rhutter/.conda/envs/mhcdiff/lib/python3.10/site-packages/torchmetrics/__init__.py", line 37, in <module>
    from torchmetrics import functional  # noqa: E402
  File "/home/rhutter/.conda/envs/mhcdiff/lib/python3.10/site-packages/torchmetrics/functional/__init__.py", line 56, in <module>
    from torchmetrics.functional.image._deprecated import (
  File "/home/rhutter/.conda/envs/mhcdiff/lib/python3.10/site-packages/torchmetrics/functional/image/__init__.py", line 14, in <module>
    from torchmetrics.functional.image.arniqa import arniqa
  File "/home/rhutter/.conda/envs/mhcdiff/lib/python3.10/site-packages/torchmetrics/functional/image/arniqa.py", line 31, in <module>
    from torchvision import transforms
  File "/home/rhutter/.conda/envs/mhcdiff/lib/python3.10/site-packages/torchvision/__init__.py", line 5, in <module>
    from torchvision import datasets, io, models, ops, transforms, utils
  File "/home/rhutter/.conda/envs/mhcdiff/lib/python3.10/site-packages/torchvision/models/__init__.py", line 2, in <module>
    from .convnext import *
  File "/home/rhutter/.conda/envs/mhcdiff/lib/python3.10/site-packages/torchvision/models/convnext.py", line 8, in <module>
    from ..ops.misc import Conv2dNormActivation, Permute
  File "/home/rhutter/.conda/envs/mhcdiff/lib/python3.10/site-packages/torchvision/ops/__init__.py", line 30, in <module>
    _register_custom_op()
  File "/home/rhutter/.conda/envs/mhcdiff/lib/python3.10/site-packages/torchvision/ops/_register_onnx_ops.py", line 12, in _register_custom_op
    from torch.onnx.symbolic_opset9 import _cast_Long
ImportError: cannot import name '_cast_Long' from 'torch.onnx.symbolic_opset9' (/home/rhutter/.conda/envs/mhcdiff/lib/python3.10/site-packages/torch/onnx/symbolic_opset9.py)
srun: error: gcn5: task 0: Exited with exit code 1
srun: Terminating StepId=17352683.0
