============================================================================================== 
Warning! Mixing Conda and module environments may lead to corruption of the
user environment. 
We do not recommend users mixing those two environments unless absolutely
necessary. Note that 
SURF does not provide any support for Conda environment.
For more information, please refer to our software policy page:
https://servicedesk.surf.nl/wiki/display/WIKI/Software+policy+Snellius#SoftwarepolicySnellius-UseofAnacondaandMinicondaenvironmentsonSnellius 

Remember that many packages have already been installed on the system and can
be loaded using 
the 'module load <package__name>' command. If you are uncertain if a package is
already available 
on the system, please use 'module avail' or 'module spider' to search for it.
============================================================================================== 
/home/rhutter/.conda/envs/mhcdiff/lib/python3.10/site-packages/lightning_lite/__init__.py:29: UserWarning: pkg_resources is deprecated as an API. See https://setuptools.pypa.io/en/latest/pkg_resources.html. The pkg_resources package is slated for removal as early as 2025-11-30. Refrain from using this package or pin to Setuptools<81.
  __import__("pkg_resources").declare_namespace(__name__)
Loading dataset from /scratch-shared/roos/preprocessed/BA_cluster1.hdf5...
Loaded 787 entries from test split.
tensor([47.1587,  5.7372,  1.9015])
787
Prior to sampling time 0.24702668190002441
After sampling time 6.949504375457764
10 torch.Size([100])
Time: 6.953441858291626
Prior to sampling time 0.24573206901550293
After sampling time 5.926103591918945
20 torch.Size([100])
Time: 5.929795742034912
Prior to sampling time 0.2449781894683838
After sampling time 5.926272869110107
30 torch.Size([100])
Time: 5.930952310562134
Prior to sampling time 0.42105579376220703
After sampling time 6.225769996643066
40 torch.Size([100])
Time: 6.229397773742676
Prior to sampling time 0.24270153045654297
After sampling time 6.136327743530273
50 torch.Size([100])
Time: 6.1399383544921875
Prior to sampling time 0.24558353424072266
After sampling time 5.905150890350342
60 torch.Size([100])
Time: 5.908804178237915
Prior to sampling time 0.3723628520965576
After sampling time 6.004659414291382
70 torch.Size([100])
Time: 6.008291482925415
Prior to sampling time 0.24286341667175293
After sampling time 5.948849439620972
80 torch.Size([100])
Time: 5.9525392055511475
Prior to sampling time 0.24689579010009766
After sampling time 5.894881725311279
90 torch.Size([100])
Time: 5.899703502655029
Prior to sampling time 0.2455902099609375
After sampling time 5.935774803161621
100 torch.Size([100])
Time: 5.939455270767212
Prior to sampling time 0.24440932273864746
After sampling time 5.939686059951782
110 torch.Size([100])
Time: 5.943329095840454
Prior to sampling time 0.2442173957824707
After sampling time 5.9584479331970215
120 torch.Size([100])
Time: 5.962096929550171
Prior to sampling time 0.2472364902496338
After sampling time 5.948702096939087
130 torch.Size([100])
Time: 5.95342493057251
Prior to sampling time 0.2395634651184082
After sampling time 5.8914103507995605
140 torch.Size([100])
Time: 5.895031452178955
Prior to sampling time 0.24082016944885254
After sampling time 5.982217073440552
150 torch.Size([100])
Time: 5.98580527305603
Prior to sampling time 0.24202704429626465
After sampling time 5.830057621002197
160 torch.Size([100])
Time: 5.833678960800171
Prior to sampling time 0.34584856033325195
After sampling time 5.9653215408325195
170 torch.Size([100])
Time: 5.968937635421753
Prior to sampling time 0.24099326133728027
After sampling time 5.84036111831665
180 torch.Size([100])
Time: 5.844043970108032
Prior to sampling time 0.24219775199890137
After sampling time 5.83935546875
190 torch.Size([100])
Time: 5.844061613082886
Prior to sampling time 0.2412881851196289
After sampling time 5.851585865020752
200 torch.Size([100])
Time: 5.8551952838897705
Prior to sampling time 0.24370574951171875
After sampling time 5.894842624664307
210 torch.Size([100])
Time: 5.89850115776062
Prior to sampling time 0.2443251609802246
After sampling time 5.86579155921936
220 torch.Size([100])
Time: 5.869481325149536
Prior to sampling time 0.24469971656799316
After sampling time 5.871105909347534
230 torch.Size([100])
Time: 5.875816583633423
Prior to sampling time 0.24347639083862305
After sampling time 5.869476795196533
240 torch.Size([100])
Time: 5.873091220855713
Prior to sampling time 0.242401123046875
After sampling time 6.06724214553833
250 torch.Size([100])
Time: 6.0708441734313965
Prior to sampling time 0.24455714225769043
After sampling time 5.930312156677246
260 torch.Size([100])
Time: 5.934016466140747
Prior to sampling time 0.24609971046447754
After sampling time 5.9867775440216064
270 torch.Size([100])
Time: 5.990432024002075
Prior to sampling time 0.24303460121154785
After sampling time 5.950874328613281
280 torch.Size([100])
Time: 5.954616546630859
Prior to sampling time 0.24591588973999023
After sampling time 5.962368726730347
290 torch.Size([100])
Time: 5.966101169586182
Prior to sampling time 0.24459004402160645
After sampling time 5.884350538253784
300 torch.Size([100])
Time: 5.88801908493042
Prior to sampling time 0.44271349906921387
After sampling time 6.088077068328857
310 torch.Size([100])
Time: 6.09174919128418
Prior to sampling time 0.24339747428894043
After sampling time 5.9504899978637695
320 torch.Size([100])
Time: 5.9541637897491455
Prior to sampling time 0.24674344062805176
After sampling time 5.937780380249023
330 torch.Size([100])
Time: 5.941479682922363
Prior to sampling time 0.2449190616607666
After sampling time 5.867615699768066
340 torch.Size([100])
Time: 5.872381925582886
Prior to sampling time 0.24416708946228027
After sampling time 5.876636028289795
350 torch.Size([100])
Time: 5.880339860916138
Prior to sampling time 0.2450716495513916
After sampling time 5.854476690292358
360 torch.Size([100])
Time: 5.858124494552612
Prior to sampling time 0.24343299865722656
After sampling time 6.022685766220093
370 torch.Size([100])
Time: 6.026235103607178
Prior to sampling time 0.2426767349243164
After sampling time 5.857552766799927
380 torch.Size([100])
Time: 5.861177682876587
Prior to sampling time 0.2441420555114746
After sampling time 5.847825050354004
390 torch.Size([100])
Time: 5.851414918899536
Prior to sampling time 0.2458488941192627
After sampling time 5.86254358291626
400 torch.Size([100])
Time: 5.866260528564453
Prior to sampling time 0.3537018299102783
After sampling time 5.975896835327148
410 torch.Size([100])
Time: 5.979608774185181
Prior to sampling time 0.24289274215698242
After sampling time 5.839017391204834
420 torch.Size([100])
Time: 5.842645168304443
Prior to sampling time 0.24617290496826172
After sampling time 5.834738731384277
430 torch.Size([100])
Time: 5.83859658241272
Prior to sampling time 0.2443394660949707
After sampling time 5.903759717941284
440 torch.Size([100])
Time: 5.907406330108643
Prior to sampling time 0.24463915824890137
After sampling time 5.9031548500061035
450 torch.Size([100])
Time: 5.906814098358154
Prior to sampling time 0.24355649948120117
After sampling time 5.893683195114136
460 torch.Size([100])
Time: 5.8973469734191895
Prior to sampling time 0.24360418319702148
After sampling time 5.848583936691284
470 torch.Size([100])
Time: 5.852238178253174
Prior to sampling time 0.241102933883667
After sampling time 5.8414130210876465
480 torch.Size([100])
Time: 5.8451149463653564
Prior to sampling time 0.2430586814880371
After sampling time 6.00920033454895
490 torch.Size([100])
Time: 6.01280665397644
Prior to sampling time 0.24773883819580078
After sampling time 6.032479763031006
500 torch.Size([100])
Time: 6.036204814910889
Prior to sampling time 0.34482431411743164
After sampling time 6.011415004730225
510 torch.Size([100])
Time: 6.015161752700806
Prior to sampling time 0.24447417259216309
After sampling time 5.866537094116211
520 torch.Size([100])
Time: 5.871468544006348
Prior to sampling time 0.24617338180541992
After sampling time 5.9348227977752686
530 torch.Size([100])
Time: 5.939903974533081
Prior to sampling time 0.24436664581298828
After sampling time 5.9794652462005615
540 torch.Size([100])
Time: 5.983166933059692
Prior to sampling time 0.24230003356933594
After sampling time 5.921083211898804
550 torch.Size([100])
Time: 5.924736261367798
Prior to sampling time 0.24317336082458496
After sampling time 5.837321758270264
560 torch.Size([100])
Time: 5.841012716293335
Prior to sampling time 0.2445056438446045
After sampling time 5.81244158744812
570 torch.Size([100])
Time: 5.81609320640564
Prior to sampling time 0.2405850887298584
After sampling time 5.775707244873047
580 torch.Size([100])
Time: 5.779385089874268
Prior to sampling time 0.241807222366333
After sampling time 5.801429271697998
590 torch.Size([100])
Time: 5.805163383483887
Prior to sampling time 0.24240875244140625
After sampling time 5.840737819671631
600 torch.Size([100])
Time: 5.844390392303467
Prior to sampling time 0.4132256507873535
After sampling time 6.0390565395355225
610 torch.Size([100])
Time: 6.042700290679932
Prior to sampling time 0.24084186553955078
After sampling time 5.9137938022613525
620 torch.Size([100])
Time: 5.917342901229858
Prior to sampling time 0.2422773838043213
After sampling time 5.873748064041138
630 torch.Size([100])
Time: 5.878561735153198
Prior to sampling time 0.24189496040344238
After sampling time 5.83320689201355
640 torch.Size([100])
Time: 5.838190078735352
Prior to sampling time 0.24128413200378418
After sampling time 5.833781957626343
650 torch.Size([100])
Time: 5.837414503097534
Prior to sampling time 0.2414402961730957
After sampling time 5.817609786987305
660 torch.Size([100])
Time: 5.8213090896606445
Prior to sampling time 0.35188865661621094
After sampling time 6.039641857147217
670 torch.Size([100])
Time: 6.044414281845093
Prior to sampling time 0.239210844039917
After sampling time 5.795272350311279
680 torch.Size([100])
Time: 5.798930644989014
Prior to sampling time 0.24249744415283203
After sampling time 5.919912099838257
690 torch.Size([100])
Time: 5.923625230789185
Prior to sampling time 0.2422482967376709
After sampling time 5.896646022796631
700 torch.Size([100])
Time: 5.901504755020142
Prior to sampling time 0.30124807357788086
After sampling time 5.961922645568848
710 torch.Size([100])
Time: 5.96561861038208
Prior to sampling time 0.24049973487854004
After sampling time 5.8591468334198
720 torch.Size([100])
Time: 5.862812757492065
Prior to sampling time 0.2430107593536377
After sampling time 5.883603096008301
730 torch.Size([100])
Time: 5.888370037078857
Prior to sampling time 0.23966407775878906
After sampling time 5.870107412338257
740 torch.Size([100])
Time: 5.8737733364105225
Prior to sampling time 0.23846840858459473
After sampling time 5.959213495254517
750 torch.Size([100])
Time: 5.962711334228516
Prior to sampling time 0.24015283584594727
After sampling time 5.860128879547119
760 torch.Size([100])
Time: 5.8648905754089355
Prior to sampling time 0.2410738468170166
After sampling time 5.825744867324829
770 torch.Size([100])
Time: 5.830635070800781
Prior to sampling time 0.2387845516204834
After sampling time 5.845385551452637
780 torch.Size([100])
Time: 5.849022150039673
tensor([158.1782, 157.8761, 184.3336, 199.6205, 149.0815, 105.2448, 164.2096,
        181.9432, 121.9168, 140.2640, 155.2442, 129.3001, 187.0307, 142.4648,
        141.5962, 125.4560, 159.2978, 111.4146, 141.7782, 136.3986, 143.8011,
        158.9516, 162.3472, 194.0602, 199.6766, 152.8320, 144.0156, 141.7648,
        106.2767, 134.9292, 165.5882, 143.0394, 143.0025, 165.2051, 181.9613,
        156.7541, 191.4554, 178.3659, 153.2839, 155.1623, 172.7155, 138.4289,
        151.7191, 172.8905, 114.4427, 179.4753, 156.3590, 139.2302, 165.0137,
        139.4374, 161.7574, 142.9622, 176.2048, 154.4732, 204.2591, 143.8757,
        147.4915, 137.3512, 186.3619, 109.4900, 167.8967, 133.3211, 135.3249,
        177.4977, 145.1456, 141.9535, 204.9410, 129.5679, 169.1962, 190.7262,
        159.9928, 160.5482, 168.8588, 143.0177, 180.3365, 143.8202, 145.0028,
        121.4853, 129.2668, 176.8614, 161.1101, 127.6987, 193.8001, 173.4087,
        158.1656, 144.8923, 175.7735, 180.2750, 184.2838, 132.6631, 178.0231,
        154.5720, 182.4187, 168.6694, 179.7228, 158.1230, 177.2479, 167.5197,
        151.1420, 174.0250, 154.5893, 124.9978, 124.2333, 152.2591, 141.4139,
        171.3843, 113.6797, 211.0925, 163.3284, 132.1922, 187.4742, 106.3022,
        156.9560, 139.8483, 138.7088, 203.6754, 172.3508, 103.1255, 137.2052,
        144.9560, 184.9235, 179.2753, 105.3102, 167.3808, 173.2371, 123.1087,
        153.8610, 186.0948, 191.7255, 188.4892, 153.6031, 161.1638, 170.3842,
        169.4663, 151.4167, 154.1696, 159.0902, 141.4200, 136.8923, 124.3587,
        142.5795,  98.6254, 154.1575, 128.1940, 160.1851, 156.4834, 143.1673,
        185.3712, 134.1610, 140.8686, 160.4926, 128.0187, 119.0796, 198.3848,
        142.0945, 186.3505, 157.3881, 137.6621, 144.7257, 175.2188, 155.6222,
        192.4653, 141.9332, 151.0554, 137.1539, 144.6914, 151.6099, 176.2494,
        152.2699, 151.1973, 178.0013, 126.3273, 170.1761, 148.0471, 147.1402,
        137.6486, 132.7470, 201.3636, 186.1564, 178.8450, 120.0305, 150.9508,
        157.2643, 144.3218, 143.7214, 137.9473, 190.2817, 166.1449, 150.4942,
        134.4416, 140.3719, 180.2558, 169.5009, 196.2845, 160.7548, 147.3332,
        138.7677, 122.3341, 162.7649, 177.1215, 172.2790, 176.8475, 139.5384,
        139.0191, 167.5481, 182.7162, 156.1257, 131.4112, 137.3876, 132.1797,
        149.7919, 115.5652, 156.9172, 141.3073, 154.6422, 149.3525, 130.3997,
        161.1745, 111.3879, 165.1944, 141.7853, 159.0309, 131.6016, 155.8760,
        154.5006, 161.0294, 164.2041, 158.2861, 106.0855, 173.6382, 193.2114,
        186.5029, 176.6162, 196.5827, 192.4267, 102.7745, 183.3306, 138.5999,
        130.0623, 134.5679, 156.0493, 164.0691, 146.1211, 142.0638, 169.4425,
        167.9809, 130.5841, 146.9875, 136.5054, 142.7966, 186.3450, 115.2642,
        132.5672, 138.2489, 161.1987, 149.6864, 183.2544, 139.2732, 194.8825,
        139.2976, 148.1898, 136.9550, 164.7365, 156.3465, 155.3448, 162.9957,
        130.2600, 186.4678, 163.7393, 147.5636, 145.0052, 141.5163, 191.1571,
        134.2334, 167.6743, 200.6181, 130.3592, 158.3816, 138.1066, 154.2363,
        177.2989, 133.8909, 164.9586, 137.3155, 149.5636, 154.4372, 146.9800,
        130.9149, 167.1011, 128.3938, 136.7482, 138.9670, 130.7811, 142.8571,
        120.5102, 171.5899, 199.9193, 132.1987, 156.8473, 162.7532, 182.9548,
        159.4736, 127.5708, 139.5237, 146.8504, 187.9768, 165.0979, 139.9954,
        147.8193, 203.3288, 124.4549, 126.5944, 139.9585,  95.3668, 132.7728,
        178.9346, 179.2917, 165.3660, 135.0876, 128.5641, 141.1166, 176.8357,
        153.9604, 147.5177, 162.7371, 185.2382, 142.3497, 169.5723, 180.9491,
        171.5053, 147.2004, 163.6283, 149.9052, 172.1813, 180.9891, 127.5052,
        125.4639, 173.6511, 178.1032, 151.6491, 169.3136, 164.3692, 157.8944,
        111.3447, 147.5871, 160.5310, 166.2926, 167.6817, 143.6804, 147.0188,
        140.2395, 134.1625, 148.1479, 172.8470, 167.7988, 175.9732, 130.6074,
        162.8790, 170.9112, 150.2248, 113.1083, 194.5891, 159.1625, 131.7742,
        148.9797, 187.7386, 130.7075, 163.3766, 154.1559, 131.2637, 173.9379,
        146.2743, 173.4108, 190.4376, 149.9406, 141.7250, 152.2047, 196.1965,
        164.1101, 159.0029, 166.3771, 146.9491, 174.6120, 176.8243, 159.0143,
        160.0196, 165.1158, 110.1087, 127.1986, 129.8008, 141.3862, 153.8572,
        172.5126, 180.5158, 138.2272,  92.8748, 185.9538, 127.4859, 173.2585,
        141.1078, 177.8884, 152.5738, 138.8483, 186.5719, 158.9635, 155.7764,
        149.0744, 158.9480, 173.6181, 159.7081, 163.3339, 164.8026, 172.1717,
        170.8052, 140.6719, 155.5769, 138.7506, 152.5855, 165.9564, 195.2959,
        182.0490, 167.5018, 166.0469, 171.9010, 135.0547, 162.4147, 163.7262,
        161.1506, 180.7000, 142.0267, 175.8877, 136.4123, 156.7659, 172.3398,
        119.4289, 154.0296, 175.5150, 139.0563, 175.7760, 162.3037, 160.9579,
        154.6591, 129.0180, 184.4614, 161.3055, 126.2093, 154.1283, 149.1415,
        145.7902, 153.4970, 163.0641, 174.5775, 138.2213, 134.5421, 139.5679,
        161.8437, 118.7760, 144.0144, 179.4519, 150.1798, 156.9298, 161.3909,
        159.8052, 139.9087, 120.6205, 198.6841, 128.5336, 157.0348, 178.9154,
        173.7068, 183.2158, 206.5155, 141.1013, 151.6423, 184.7782, 119.5472,
        149.7788, 188.3532, 120.5958, 129.5789, 176.3349, 128.6571, 165.9930,
        183.3896, 175.2358, 130.5831, 122.1059, 166.5382, 152.8147, 165.4792,
        154.9930, 160.1888, 169.6405, 153.8322, 139.8228, 173.0952, 161.0665,
        146.7027, 125.3339, 169.4855, 132.5403, 164.2333, 159.6999, 138.7273,
        167.6443, 158.3319, 187.9077, 111.7441, 102.9628,  96.1911, 131.2181,
        200.0059, 145.9253, 119.2898, 160.1544, 161.0843, 157.3587, 153.7417,
        152.2337, 124.0652, 129.4675, 161.1223, 164.3982, 150.8984, 186.3296,
        151.1089, 151.1299, 160.2232, 153.8978, 147.4625, 162.2076, 135.9791,
        191.1624, 146.2385, 167.3831, 135.8547, 158.8144, 169.9540, 176.8250,
        180.5730, 152.7436, 158.9859, 148.8638, 169.8011, 181.6849, 166.4541,
        165.6966, 144.4430, 158.5990, 152.7373, 105.4801, 183.0972, 136.7367,
        140.2041, 155.5391, 137.8327, 140.1260, 158.7097, 166.5857, 148.1227,
        139.1702, 136.2317, 208.2499, 121.6357, 191.0484, 148.2931, 169.9696,
        154.1936, 174.0815, 142.3541, 167.9923, 175.0163, 170.7938, 151.5237,
        140.0011, 168.7551, 140.9602, 156.5346, 205.7310, 186.6338, 194.3088,
        156.4352, 139.4320, 149.4568, 155.5500, 116.4076, 193.4639, 144.0054,
        120.2093, 175.6368, 185.3509, 171.9834, 147.4786, 166.3937, 175.3934,
        139.4903, 129.3089, 139.5910, 171.4214, 149.6687, 152.4052, 131.6278,
        150.9022, 135.9039, 156.9544, 115.0710, 149.1751, 160.7084, 151.7180,
        169.6877, 164.8069, 145.9358, 118.0320, 173.2945, 189.2817, 187.8383,
        149.0762, 154.7753, 170.9781, 163.3363, 157.4118, 187.4454, 180.2126,
        165.0211, 109.0709, 130.6779, 157.5712, 178.7285, 190.8172, 145.5084,
        149.3479, 186.3582, 116.2612, 196.9478, 127.8916, 142.8668, 149.3727,
        154.4638, 188.8431, 146.2123, 124.8585, 138.4016, 153.8761, 159.5891,
        155.7031, 175.2115, 159.2204, 179.3300, 182.7670, 133.2285, 165.6406,
        165.6521, 128.4991, 193.1440, 124.0577, 160.4696, 119.6964, 186.6501,
        155.2050, 226.8267, 155.6333, 115.9220, 160.3864, 141.8328, 147.2076,
        115.8058, 115.2070, 177.0047, 125.1317, 154.5751, 122.2357, 175.3119,
        150.4286, 158.1361, 141.4035, 145.7719, 154.3528, 156.1231, 135.2713,
        186.6277, 180.7708, 133.8813, 167.1869, 159.2847, 124.9942, 155.2008,
        131.9638, 149.1283, 153.2664, 152.6873, 141.7248, 172.8253, 169.8610,
        181.1773, 188.8592, 136.2171, 172.1823, 128.3171, 185.5214, 144.5807,
        144.0266, 129.8974, 123.8385, 159.3313, 154.5268, 185.9692, 153.6694,
        141.8843, 153.9009, 215.5414, 135.7765, 164.0342, 168.0465, 175.4258,
        156.8604, 178.0164, 219.6275, 147.3094, 200.1593, 188.6649, 119.6030,
        164.2670, 153.2659, 113.2214, 131.0798, 144.4222, 160.8010, 126.8494,
        160.3949, 172.8713, 172.7032, 195.1768, 164.3003, 138.3809, 169.2826,
        134.0755, 176.5944, 122.4695, 150.4343, 187.1278, 174.4144, 165.0940,
        133.9845, 168.8822, 134.6888, 165.5671, 132.3664, 156.8340, 158.4174,
        130.9250, 148.6647, 146.3199, 150.2799, 115.2027, 118.7744, 158.5923,
        106.2091, 158.6956, 170.2185, 109.0401, 150.5449, 171.9850, 134.9398,
        142.7188, 103.4629, 180.1185, 129.2299, 133.3641, 181.5852, 168.6100,
        182.1398, 170.1342, 173.2115, 198.9276, 155.6087, 157.3497, 153.6374,
         95.9434, 127.6396, 113.8469], device='cuda:0')
tensor([ 40.7480,  51.3588,  81.0667,  72.3760,  34.9601,  43.9429,  10.9476,
         87.5608,  40.5959,  44.8073,  44.9017,  56.0098,  77.3512,  35.3519,
         85.8989,  24.8721,  81.7509,  48.0567,  52.1802,   7.3659,  90.1208,
         12.1158,  57.8796,  82.6734,  59.8485,  86.5471,  84.0229,  22.3338,
         20.9379,  31.6103,  68.1382,  61.7841,   1.6398,  32.8052,  10.6389,
         41.2097, 124.8547,  65.5628,  73.0532,  80.4268,  62.0307,  66.0721,
        110.0109,  68.9090,   0.9931,  23.8889,  23.0680,  57.1130,   5.6569,
         22.2414,  14.3986,  36.9946,  78.0157,  24.5319,  11.9908,  73.1686,
         11.9402,  69.3578,  88.0593,   0.7275, 101.6613,  40.3345,  35.4654,
         35.9222,  28.6454,  14.0288, 123.1390,  58.8365,   2.9745,  91.5738,
         68.3916,  87.2735,  11.3828,  67.7961,  43.1511,  47.1933,  56.5125,
         36.4207,  26.2571,  61.5394,  44.2079,  19.5005,  84.6507,  47.1039,
         26.0669,   1.4887,  84.3385,  96.9650,  99.8856,  40.4510,  75.0802,
         57.7866,  45.7530,  19.0416,  88.6553,  74.7619,  45.9154,  64.6525,
         57.3734,  87.6062, 119.8302,  66.9791,   0.5733,  79.6483,   2.0644,
         98.1095,  65.4697,  53.5387, 104.1623,  22.9088,  52.1954,  54.8842,
         52.0097,   1.4724,  67.0372,  71.0580,  36.3021,  20.2755,  34.4436,
         38.0645,  91.7984, 106.3214,   0.7580,  87.8648,  94.6878,  55.2898,
         72.4602,  81.8695, 115.3891,  48.8867, 113.6332, 106.5088, 104.2532,
         97.4513,  64.5910, 105.8543, 120.2478,  30.9008,  65.3504,  61.1706,
         86.6681,   1.0877,  16.7824,  47.4187,  72.7446,  85.8849,  31.0882,
        113.7400,  52.8854,  72.5208,  82.5384,  46.8454,  43.5574,  74.2971,
         44.9016, 127.7583,  76.5239,  57.4535,  45.8260,  68.9932,  19.7770,
         84.2418,  66.2439,  27.8107,  30.2606,  47.4564,  42.8970, 124.2106,
         38.1491,   1.5057,  59.1852,  53.4218,  99.0896,  15.6187,  35.2211,
         31.5308,  20.7409,  98.1464,  71.0595,  79.7612,  16.9110,  57.6909,
         58.4442,  69.8493,  36.5566,  35.8756,  96.0931,  84.2147,  59.4062,
         68.8236,  13.6366,  55.3236,  92.1002, 101.3202,  62.2604,  33.1133,
         57.6961,  64.5428,  36.4122,  73.4944,  59.0223,  60.6469,  43.7366,
         35.5443, 108.5300,  70.2733,  40.3876,  51.4614,  70.5935,  61.4964,
         57.4440,  40.2657,  24.8586,  56.1938, 111.8675,  27.9769,  21.2913,
         72.9514,  11.4133,  34.3615,  25.8585,  73.3568,  55.8948,  71.1608,
         15.2296, 114.8441,  44.3468,  55.1147,  38.5674, 132.2371,  69.0411,
         77.9616,  60.6290,  79.1823,  91.2173,   7.3287,  43.2146,  36.7921,
         30.3171,  56.6196,  66.9720,  59.7805,  38.0051,  42.1988,  54.3742,
         71.3358,  34.2802,  46.8475,  56.6745,  62.1135,  89.4291,   3.4723,
         18.2230,  57.9005,  76.8861,  49.2388,  79.3352,  84.6307, 142.5874,
         85.8347,  64.6259,  34.2187,  48.7789,  85.9080,  37.4340,  70.0197,
         65.9044,  64.8971,  71.6326,  48.2770,  27.0933,  15.4025,  77.2627,
         26.3540,  46.4512, 108.1377,  39.7373,  68.1632,  44.4986,  41.6673,
         53.3500,  48.5014,  35.3876,  62.6897,  46.1079,  56.6532,   2.1502,
         44.1594, 111.8613,  19.9034,  43.6519,  65.6307,  36.4814,  21.9755,
         48.0743, 105.6945,  92.9560,  78.8506,  44.0675,  51.8345,  89.9146,
          5.3369,  64.1566,  31.3077,  21.0595,  85.1858,  64.1694,  79.1525,
         71.3095,  76.5695,  69.5058,  47.7386,   6.6638,  29.1378,  68.9373,
         99.4221,  66.5585,  28.0161,  41.1343,  66.9189,  29.1325,  39.0150,
         53.3223,   2.3636,  60.7662,  22.6029,  43.3708,  74.2386, 102.8891,
         71.9944,  23.9037,   7.6372,  80.8655,  90.5668,  89.0900,  99.2362,
         38.3157, 102.6797,  11.6121,  74.3246,  85.9819,  26.9968,  75.5386,
          3.2474,  37.6733,  85.1892,  76.3175,  80.9424,  38.4218,  70.4282,
         63.9591,  46.6126,  45.8868,  37.7253, 113.8324,  96.3391,   1.4700,
         74.1151,  61.4103,  82.4963,  23.9694,  95.2631,  17.9349,  17.1203,
         61.2343,  73.8761,  33.0958,  53.7138,  49.0287,  56.6153,  73.8079,
         75.8665,  25.5958,  75.4394,  70.4723,  41.3811,  44.6773,  86.0957,
         72.8797,  86.3268,  55.5858,  39.2743,  13.9670,  69.7987,  31.4758,
         64.9091,  66.1634,  19.0249,  64.1770,   7.2141,  22.0454,  53.8475,
        100.5077,  45.6748,  20.0547,  46.4967, 132.6412,  22.7993,  97.3291,
         73.6730,  52.6894,   4.3589,  29.2292,  47.7831,  92.9006,  57.4724,
         86.5898,  46.4756,  34.7973,  46.7894,  66.8397,  51.7111,  25.1078,
         68.9130,  89.8732,  63.5272,  63.0020,  56.6019,  25.3111,  81.4722,
         28.6435,  94.4222,  93.8399,  97.8987,  55.2878,  70.1566, 107.8854,
         97.0485,  85.3027,  88.2399,  73.3542,   3.6268,  65.3902,  88.1508,
         65.2513,  39.2393,  71.5373,  41.6507,  59.8325, 119.1853,  63.2410,
         60.3184,  33.6199,  88.4531,  99.0824,  51.4786,  44.1299,  33.5636,
         25.1802,  60.6529,  90.9901,  37.4471,  32.7009,  80.4129,  34.2082,
         79.5430,   7.1657,  77.8374,  35.8955,  78.3796,  35.1815,  64.1299,
         41.0006,  40.9736,  63.0155,  81.9148,  55.6840,  60.5571,  41.9624,
         60.2492, 123.3293, 142.1270,  13.8862,  20.8983,  15.6269,   9.0068,
         47.9929,  76.1222,  37.2344,  19.3932,  93.0185,  21.5591,  48.2970,
         43.4733,  68.2092,  65.7532,  20.9632,  14.2464,  58.0320,  94.8628,
         99.6730,  50.6095, 110.8029,  52.0310,  70.0725,  54.3902,  28.9889,
         86.1079,  60.0365,  53.7701,  31.8040,  28.7801,  69.2392,  60.0633,
         62.7293,  76.8818,  94.0111,   5.4229,  42.6569,   8.5585,  45.4979,
        108.2121,  48.7110,   0.6963, 103.9364,  91.4078,  60.0905,  27.7444,
         77.9542,  51.3404,   6.7722,  18.0412,   1.1844,  60.7548,  96.6855,
         78.9285,  41.6342,  48.7355,  26.3778,  44.5804,  61.5103,  45.7969,
         94.9593,  14.2973,   1.2697,   1.9648,  62.9040,  83.9849,  88.4551,
         30.3374,  21.2782,  41.1868,  92.1864,  82.2217,   4.5692,  21.7950,
         57.3749,  64.9905,  60.4491,  90.3395,   1.8572,  98.2122,  38.4955,
         64.5650,  76.2876,  60.2700,  66.6302,  44.5609, 103.3968,  26.8612,
         31.1950,  24.7302, 129.1998,  64.8627, 119.8983,  69.6922,  95.6488,
         79.8172,  45.2513,  48.1861,  32.2530,  59.6204,  67.4391,  79.6097,
         57.5372,  99.0352,  58.0524,  96.5499, 126.5319,  55.7882, 100.2073,
         96.9281,   7.9263,   1.3813, 100.8776,  58.9666,  70.7912,  91.7368,
         35.6265,  79.0892,  39.7419,  29.1830,  72.3234,  22.9680,  99.4288,
         33.3625,  70.1034,   1.2870,  38.8973,  58.1740,  47.4756,  19.7159,
         69.8765,  82.0617,  57.2719,  36.7765, 109.4140,  96.9663,  49.1083,
         90.4300,  50.6438,  27.8838,  34.8314,  80.8077,  37.5774, 112.1868,
         35.5982,  44.8069,  65.3575, 107.5870,  42.1993,  34.2982,  69.9821,
         42.4517,   1.3246,  56.7345,  49.7585, 110.3514,  80.1200,  58.6770,
         45.2177, 101.8703,  54.0280, 133.3192,  76.1516,  75.3791,  58.3127,
         63.5516, 104.5326,  45.2047,  54.2778,  31.9169,  93.7497,  24.6486,
         53.5822,  89.6707,  74.1590,  51.2933,  99.0936,  51.9926,  44.9513,
         43.7698,  55.1414,  45.0099,  50.7716,  77.5531,  64.8150,  82.2897,
         51.1448,  87.6415,  65.2164,  30.5244,  63.0156,  51.6963,  23.3589,
         54.9194,  49.7037,  72.9101,  80.7360,  63.7415,  43.6708,  86.9885,
         54.0036,  45.0141,  73.5400,  89.6990,  53.8780,  77.3205,  62.0735,
        116.5825, 101.4266,  68.1136,  82.3065,  11.4020,  41.6553,  48.4741,
         48.1447,  69.3566,  45.1368,  29.2004,   7.6093,  87.5148,  71.9459,
         68.5667,  53.4354,  42.9721,  74.0746,  46.1113,  71.0744,  29.3792,
         48.7863,  58.0107,  56.8091,  66.9673,  45.7972,  32.5216,  60.7092,
         51.4797,  80.0199, 129.2136,  66.7863,  99.1943,  93.8325,  66.0758,
         69.0390,  54.4463, 139.2042,  23.1630, 157.4930,  91.5296,  49.7101,
         97.9047,  31.1800,   7.5151,  23.4191,  73.9292,  66.4739,  11.6161,
         26.0817,  92.3693,  25.4756,  55.5009,  90.9973,  54.0027,  88.9895,
         11.5294,   0.7860,  55.8516,  73.4781, 110.0809,  75.5581,  25.2848,
         54.1598,  90.9730,  50.1784,  87.6898,  15.0219,  78.2629,  24.0270,
         54.2728,  65.7423,  52.4022,  58.3332,  17.8015,  11.3256,  36.1702,
         22.9779, 102.6250,  53.3691,  39.5284,  67.3528,  79.0619,  51.7423,
         56.1695,   8.4594,  66.5984,  16.6315,  64.4809,  25.3489,  33.9934,
          2.1406,  93.2936,  50.4520, 101.0943,  13.0784,  63.7658,  64.4461,
         26.6682,  85.2574,  52.3679], device='cuda:0')
Mean RMSE across all mean/best sample: mean 155.008, best 57.482
This took 462.5560395717621 seconds for 1000*10 samples
Traceback (most recent call last):
  File "/gpfs/home3/rhutter/MHC-Diff/test.py", line 159, in <module>
    directory = os.path.dirname(sample_savepath)
  File "/home/rhutter/.conda/envs/mhcdiff/lib/python3.10/gzip.py", line 58, in open
    binary_file = GzipFile(filename, gz_mode, compresslevel)
  File "/home/rhutter/.conda/envs/mhcdiff/lib/python3.10/gzip.py", line 174, in __init__
    fileobj = self.myfileobj = builtins.open(filename, mode or 'rb')
FileNotFoundError: [Errno 2] No such file or directory: './results/rmse_values/fold_1/samples_test.pkl.gz'
srun: error: gcn61: task 0: Exited with exit code 1
srun: Terminating StepId=18099906.0
