============================================================================================== 
Warning! Mixing Conda and module environments may lead to corruption of the
user environment. 
We do not recommend users mixing those two environments unless absolutely
necessary. Note that 
SURF does not provide any support for Conda environment.
For more information, please refer to our software policy page:
https://servicedesk.surf.nl/wiki/display/WIKI/Software+policy+Snellius#SoftwarepolicySnellius-UseofAnacondaandMinicondaenvironmentsonSnellius 

Remember that many packages have already been installed on the system and can
be loaded using 
the 'module load <package__name>' command. If you are uncertain if a package is
already available 
on the system, please use 'module avail' or 'module spider' to search for it.
============================================================================================== 
wandb: Currently logged in as: roos-hutter (roos-hutter-university-of-amsterdam) to https://api.wandb.ai. Use `wandb login --relogin` to force relogin
/home/rhutter/.conda/envs/mhcdiff/lib/python3.10/site-packages/lightning_lite/__init__.py:29: UserWarning: pkg_resources is deprecated as an API. See https://setuptools.pypa.io/en/latest/pkg_resources.html. The pkg_resources package is slated for removal as early as 2025-11-30. Refrain from using this package or pin to Setuptools<81.
  __import__("pkg_resources").declare_namespace(__name__)
Loading dataset from /scratch-shared/roos/preprocessed/test_fold1.hdf5...
Traceback (most recent call last):
  File "/gpfs/home3/rhutter/MHC-Diff/test.py", line 64, in <module>
    lightning_model.setup('test')
  File "/home/rhutter/MHC-Diff/model/lightning_module.py", line 117, in setup
    self.test_dataset = PDB_Dataset(self.data_dir, 'test')
  File "/home/rhutter/MHC-Diff/dataset_8k_xray.py", line 34, in __init__
    with h5py.File(self.hdf5_path, 'r') as f5:
  File "/home/rhutter/.conda/envs/mhcdiff/lib/python3.10/site-packages/h5py/_hl/files.py", line 566, in __init__
    fid = make_fid(name, mode, userblock_size, fapl, fcpl, swmr=swmr)
  File "/home/rhutter/.conda/envs/mhcdiff/lib/python3.10/site-packages/h5py/_hl/files.py", line 241, in make_fid
    fid = h5f.open(name, flags, fapl=fapl)
  File "h5py/_objects.pyx", line 54, in h5py._objects.with_phil.wrapper
  File "h5py/_objects.pyx", line 55, in h5py._objects.with_phil.wrapper
  File "h5py/h5f.pyx", line 104, in h5py.h5f.open
FileNotFoundError: [Errno 2] Unable to synchronously open file (unable to open file: name = '/scratch-shared/roos/preprocessed/test_fold1.hdf5', errno = 2, error message = 'No such file or directory', flags = 0, o_flags = 0)
srun: error: gcn34: task 0: Exited with exit code 1
srun: Terminating StepId=17645573.0
