============================================================================================== 
Warning! Mixing Conda and module environments may lead to corruption of the
user environment. 
We do not recommend users mixing those two environments unless absolutely
necessary. Note that 
SURF does not provide any support for Conda environment.
For more information, please refer to our software policy page:
https://servicedesk.surf.nl/wiki/display/WIKI/Software+policy+Snellius#SoftwarepolicySnellius-UseofAnacondaandMinicondaenvironmentsonSnellius 

Remember that many packages have already been installed on the system and can
be loaded using 
the 'module load <package__name>' command. If you are uncertain if a package is
already available 
on the system, please use 'module avail' or 'module spider' to search for it.
============================================================================================== 
/home/rhutter/.conda/envs/mhcdiff/lib/python3.10/site-packages/lightning_lite/__init__.py:29: UserWarning: pkg_resources is deprecated as an API. See https://setuptools.pypa.io/en/latest/pkg_resources.html. The pkg_resources package is slated for removal as early as 2025-11-30. Refrain from using this package or pin to Setuptools<81.
  __import__("pkg_resources").declare_namespace(__name__)
GPU available: True (cuda), used: True
TPU available: False, using: 0 TPU cores
IPU available: False, using: 0 IPUs
HPU available: False, using: 0 HPUs
/home/rhutter/.conda/envs/mhcdiff/lib/python3.10/site-packages/pytorch_lightning/callbacks/model_checkpoint.py:604: UserWarning: Checkpoint directory checkpoints/fold_1/checkpoints exists and is not empty.
  rank_zero_warn(f"Checkpoint directory {dirpath} exists and is not empty.")
Loading dataset from /scratch-shared/roos/preprocessed/train_fold1.hdf5...
Loaded 6239 entries from train split.
Loading dataset from /scratch-shared/roos/preprocessed/valid_fold1.hdf5...
Loaded 700 entries from valid split.
LOCAL_RANK: 0 - CUDA_VISIBLE_DEVICES: [0]

  | Name       | Type                        | Params
-----------------------------------------------------------
0 | neural_net | NN_Model                    | 182 K 
1 | model      | Conditional_Diffusion_Model | 182 K 
-----------------------------------------------------------
182 K     Trainable params
202       Non-trainable params
182 K     Total params
0.729     Total estimated model params size (MB)
SLURM auto-requeueing enabled. Setting signal handlers.
/home/rhutter/.conda/envs/mhcdiff/lib/python3.10/site-packages/torch/utils/data/dataloader.py:554: UserWarning: This DataLoader will create 18 worker processes in total. Our suggested max number of worker in current system is 9, which is smaller than what this DataLoader is going to create. Please be aware that excessive worker creation might get DataLoader running slow or even freeze, lower the worker number to avoid potential slowness/freeze if necessary.
  warnings.warn(_create_warning_msg(
Sanity Checking: 0it [00:00, ?it/s]Sanity Checking:   0%|          | 0/2 [00:00<?, ?it/s]Sanity Checking DataLoader 0:   0%|          | 0/2 [00:00<?, ?it/s]molecule x shape: torch.Size([288, 3])
molecule h shape: torch.Size([288, 20])
molecule size shape: torch.Size([32])
molecule idx shape: torch.Size([288])
molecule pos_in_seq shape: torch.Size([288])
Traceback (most recent call last):
  File "/gpfs/home3/rhutter/MHC-Diff/train.py", line 84, in <module>
    trainer.fit(model)
  File "/home/rhutter/.conda/envs/mhcdiff/lib/python3.10/site-packages/pytorch_lightning/trainer/trainer.py", line 603, in fit
    call._call_and_handle_interrupt(
  File "/home/rhutter/.conda/envs/mhcdiff/lib/python3.10/site-packages/pytorch_lightning/trainer/call.py", line 38, in _call_and_handle_interrupt
    return trainer_fn(*args, **kwargs)
  File "/home/rhutter/.conda/envs/mhcdiff/lib/python3.10/site-packages/pytorch_lightning/trainer/trainer.py", line 645, in _fit_impl
    self._run(model, ckpt_path=self.ckpt_path)
  File "/home/rhutter/.conda/envs/mhcdiff/lib/python3.10/site-packages/pytorch_lightning/trainer/trainer.py", line 1098, in _run
    results = self._run_stage()
  File "/home/rhutter/.conda/envs/mhcdiff/lib/python3.10/site-packages/pytorch_lightning/trainer/trainer.py", line 1177, in _run_stage
    self._run_train()
  File "/home/rhutter/.conda/envs/mhcdiff/lib/python3.10/site-packages/pytorch_lightning/trainer/trainer.py", line 1190, in _run_train
    self._run_sanity_check()
  File "/home/rhutter/.conda/envs/mhcdiff/lib/python3.10/site-packages/pytorch_lightning/trainer/trainer.py", line 1262, in _run_sanity_check
    val_loop.run()
  File "/home/rhutter/.conda/envs/mhcdiff/lib/python3.10/site-packages/pytorch_lightning/loops/loop.py", line 199, in run
    self.advance(*args, **kwargs)
  File "/home/rhutter/.conda/envs/mhcdiff/lib/python3.10/site-packages/pytorch_lightning/loops/dataloader/evaluation_loop.py", line 152, in advance
    dl_outputs = self.epoch_loop.run(self._data_fetcher, dl_max_batches, kwargs)
  File "/home/rhutter/.conda/envs/mhcdiff/lib/python3.10/site-packages/pytorch_lightning/loops/loop.py", line 199, in run
    self.advance(*args, **kwargs)
  File "/home/rhutter/.conda/envs/mhcdiff/lib/python3.10/site-packages/pytorch_lightning/loops/epoch/evaluation_epoch_loop.py", line 137, in advance
    output = self._evaluation_step(**kwargs)
  File "/home/rhutter/.conda/envs/mhcdiff/lib/python3.10/site-packages/pytorch_lightning/loops/epoch/evaluation_epoch_loop.py", line 234, in _evaluation_step
    output = self.trainer._call_strategy_hook(hook_name, *kwargs.values())
  File "/home/rhutter/.conda/envs/mhcdiff/lib/python3.10/site-packages/pytorch_lightning/trainer/trainer.py", line 1480, in _call_strategy_hook
    output = fn(*args, **kwargs)
  File "/home/rhutter/.conda/envs/mhcdiff/lib/python3.10/site-packages/pytorch_lightning/strategies/strategy.py", line 390, in validation_step
    return self.model.validation_step(*args, **kwargs)
  File "/home/rhutter/MHC-Diff/model/lightning_module.py", line 184, in validation_step
    loss, info = self.model(mol_pro_batch)
  File "/home/rhutter/.conda/envs/mhcdiff/lib/python3.10/site-packages/torch/nn/modules/module.py", line 1194, in _call_impl
    return forward_call(*input, **kwargs)
  File "/home/rhutter/MHC-Diff/model/diffusion_model.py", line 148, in forward
    print("molecule graph_name shape:", molecule['graph_name'].shape)
AttributeError: 'list' object has no attribute 'shape'
                                                                   srun: error: gcn59: task 0: Exited with exit code 1
srun: Terminating StepId=17751798.0
