============================================================================================== 
Warning! Mixing Conda and module environments may lead to corruption of the
user environment. 
We do not recommend users mixing those two environments unless absolutely
necessary. Note that 
SURF does not provide any support for Conda environment.
For more information, please refer to our software policy page:
https://servicedesk.surf.nl/wiki/display/WIKI/Software+policy+Snellius#SoftwarepolicySnellius-UseofAnacondaandMinicondaenvironmentsonSnellius 

Remember that many packages have already been installed on the system and can
be loaded using 
the 'module load <package__name>' command. If you are uncertain if a package is
already available 
on the system, please use 'module avail' or 'module spider' to search for it.
============================================================================================== 
/home/rhutter/.conda/envs/mhcdiff/lib/python3.10/site-packages/lightning_lite/__init__.py:29: UserWarning: pkg_resources is deprecated as an API. See https://setuptools.pypa.io/en/latest/pkg_resources.html. The pkg_resources package is slated for removal as early as 2025-11-30. Refrain from using this package or pin to Setuptools<81.
  __import__("pkg_resources").declare_namespace(__name__)
Traceback (most recent call last):
  File "/gpfs/home3/rhutter/MHC-Diff/test.py", line 25, in <module>
    from model.lightning_module import Structure_Prediction_Model
  File "/home/rhutter/MHC-Diff/model/lightning_module.py", line 12, in <module>
    from model.diffusion_model import Conditional_Diffusion_Model
  File "/home/rhutter/MHC-Diff/model/diffusion_model.py", line 14, in <module>
    from utils import create_new_pdb_hdf5, create_new_pdb_hdf5_100k
ImportError: cannot import name 'create_new_pdb_hdf5_100k' from 'utils' (/home/rhutter/MHC-Diff/utils.py)
srun: error: gcn64: task 0: Exited with exit code 1
srun: Terminating StepId=18060543.0
