============================================================================================== 
Warning! Mixing Conda and module environments may lead to corruption of the
user environment. 
We do not recommend users mixing those two environments unless absolutely
necessary. Note that 
SURF does not provide any support for Conda environment.
For more information, please refer to our software policy page:
https://servicedesk.surf.nl/wiki/display/WIKI/Software+policy+Snellius#SoftwarepolicySnellius-UseofAnacondaandMinicondaenvironmentsonSnellius 

Remember that many packages have already been installed on the system and can
be loaded using 
the 'module load <package__name>' command. If you are uncertain if a package is
already available 
on the system, please use 'module avail' or 'module spider' to search for it.
============================================================================================== 
wandb: Currently logged in as: roos-hutter (roos-hutter-university-of-amsterdam) to https://api.wandb.ai. Use `wandb login --relogin` to force relogin
/home/rhutter/.conda/envs/mhcdiff/lib/python3.10/site-packages/lightning_lite/__init__.py:29: UserWarning: pkg_resources is deprecated as an API. See https://setuptools.pypa.io/en/latest/pkg_resources.html. The pkg_resources package is slated for removal as early as 2025-11-30. Refrain from using this package or pin to Setuptools<81.
  __import__("pkg_resources").declare_namespace(__name__)
Traceback (most recent call last):
  File "/gpfs/home3/rhutter/MHC-Diff/test.py", line 47, in <module>
    lightning_model = Structure_Prediction_Model.load_from_checkpoint(
  File "/home/rhutter/.conda/envs/mhcdiff/lib/python3.10/site-packages/pytorch_lightning/core/saving.py", line 137, in load_from_checkpoint
    return _load_from_checkpoint(
  File "/home/rhutter/.conda/envs/mhcdiff/lib/python3.10/site-packages/pytorch_lightning/core/saving.py", line 180, in _load_from_checkpoint
    return _load_state(cls, checkpoint, strict=strict, **kwargs)
  File "/home/rhutter/.conda/envs/mhcdiff/lib/python3.10/site-packages/pytorch_lightning/core/saving.py", line 238, in _load_state
    keys = obj.load_state_dict(checkpoint["state_dict"], strict=strict)
  File "/home/rhutter/.conda/envs/mhcdiff/lib/python3.10/site-packages/torch/nn/modules/module.py", line 1671, in load_state_dict
    raise RuntimeError('Error(s) in loading state_dict for {}:\n\t{}'.format(
RuntimeError: Error(s) in loading state_dict for Structure_Prediction_Model:
	size mismatch for model.noise_schedule.alpha: copying a param with shape torch.Size([1001]) from checkpoint, the shape in current model is torch.Size([101]).
	size mismatch for model.noise_schedule.sigma: copying a param with shape torch.Size([1001]) from checkpoint, the shape in current model is torch.Size([101]).
srun: error: gcn19: task 0: Exited with exit code 1
srun: Terminating StepId=17645547.0
