============================================================================================== 
Warning! Mixing Conda and module environments may lead to corruption of the
user environment. 
We do not recommend users mixing those two environments unless absolutely
necessary. Note that 
SURF does not provide any support for Conda environment.
For more information, please refer to our software policy page:
https://servicedesk.surf.nl/wiki/display/WIKI/Software+policy+Snellius#SoftwarepolicySnellius-UseofAnacondaandMinicondaenvironmentsonSnellius 

Remember that many packages have already been installed on the system and can
be loaded using 
the 'module load <package__name>' command. If you are uncertain if a package is
already available 
on the system, please use 'module avail' or 'module spider' to search for it.
============================================================================================== 
/home/rhutter/.conda/envs/mhcdiff/lib/python3.10/site-packages/lightning_lite/__init__.py:29: UserWarning: pkg_resources is deprecated as an API. See https://setuptools.pypa.io/en/latest/pkg_resources.html. The pkg_resources package is slated for removal as early as 2025-11-30. Refrain from using this package or pin to Setuptools<81.
  __import__("pkg_resources").declare_namespace(__name__)
GPU available: True (cuda), used: True
TPU available: False, using: 0 TPU cores
IPU available: False, using: 0 IPUs
HPU available: False, using: 0 HPUs
/home/rhutter/.conda/envs/mhcdiff/lib/python3.10/site-packages/pytorch_lightning/callbacks/model_checkpoint.py:604: UserWarning: Checkpoint directory checkpoints/fold_1/checkpoints exists and is not empty.
  rank_zero_warn(f"Checkpoint directory {dirpath} exists and is not empty.")
Loading dataset from /scratch-shared/roos/preprocessed/train_fold1.hdf5...
srun: Job step aborted: Waiting up to 32 seconds for job step to finish.
[2025-12-19T14:25:30.318] error: *** JOB 17753829 ON gcn22 CANCELLED AT 2025-12-19T14:25:30 DUE to SIGNAL Terminated ***
[2025-12-19T14:25:30.318] error: *** STEP 17753829.0 ON gcn22 CANCELLED AT 2025-12-19T14:25:30 DUE to SIGNAL Terminated ***
