============================================================================================== 
Warning! Mixing Conda and module environments may lead to corruption of the
user environment. 
We do not recommend users mixing those two environments unless absolutely
necessary. Note that 
SURF does not provide any support for Conda environment.
For more information, please refer to our software policy page:
https://servicedesk.surf.nl/wiki/display/WIKI/Software+policy+Snellius#SoftwarepolicySnellius-UseofAnacondaandMinicondaenvironmentsonSnellius 

Remember that many packages have already been installed on the system and can
be loaded using 
the 'module load <package__name>' command. If you are uncertain if a package is
already available 
on the system, please use 'module avail' or 'module spider' to search for it.
============================================================================================== 
wandb: Currently logged in as: roos-hutter (roos-hutter-university-of-amsterdam) to https://api.wandb.ai. Use `wandb login --relogin` to force relogin
/home/rhutter/.conda/envs/mhcdiff/lib/python3.10/site-packages/lightning_lite/__init__.py:29: UserWarning: pkg_resources is deprecated as an API. See https://setuptools.pypa.io/en/latest/pkg_resources.html. The pkg_resources package is slated for removal as early as 2025-11-30. Refrain from using this package or pin to Setuptools<81.
  __import__("pkg_resources").declare_namespace(__name__)
wandb: WARNING `wandb.require('service')` is a no-op as it is now the default behavior.
wandb: WARNING The anonymous setting has no effect and will be removed in a future version.
wandb: Currently logged in as: roos-hutter (roos-hutter-university-of-amsterdam) to https://api.wandb.ai. Use `wandb login --relogin` to force relogin
wandb: setting up run agqtdzwf
wandb: Tracking run with wandb version 0.23.1
wandb: Run data is saved locally in checkpoints/fold_1/wandb/run-20251208_160128-agqtdzwf
wandb: Run `wandb offline` to turn off syncing.
wandb: Syncing run pmhc_8K_xray_aligned_egnn_1_test_2
wandb: ⭐️ View project at https://wandb.ai/roos-hutter-university-of-amsterdam/Structur_prediction_Experiments
wandb: 🚀 View run at https://wandb.ai/roos-hutter-university-of-amsterdam/Structur_prediction_Experiments/runs/agqtdzwf
GPU available: True (cuda), used: True
TPU available: False, using: 0 TPU cores
IPU available: False, using: 0 IPUs
HPU available: False, using: 0 HPUs
/home/rhutter/.conda/envs/mhcdiff/lib/python3.10/site-packages/pytorch_lightning/callbacks/model_checkpoint.py:604: UserWarning: Checkpoint directory checkpoints/fold_1/checkpoints exists and is not empty.
  rank_zero_warn(f"Checkpoint directory {dirpath} exists and is not empty.")
Loading dataset from /scratch-shared/roos/preprocessed/train.hdf5...
Traceback (most recent call last):
  File "/gpfs/home3/rhutter/MHC-Diff/train.py", line 84, in <module>
    trainer.fit(model)
  File "/home/rhutter/.conda/envs/mhcdiff/lib/python3.10/site-packages/pytorch_lightning/trainer/trainer.py", line 603, in fit
    call._call_and_handle_interrupt(
  File "/home/rhutter/.conda/envs/mhcdiff/lib/python3.10/site-packages/pytorch_lightning/trainer/call.py", line 38, in _call_and_handle_interrupt
    return trainer_fn(*args, **kwargs)
  File "/home/rhutter/.conda/envs/mhcdiff/lib/python3.10/site-packages/pytorch_lightning/trainer/trainer.py", line 645, in _fit_impl
    self._run(model, ckpt_path=self.ckpt_path)
  File "/home/rhutter/.conda/envs/mhcdiff/lib/python3.10/site-packages/pytorch_lightning/trainer/trainer.py", line 1037, in _run
    self._call_setup_hook()  # allow user to setup lightning_module in accelerator environment
  File "/home/rhutter/.conda/envs/mhcdiff/lib/python3.10/site-packages/pytorch_lightning/trainer/trainer.py", line 1286, in _call_setup_hook
    self._call_lightning_module_hook("setup", stage=fn)
  File "/home/rhutter/.conda/envs/mhcdiff/lib/python3.10/site-packages/pytorch_lightning/trainer/trainer.py", line 1342, in _call_lightning_module_hook
    output = fn(*args, **kwargs)
  File "/home/rhutter/MHC-Diff/model/lightning_module.py", line 113, in setup
    self.train_dataset = PDB_Dataset(self.data_dir, 'train')
  File "/home/rhutter/MHC-Diff/dataset_8k_xray.py", line 36, in __init__
    with h5py.File(self.hdf5_path, 'r') as f5:
  File "/home/rhutter/.conda/envs/mhcdiff/lib/python3.10/site-packages/h5py/_hl/files.py", line 566, in __init__
    fid = make_fid(name, mode, userblock_size, fapl, fcpl, swmr=swmr)
  File "/home/rhutter/.conda/envs/mhcdiff/lib/python3.10/site-packages/h5py/_hl/files.py", line 241, in make_fid
    fid = h5f.open(name, flags, fapl=fapl)
  File "h5py/_objects.pyx", line 54, in h5py._objects.with_phil.wrapper
  File "h5py/_objects.pyx", line 55, in h5py._objects.with_phil.wrapper
  File "h5py/h5f.pyx", line 104, in h5py.h5f.open
FileNotFoundError: [Errno 2] Unable to synchronously open file (unable to open file: name = '/scratch-shared/roos/preprocessed/train.hdf5', errno = 2, error message = 'No such file or directory', flags = 0, o_flags = 0)
[1;34mwandb[0m: 
[1;34mwandb[0m: 🚀 View run [33mpmhc_8K_xray_aligned_egnn_1_test_2[0m at: [34mhttps://wandb.ai/roos-hutter-university-of-amsterdam/Structur_prediction_Experiments/runs/agqtdzwf[0m
srun: error: gcn25: task 0: Exited with exit code 1
srun: Terminating StepId=17357348.0
