============================================================================================== 
Warning! Mixing Conda and module environments may lead to corruption of the
user environment. 
We do not recommend users mixing those two environments unless absolutely
necessary. Note that 
SURF does not provide any support for Conda environment.
For more information, please refer to our software policy page:
https://servicedesk.surf.nl/wiki/display/WIKI/Software+policy+Snellius#SoftwarepolicySnellius-UseofAnacondaandMinicondaenvironmentsonSnellius 

Remember that many packages have already been installed on the system and can
be loaded using 
the 'module load <package__name>' command. If you are uncertain if a package is
already available 
on the system, please use 'module avail' or 'module spider' to search for it.
============================================================================================== 
/home/rhutter/.conda/envs/mhcdiff/lib/python3.10/site-packages/lightning_lite/__init__.py:29: UserWarning: pkg_resources is deprecated as an API. See https://setuptools.pypa.io/en/latest/pkg_resources.html. The pkg_resources package is slated for removal as early as 2025-11-30. Refrain from using this package or pin to Setuptools<81.
  __import__("pkg_resources").declare_namespace(__name__)

A module that was compiled using NumPy 1.x cannot be run in
NumPy 2.2.6 as it may crash. To support both 1.x and 2.x
versions of NumPy, modules must be compiled with NumPy 2.0.
Some module may need to rebuild instead e.g. with 'pybind11>=2.12'.

If you are a user of the module, the easiest solution will be to
downgrade to 'numpy<2' or try to upgrade the affected module.
We expect that some modules will need time to support NumPy 2.

Traceback (most recent call last):  File "/gpfs/home3/rhutter/MHC-Diff/train.py", line 10, in <module>
    import pytorch_lightning as pl
  File "/home/rhutter/.conda/envs/mhcdiff/lib/python3.10/site-packages/pytorch_lightning/__init__.py", line 35, in <module>
    from pytorch_lightning.callbacks import Callback  # noqa: E402
  File "/home/rhutter/.conda/envs/mhcdiff/lib/python3.10/site-packages/pytorch_lightning/callbacks/__init__.py", line 14, in <module>
    from pytorch_lightning.callbacks.batch_size_finder import BatchSizeFinder
  File "/home/rhutter/.conda/envs/mhcdiff/lib/python3.10/site-packages/pytorch_lightning/callbacks/batch_size_finder.py", line 24, in <module>
    from pytorch_lightning.callbacks.callback import Callback
  File "/home/rhutter/.conda/envs/mhcdiff/lib/python3.10/site-packages/pytorch_lightning/callbacks/callback.py", line 25, in <module>
    from pytorch_lightning.utilities.types import STEP_OUTPUT
  File "/home/rhutter/.conda/envs/mhcdiff/lib/python3.10/site-packages/pytorch_lightning/utilities/types.py", line 27, in <module>
    from torchmetrics import Metric
  File "/home/rhutter/.conda/envs/mhcdiff/lib/python3.10/site-packages/torchmetrics/__init__.py", line 37, in <module>
    from torchmetrics import functional  # noqa: E402
  File "/home/rhutter/.conda/envs/mhcdiff/lib/python3.10/site-packages/torchmetrics/functional/__init__.py", line 56, in <module>
    from torchmetrics.functional.image._deprecated import (
  File "/home/rhutter/.conda/envs/mhcdiff/lib/python3.10/site-packages/torchmetrics/functional/image/__init__.py", line 14, in <module>
    from torchmetrics.functional.image.arniqa import arniqa
  File "/home/rhutter/.conda/envs/mhcdiff/lib/python3.10/site-packages/torchmetrics/functional/image/arniqa.py", line 31, in <module>
    from torchvision import transforms
  File "/home/rhutter/.conda/envs/mhcdiff/lib/python3.10/site-packages/torchvision/__init__.py", line 5, in <module>
    from torchvision import datasets, io, models, ops, transforms, utils
  File "/home/rhutter/.conda/envs/mhcdiff/lib/python3.10/site-packages/torchvision/models/__init__.py", line 17, in <module>
    from . import detection, optical_flow, quantization, segmentation, video
  File "/home/rhutter/.conda/envs/mhcdiff/lib/python3.10/site-packages/torchvision/models/detection/__init__.py", line 1, in <module>
    from .faster_rcnn import *
  File "/home/rhutter/.conda/envs/mhcdiff/lib/python3.10/site-packages/torchvision/models/detection/faster_rcnn.py", line 16, in <module>
    from .anchor_utils import AnchorGenerator
  File "/home/rhutter/.conda/envs/mhcdiff/lib/python3.10/site-packages/torchvision/models/detection/anchor_utils.py", line 10, in <module>
    class AnchorGenerator(nn.Module):
  File "/home/rhutter/.conda/envs/mhcdiff/lib/python3.10/site-packages/torchvision/models/detection/anchor_utils.py", line 63, in AnchorGenerator
    device: torch.device = torch.device("cpu"),
/home/rhutter/.conda/envs/mhcdiff/lib/python3.10/site-packages/torchvision/models/detection/anchor_utils.py:63: UserWarning: Failed to initialize NumPy: _ARRAY_API not found (Triggered internally at ../torch/csrc/utils/tensor_numpy.cpp:77.)
  device: torch.device = torch.device("cpu"),
Traceback (most recent call last):
  File "/gpfs/home3/rhutter/MHC-Diff/train.py", line 16, in <module>
    os.chdir(desired_directory)
FileNotFoundError: [Errno 2] No such file or directory: '/gpfs/home/rhutter/MHC-Diff/'
srun: error: gcn2: task 0: Exited with exit code 1
srun: Terminating StepId=17353667.0
