============================================================================================== 
Warning! Mixing Conda and module environments may lead to corruption of the
user environment. 
We do not recommend users mixing those two environments unless absolutely
necessary. Note that 
SURF does not provide any support for Conda environment.
For more information, please refer to our software policy page:
https://servicedesk.surf.nl/wiki/display/WIKI/Software+policy+Snellius#SoftwarepolicySnellius-UseofAnacondaandMinicondaenvironmentsonSnellius 

Remember that many packages have already been installed on the system and can
be loaded using 
the 'module load <package__name>' command. If you are uncertain if a package is
already available 
on the system, please use 'module avail' or 'module spider' to search for it.
============================================================================================== 
/home/rhutter/.conda/envs/mhcdiff/lib/python3.10/site-packages/lightning_lite/__init__.py:29: UserWarning: pkg_resources is deprecated as an API. See https://setuptools.pypa.io/en/latest/pkg_resources.html. The pkg_resources package is slated for removal as early as 2025-11-30. Refrain from using this package or pin to Setuptools<81.
  __import__("pkg_resources").declare_namespace(__name__)
Loading dataset from /scratch-shared/roos/preprocessed/BA_cluster1.hdf5...
Loaded 787 entries from test split.
dataset_variance=tensor([47.1587,  5.7372,  1.9015])
len(test_dataset)=787
Prior to sampling time 0.23693585395812988
After sampling time 11.067941427230835
len(saved_samples['rmse'])=10, rmse.shape=torch.Size([100])
Time: 11.072000503540039
Prior to sampling time 0.23712873458862305
After sampling time 10.161441326141357
len(saved_samples['rmse'])=20, rmse.shape=torch.Size([100])
Time: 10.165132522583008
Prior to sampling time 0.23678183555603027
After sampling time 10.118503332138062
len(saved_samples['rmse'])=30, rmse.shape=torch.Size([100])
Time: 10.12319302558899
Prior to sampling time 0.354813814163208
After sampling time 10.3191499710083
len(saved_samples['rmse'])=40, rmse.shape=torch.Size([100])
Time: 10.322793245315552
Prior to sampling time 0.23565173149108887
After sampling time 10.306987285614014
len(saved_samples['rmse'])=50, rmse.shape=torch.Size([100])
Time: 10.31057620048523
Prior to sampling time 0.23714256286621094
After sampling time 10.108636856079102
len(saved_samples['rmse'])=60, rmse.shape=torch.Size([100])
Time: 10.113348245620728
Prior to sampling time 0.2376844882965088
After sampling time 10.085724592208862
len(saved_samples['rmse'])=70, rmse.shape=torch.Size([100])
Time: 10.089444875717163
Prior to sampling time 0.23641061782836914
After sampling time 10.003482580184937
len(saved_samples['rmse'])=80, rmse.shape=torch.Size([100])
Time: 10.00709867477417
Prior to sampling time 0.2361431121826172
After sampling time 9.959272861480713
len(saved_samples['rmse'])=90, rmse.shape=torch.Size([100])
Time: 9.962980031967163
Prior to sampling time 0.3338625431060791
After sampling time 10.13214373588562
len(saved_samples['rmse'])=100, rmse.shape=torch.Size([100])
Time: 10.136815547943115
Prior to sampling time 0.23557233810424805
After sampling time 9.967189073562622
len(saved_samples['rmse'])=110, rmse.shape=torch.Size([100])
Time: 9.970800161361694
Prior to sampling time 0.23583459854125977
After sampling time 10.070852756500244
len(saved_samples['rmse'])=120, rmse.shape=torch.Size([100])
Time: 10.074478387832642
Prior to sampling time 0.23732805252075195
After sampling time 10.14293622970581
len(saved_samples['rmse'])=130, rmse.shape=torch.Size([100])
Time: 10.146636009216309
Prior to sampling time 0.44263768196105957
After sampling time 10.280782461166382
len(saved_samples['rmse'])=140, rmse.shape=torch.Size([100])
Time: 10.285478115081787
Prior to sampling time 0.23538708686828613
After sampling time 10.008166790008545
len(saved_samples['rmse'])=150, rmse.shape=torch.Size([100])
Time: 10.011798858642578
Prior to sampling time 0.34700655937194824
After sampling time 10.074536085128784
len(saved_samples['rmse'])=160, rmse.shape=torch.Size([100])
Time: 10.078158855438232
Prior to sampling time 0.2407844066619873
After sampling time 9.983465671539307
len(saved_samples['rmse'])=170, rmse.shape=torch.Size([100])
Time: 9.987030982971191
Prior to sampling time 0.23803091049194336
After sampling time 10.019937992095947
len(saved_samples['rmse'])=180, rmse.shape=torch.Size([100])
Time: 10.023644924163818
Prior to sampling time 0.24050092697143555
After sampling time 10.056488275527954
len(saved_samples['rmse'])=190, rmse.shape=torch.Size([100])
Time: 10.060237407684326
Prior to sampling time 0.25278234481811523
After sampling time 9.989571571350098
len(saved_samples['rmse'])=200, rmse.shape=torch.Size([100])
Time: 9.993233442306519
Prior to sampling time 0.396212100982666
After sampling time 10.180582046508789
len(saved_samples['rmse'])=210, rmse.shape=torch.Size([100])
Time: 10.184215068817139
Prior to sampling time 0.23865103721618652
After sampling time 9.996171712875366
len(saved_samples['rmse'])=220, rmse.shape=torch.Size([100])
Time: 9.999798059463501
Prior to sampling time 0.2401266098022461
After sampling time 10.09451675415039
len(saved_samples['rmse'])=230, rmse.shape=torch.Size([100])
Time: 10.099221467971802
Prior to sampling time 0.23865771293640137
After sampling time 9.944728136062622
len(saved_samples['rmse'])=240, rmse.shape=torch.Size([100])
Time: 9.948369026184082
Prior to sampling time 0.2388157844543457
After sampling time 10.292444944381714
len(saved_samples['rmse'])=250, rmse.shape=torch.Size([100])
Time: 10.296048164367676
Prior to sampling time 0.2418968677520752
After sampling time 10.074815273284912
len(saved_samples['rmse'])=260, rmse.shape=torch.Size([100])
Time: 10.078474760055542
Prior to sampling time 0.37069272994995117
After sampling time 10.126604557037354
len(saved_samples['rmse'])=270, rmse.shape=torch.Size([100])
Time: 10.130290746688843
Prior to sampling time 0.2379000186920166
After sampling time 10.013102769851685
len(saved_samples['rmse'])=280, rmse.shape=torch.Size([100])
Time: 10.016793727874756
Prior to sampling time 0.23960208892822266
After sampling time 10.015845537185669
len(saved_samples['rmse'])=290, rmse.shape=torch.Size([100])
Time: 10.019566059112549
Prior to sampling time 0.2398514747619629
After sampling time 10.133743286132812
len(saved_samples['rmse'])=300, rmse.shape=torch.Size([100])
Time: 10.137417316436768
Prior to sampling time 0.24072670936584473
After sampling time 10.006974220275879
len(saved_samples['rmse'])=310, rmse.shape=torch.Size([100])
Time: 10.010618925094604
Prior to sampling time 0.24306344985961914
After sampling time 10.142253398895264
len(saved_samples['rmse'])=320, rmse.shape=torch.Size([100])
Time: 10.145925521850586
Prior to sampling time 0.2407381534576416
After sampling time 10.07898736000061
len(saved_samples['rmse'])=330, rmse.shape=torch.Size([100])
Time: 10.082649946212769
Prior to sampling time 0.40346336364746094
After sampling time 10.255104541778564
len(saved_samples['rmse'])=340, rmse.shape=torch.Size([100])
Time: 10.259837865829468
Prior to sampling time 0.23777174949645996
After sampling time 10.099144458770752
len(saved_samples['rmse'])=350, rmse.shape=torch.Size([100])
Time: 10.102789878845215
Prior to sampling time 0.24121451377868652
After sampling time 10.037761688232422
len(saved_samples['rmse'])=360, rmse.shape=torch.Size([100])
Time: 10.041399955749512
Prior to sampling time 0.23893523216247559
After sampling time 10.328050374984741
len(saved_samples['rmse'])=370, rmse.shape=torch.Size([100])
Time: 10.331618785858154
Prior to sampling time 0.23895955085754395
After sampling time 10.348854541778564
len(saved_samples['rmse'])=380, rmse.shape=torch.Size([100])
Time: 10.352537631988525
Prior to sampling time 0.2398834228515625
After sampling time 10.345746755599976
len(saved_samples['rmse'])=390, rmse.shape=torch.Size([100])
Time: 10.349472522735596
Prior to sampling time 0.2404019832611084
After sampling time 10.164693832397461
len(saved_samples['rmse'])=400, rmse.shape=torch.Size([100])
Time: 10.168426990509033
Prior to sampling time 0.23890972137451172
After sampling time 10.118113994598389
len(saved_samples['rmse'])=410, rmse.shape=torch.Size([100])
Time: 10.121862649917603
Prior to sampling time 0.2392418384552002
After sampling time 10.090635061264038
len(saved_samples['rmse'])=420, rmse.shape=torch.Size([100])
Time: 10.094295501708984
Prior to sampling time 0.24143195152282715
After sampling time 10.075825929641724
len(saved_samples['rmse'])=430, rmse.shape=torch.Size([100])
Time: 10.07947850227356
Prior to sampling time 0.23935604095458984
After sampling time 10.033691167831421
len(saved_samples['rmse'])=440, rmse.shape=torch.Size([100])
Time: 10.037373065948486
Prior to sampling time 0.2595062255859375
After sampling time 11.274733304977417
len(saved_samples['rmse'])=450, rmse.shape=torch.Size([100])
Time: 11.278419971466064
Prior to sampling time 0.2415928840637207
After sampling time 10.089133262634277
len(saved_samples['rmse'])=460, rmse.shape=torch.Size([100])
Time: 10.092790603637695
Prior to sampling time 0.39618730545043945
After sampling time 10.191160440444946
len(saved_samples['rmse'])=470, rmse.shape=torch.Size([100])
Time: 10.194839000701904
Prior to sampling time 0.2373049259185791
After sampling time 9.994863748550415
len(saved_samples['rmse'])=480, rmse.shape=torch.Size([100])
Time: 9.99856448173523
Prior to sampling time 0.23839879035949707
After sampling time 10.230539321899414
len(saved_samples['rmse'])=490, rmse.shape=torch.Size([100])
Time: 10.23409366607666
Prior to sampling time 0.2403271198272705
After sampling time 9.979494333267212
len(saved_samples['rmse'])=500, rmse.shape=torch.Size([100])
Time: 9.983110189437866
Prior to sampling time 0.23811578750610352
After sampling time 10.133232593536377
len(saved_samples['rmse'])=510, rmse.shape=torch.Size([100])
Time: 10.136950492858887
Prior to sampling time 0.23958349227905273
After sampling time 10.068821907043457
len(saved_samples['rmse'])=520, rmse.shape=torch.Size([100])
Time: 10.073560237884521
Prior to sampling time 0.23981213569641113
After sampling time 10.140546321868896
len(saved_samples['rmse'])=530, rmse.shape=torch.Size([100])
Time: 10.145321369171143
Prior to sampling time 0.2396373748779297
After sampling time 10.098853826522827
len(saved_samples['rmse'])=540, rmse.shape=torch.Size([100])
Time: 10.102513551712036
Prior to sampling time 0.2382526397705078
After sampling time 10.180894613265991
len(saved_samples['rmse'])=550, rmse.shape=torch.Size([100])
Time: 10.184572696685791
Prior to sampling time 0.23944401741027832
After sampling time 10.830358505249023
len(saved_samples['rmse'])=560, rmse.shape=torch.Size([100])
Time: 10.834068298339844
Prior to sampling time 0.39754390716552734
After sampling time 10.998405456542969
len(saved_samples['rmse'])=570, rmse.shape=torch.Size([100])
Time: 11.002071380615234
Prior to sampling time 0.23822641372680664
After sampling time 10.357815504074097
len(saved_samples['rmse'])=580, rmse.shape=torch.Size([100])
Time: 10.361532926559448
Prior to sampling time 0.23932480812072754
After sampling time 10.102993249893188
len(saved_samples['rmse'])=590, rmse.shape=torch.Size([100])
Time: 10.106740713119507
Prior to sampling time 0.24006247520446777
After sampling time 10.038784503936768
len(saved_samples['rmse'])=600, rmse.shape=torch.Size([100])
Time: 10.042476892471313
Prior to sampling time 0.5288722515106201
After sampling time 10.457446575164795
len(saved_samples['rmse'])=610, rmse.shape=torch.Size([100])
Time: 10.461157083511353
Prior to sampling time 0.23920369148254395
After sampling time 10.2988121509552
len(saved_samples['rmse'])=620, rmse.shape=torch.Size([100])
Time: 10.30237102508545
Prior to sampling time 0.2405073642730713
After sampling time 10.22805905342102
len(saved_samples['rmse'])=630, rmse.shape=torch.Size([100])
Time: 10.232885122299194
Prior to sampling time 0.2388160228729248
After sampling time 10.267382383346558
len(saved_samples['rmse'])=640, rmse.shape=torch.Size([100])
Time: 10.272290468215942
Prior to sampling time 0.2395637035369873
After sampling time 10.19619083404541
len(saved_samples['rmse'])=650, rmse.shape=torch.Size([100])
Time: 10.1999032497406
Prior to sampling time 0.24002981185913086
After sampling time 10.256778717041016
len(saved_samples['rmse'])=660, rmse.shape=torch.Size([100])
Time: 10.260432958602905
Prior to sampling time 0.42159342765808105
After sampling time 10.453238487243652
len(saved_samples['rmse'])=670, rmse.shape=torch.Size([100])
Time: 10.458027124404907
Prior to sampling time 0.23844504356384277
After sampling time 9.99403190612793
len(saved_samples['rmse'])=680, rmse.shape=torch.Size([100])
Time: 9.997702360153198
Prior to sampling time 0.23925995826721191
After sampling time 10.008711338043213
len(saved_samples['rmse'])=690, rmse.shape=torch.Size([100])
Time: 10.012420654296875
Prior to sampling time 0.23998212814331055
After sampling time 10.351584672927856
len(saved_samples['rmse'])=700, rmse.shape=torch.Size([100])
Time: 10.35633134841919
Prior to sampling time 0.23987269401550293
After sampling time 10.082916736602783
len(saved_samples['rmse'])=710, rmse.shape=torch.Size([100])
Time: 10.086658716201782
Prior to sampling time 0.2392127513885498
After sampling time 10.17685341835022
len(saved_samples['rmse'])=720, rmse.shape=torch.Size([100])
Time: 10.180532217025757
Prior to sampling time 0.24043679237365723
After sampling time 10.258616209030151
len(saved_samples['rmse'])=730, rmse.shape=torch.Size([100])
Time: 10.263374090194702
Prior to sampling time 0.3408186435699463
After sampling time 10.143893957138062
len(saved_samples['rmse'])=740, rmse.shape=torch.Size([100])
Time: 10.147587299346924
Prior to sampling time 0.23867583274841309
After sampling time 10.365769624710083
len(saved_samples['rmse'])=750, rmse.shape=torch.Size([100])
Time: 10.369310855865479
Prior to sampling time 0.24005937576293945
After sampling time 11.001717805862427
len(saved_samples['rmse'])=760, rmse.shape=torch.Size([100])
Time: 11.006593942642212
Prior to sampling time 0.3571925163269043
After sampling time 10.363277912139893
len(saved_samples['rmse'])=770, rmse.shape=torch.Size([100])
Time: 10.36829686164856
Prior to sampling time 0.238358736038208
After sampling time 10.246513366699219
len(saved_samples['rmse'])=780, rmse.shape=torch.Size([100])
Time: 10.250205278396606
saved_samples['rmse_mean']=tensor([23.2064, 22.9976, 21.3159, 22.3703, 21.8944, 23.5814, 23.4694, 24.5636,
        22.7474, 23.3009, 22.2563, 22.7852, 21.6624, 20.5562, 21.2169, 22.6344,
        21.5025, 22.0328, 20.0200, 21.5253, 21.2015, 21.2347, 24.4975, 21.4483,
        20.0532, 20.9235, 22.4969, 23.3711, 21.5150, 21.5942, 22.0210, 23.2256,
        22.9373, 23.6659, 23.5314, 24.8241, 23.7168, 21.7761, 21.0926, 24.2002,
        23.4594, 23.6797, 20.7676, 24.8189, 24.5386, 24.5812, 25.5119, 23.7030,
        24.4551, 24.7925, 23.3053, 22.9459, 22.2923, 24.6216, 21.8712, 24.4227,
        22.3769, 21.7525, 23.3277, 25.5571, 21.4321, 22.4666, 25.8250, 25.1744,
        24.1760, 23.1059, 25.1703, 28.1786, 25.1472, 23.5567, 22.3274, 22.8503,
        23.6284, 21.3300, 21.0161, 24.5229, 22.8272, 22.0652, 23.5126, 24.0412,
        24.4993, 21.8673, 24.3984, 24.9124, 23.4336, 25.2232, 22.8126, 23.1628,
        24.4555, 23.9445, 21.9132, 23.0630, 25.0035, 23.4282, 22.4518, 23.5741,
        24.4871, 22.1890, 27.8632, 24.0768, 23.0884, 22.3496, 23.1293, 22.6558,
        20.4283, 21.8672, 22.7132, 22.4868, 21.7905, 23.9075, 22.1294, 25.0976,
        23.8032, 25.2045, 26.0560, 28.5405, 25.3088, 25.1987, 21.6233, 24.3422,
        22.2044, 23.8701, 25.1507, 22.5164, 22.3464, 24.0837, 24.5234, 25.3315,
        25.0434, 23.8591, 21.0364, 23.0922, 20.7812, 21.8543, 23.4840, 21.1062,
        21.6486, 21.6088, 21.1547, 22.1545, 25.1539, 26.3578, 26.1724, 24.6111,
        25.8694, 28.2728, 28.0474, 25.4681, 26.0647, 25.3382, 22.9713, 25.2419,
        26.0266, 25.4765, 24.0169, 22.4094, 25.0423, 26.0463, 24.1898, 25.5381,
        28.3113, 23.9687, 25.9486, 25.5045, 22.5416, 24.6265, 26.1688, 24.7423,
        22.4985, 25.5065, 23.1396, 22.8294, 23.6218, 22.0017, 21.8174, 21.5495,
        23.5153, 22.2710, 22.5820, 23.2520, 21.8155, 23.3684, 22.9495, 22.2799,
        23.2002, 23.3731, 25.6656, 22.0219, 22.1052, 23.0255, 22.6774, 20.9861,
        21.9604, 22.9753, 21.5453, 23.5537, 23.9315, 23.2592, 22.0882, 23.4098,
        24.8573, 20.7461, 22.2512, 21.8535, 23.6050, 24.0164, 22.9399, 25.1120,
        23.0101, 24.0786, 22.9656, 24.2263, 23.3041, 23.3380, 25.4371, 25.2327,
        24.4914, 24.3838, 23.4047, 24.5384, 21.7703, 20.9408, 21.9854, 20.6443,
        23.7230, 22.1682, 22.7150, 24.5688, 21.1841, 21.2940, 20.7701, 24.7422,
        23.4153, 23.0419, 21.0681, 24.5450, 22.8352, 23.3759, 21.3485, 24.1464,
        22.2087, 22.5006, 20.3036, 20.0533, 23.8246, 22.3265, 24.2509, 24.0626,
        21.7448, 22.6210, 23.5027, 24.0615, 26.5008, 27.8168, 23.7916, 24.1425,
        23.8268, 22.4836, 23.6647, 22.0302, 24.7343, 22.4664, 22.0935, 22.5882,
        20.1988, 22.0486, 22.3261, 22.4844, 23.3387, 23.6067, 23.5552, 23.1900,
        21.1417, 23.1592, 22.8037, 21.9955, 21.3753, 24.2802, 22.6011, 24.5301,
        22.8025, 26.4959, 21.9079, 25.3362, 22.9770, 21.9527, 23.6045, 20.0918,
        25.4573, 21.8063, 24.3305, 24.6865, 26.1411, 24.0822, 27.5646, 27.5448,
        26.1904, 26.6420, 27.7946, 26.2853, 23.8083, 23.0517, 23.6216, 24.0711,
        19.8203, 21.3383, 23.9424, 22.7193, 20.9784, 22.2428, 21.8101, 24.4541,
        21.1848, 22.3483, 23.2593, 24.0517, 24.2760, 22.1940, 23.7625, 23.1917,
        24.1721, 24.4565, 23.3128, 23.6955, 23.8105, 23.2897, 23.6680, 25.1860,
        24.8361, 23.6039, 25.7010, 22.9041, 22.2348, 24.0971, 25.9276, 24.9913,
        23.6425, 21.6682, 25.0945, 23.8800, 23.2494, 22.2629, 22.6173, 21.9613,
        21.0570, 20.8975, 22.3240, 21.6639, 23.7865, 22.6654, 23.4286, 19.7988,
        24.3203, 24.3423, 21.6536, 21.7874, 23.9400, 24.8997, 21.6690, 22.2608,
        21.8485, 22.3245, 22.2374, 22.7342, 21.9131, 22.1403, 21.3843, 22.2329,
        22.1288, 21.4977, 23.7728, 23.4314, 21.1168, 24.9111, 23.5441, 20.7610,
        21.9885, 22.1455, 23.4267, 22.9847, 22.0254, 24.7520, 22.4615, 22.5866,
        22.3560, 24.8725, 24.8120, 25.0217, 22.6393, 22.6224, 25.1158, 24.1577,
        23.5685, 20.9124, 21.1044, 24.2207, 24.8884, 23.6876, 24.9237, 22.2150,
        24.3803, 25.2274, 21.8474, 22.4741, 23.8817, 23.5706, 23.8343, 23.9071,
        24.0387, 22.2687, 24.1431, 21.4706, 21.7056, 24.2152, 23.0174, 23.6548,
        22.5448, 22.6071, 24.9102, 23.2725, 26.8956, 22.5957, 26.7865, 25.4900,
        25.3512, 25.1084, 25.9669, 23.2638, 25.1791, 25.4680, 23.2876, 23.6807,
        22.3668, 21.8214, 23.8408, 23.3531, 21.3396, 22.6396, 23.1838, 21.8815,
        23.8062, 24.1370, 22.4477, 23.0433, 22.1017, 23.8625, 24.0303, 24.6794,
        21.5987, 23.2822, 23.5444, 25.7744, 24.3440, 22.4866, 23.3516, 22.5495,
        23.6031, 23.5689, 24.2501, 22.5506, 22.9797, 22.4140, 22.4991, 23.6039,
        22.8335, 23.7161, 25.7044, 22.8122, 24.0128, 24.5925, 22.7190, 23.4419,
        23.5782, 25.1407, 24.3525, 23.5291, 22.2977, 21.8195, 23.3710, 25.3540,
        26.0823, 25.4600, 24.5853, 24.3966, 26.2906, 21.8552, 25.0961, 23.1463,
        23.6719, 23.4924, 22.1602, 23.4083, 23.0252, 23.0316, 23.2650, 24.1072,
        24.1551, 24.0895, 23.0830, 22.0970, 24.8070, 25.5645, 23.7008, 22.2896,
        22.5716, 22.1955, 24.2395, 19.3471, 23.7264, 22.2173, 24.5195, 23.4731,
        25.7619, 24.5994, 21.4458, 25.2798, 25.7155, 23.1807, 23.9887, 23.2641,
        24.0178, 24.8753, 23.7739, 21.0807, 22.2142, 22.1475, 22.7660, 22.8444,
        24.7003, 24.1154, 24.2101, 23.2224, 26.0170, 23.5055, 21.9479, 24.5347,
        26.4760, 21.6686, 25.4149, 22.6607, 23.3631, 22.5355, 22.9391, 22.1459,
        25.3769, 23.6777, 22.9211, 23.6535, 24.2161, 22.6690, 24.6562, 27.9313,
        24.6237, 24.1968, 24.5628, 24.8302, 22.8566, 22.2337, 23.5444, 23.3958,
        25.3276, 22.8831, 24.1826, 23.7997, 23.2366, 19.9627, 22.3248, 22.9493,
        22.0726, 25.5295, 27.6424, 27.7442, 23.2615, 26.0988, 24.9413, 24.9641,
        22.9924, 24.1646, 26.8099, 23.7161, 25.1803, 24.4896, 24.2373, 25.0504,
        23.8145, 23.9599, 23.5275, 26.8321, 25.4044, 22.7061, 24.9992, 26.7478,
        25.1713, 24.6194, 22.3390, 25.6776, 22.8302, 22.3711, 23.7639, 22.6804,
        27.0044, 26.2654, 23.6220, 23.7132, 24.4171, 27.3217, 26.0619, 25.1985,
        25.9796, 27.2890, 22.8901, 24.1437, 27.0574, 24.9704, 23.7137, 21.8478,
        23.3352, 23.6071, 27.1384, 23.0608, 24.6839, 23.6242, 24.5384, 25.3134,
        25.5531, 22.2952, 22.2090, 23.7381, 23.3632, 24.5973, 25.0046, 24.2056,
        23.5015, 22.8788, 24.0217, 22.8368, 24.3989, 23.8199, 22.2190, 23.2124,
        24.0989, 25.7305, 23.6937, 24.1106, 24.2121, 21.6758, 21.8687, 23.4874,
        24.9129, 21.5821, 27.6917, 24.7202, 26.3830, 26.7758, 24.7745, 26.8700,
        26.7190, 27.5590, 27.1223, 26.2842, 27.9363, 26.8201, 28.2104, 26.0998,
        26.6492, 28.0393, 27.7728, 28.2915, 28.2822, 27.0033, 21.7395, 21.6019,
        23.1796, 22.7725, 21.0513, 22.1334, 24.3237, 21.1929, 22.3327, 21.8624,
        23.9825, 22.1395, 21.0653, 23.8097, 23.0060, 22.9729, 21.8126, 23.4766,
        23.1864, 25.2380, 22.4504, 22.0590, 22.9796, 22.4804, 22.6264, 21.0235,
        23.0524, 22.5648, 20.8948, 21.8053, 22.1772, 23.4610, 24.3116, 23.1207,
        27.6116, 25.8479, 22.5670, 25.9642, 25.7190, 22.7494, 21.3508, 24.2981,
        22.7056, 21.8729, 24.5403, 24.6783, 24.1718, 25.0037, 24.0307, 23.4361,
        22.5949, 24.0478, 23.8402, 22.1227, 23.3049, 26.1929, 21.9246, 23.7940,
        22.0965, 23.1239, 27.0156, 25.4773, 24.6100, 26.1625, 25.9334, 25.3465,
        26.6731, 25.9494, 26.1624, 24.7471, 22.0025, 22.9059, 25.0619, 23.6210,
        23.7692, 24.9321, 25.8581, 24.8967, 22.5306, 25.9282, 20.9048, 22.7850,
        24.5127, 23.4519, 22.6916, 20.5085, 25.1052, 22.3705, 23.5145, 23.6966,
        23.6772, 23.6863, 22.7803, 22.0418, 20.9791, 22.3360, 22.5742, 23.7603,
        21.0841, 22.1308, 24.6200, 25.4333, 24.9530, 25.7287, 25.4483, 26.5924,
        23.5219, 23.5012, 22.9021, 24.9586], device='cuda:0')
saved_samples['rmse_best']=tensor([19.6000, 15.4905, 15.6324, 19.1127, 16.7631, 18.6418, 20.0297, 19.2199,
        20.0493, 18.6394, 17.7093, 18.2278, 15.0251, 17.0905, 14.6026, 17.2924,
        17.7278, 17.1906, 14.5594, 18.3997, 17.5456, 17.9906, 18.3786, 17.6117,
        16.3925, 17.9794, 15.9677, 14.5554, 17.7369, 19.5579, 15.3637, 17.5060,
        17.3404, 18.1880, 21.1844, 17.5441, 19.5711, 16.1911, 16.8244, 17.7271,
        21.5667, 19.2003, 14.9888, 16.3158, 21.1546, 17.3952, 19.9810, 17.1798,
        16.9788, 17.1682, 19.1983, 19.4147, 17.1020, 16.9514, 14.6999, 17.7312,
        18.3346, 18.2567, 20.5613, 19.9545, 17.3616, 16.6854, 20.2739, 17.8498,
        19.2929, 16.1480, 18.1527, 17.8764, 18.3060, 19.0013, 19.1519, 17.1465,
        18.1216, 17.3567, 15.8250, 20.2064, 18.6001, 18.7662, 18.5536, 19.2316,
        19.0259, 13.1418, 18.9270, 16.5547, 18.6399, 17.9635, 15.5591, 19.5674,
        17.1237, 21.5075, 16.4679, 17.1805, 18.1798, 17.5676, 18.0364, 17.1566,
        16.6410, 15.0369, 20.6912, 18.8324, 16.0882, 18.6833, 16.4639, 18.5355,
        15.7480, 18.2350, 17.4738, 13.7217, 16.4822, 18.2066, 17.4613, 18.5599,
        18.1662, 17.5806, 17.0445, 20.5611, 17.4765, 18.7338, 17.3485, 16.8914,
        18.9220, 16.2875, 20.8705, 16.7027, 17.5861, 16.2003, 19.4525, 18.5186,
        17.9543, 19.2173, 16.5812, 17.4615, 18.4391, 17.1107, 17.1174, 13.9565,
        20.1300, 17.7739, 18.5151, 15.6935, 17.9002, 18.1831, 17.1619, 18.6151,
        19.0159, 19.4126, 17.9197, 17.0373, 17.4144, 19.7151, 18.6102, 17.1821,
        21.8575, 19.3887, 18.4035, 16.8406, 17.5797, 17.5283, 17.7359, 19.8508,
        18.7501, 18.6067, 19.7249, 20.7059, 17.7322, 16.2629, 20.1312, 15.3951,
        18.0208, 20.6748, 16.8076, 19.8078, 16.8596, 18.9021, 17.3054, 15.3408,
        16.8195, 18.1687, 16.6400, 20.1974, 18.8874, 20.1453, 17.0025, 18.8989,
        19.0259, 18.6198, 20.6809, 17.6526, 15.7080, 19.0553, 18.5421, 17.9202,
        15.9325, 19.6539, 14.4188, 18.5570, 18.0317, 19.1936, 15.8049, 17.0153,
        18.0553, 15.1569, 19.6778, 16.2192, 16.6075, 20.7747, 15.8857, 16.9651,
        17.8593, 16.0067, 16.2834, 18.6989, 17.1690, 19.2543, 18.5965, 21.5853,
        19.2649, 19.5686, 16.4979, 17.1800, 18.8570, 17.6227, 15.1910, 16.8354,
        20.9082, 18.8489, 17.8794, 17.8365, 16.5090, 16.8221, 17.4411, 21.7759,
        20.5158, 18.1313, 17.9846, 16.9650, 18.9182, 20.5187, 17.6400, 18.8640,
        18.1438, 17.0602, 16.6520, 15.7757, 19.7368, 18.6820, 19.7293, 20.3782,
        18.5821, 20.2410, 20.2194, 20.8651, 17.5556, 19.4756, 15.7642, 15.4923,
        20.1250, 18.2548, 19.3810, 16.7774, 16.7799, 17.7878, 17.5792, 17.6861,
        15.3989, 18.3912, 18.6556, 16.6169, 16.6229, 17.5025, 19.8668, 16.4426,
        17.1603, 19.4565, 19.9303, 18.0515, 15.5020, 17.2561, 17.6992, 18.8900,
        19.9318, 19.1909, 16.5819, 18.7258, 20.5091, 16.6183, 16.6719, 15.3188,
        16.8073, 19.2684, 20.5609, 18.6059, 15.3227, 19.6662, 19.3115, 16.4466,
        20.6175, 20.2605, 20.4310, 18.5752, 18.3244, 19.1637, 17.8157, 17.6307,
        15.3789, 14.4632, 17.2763, 20.6153, 16.1901, 16.3915, 18.6512, 20.3974,
        16.9956, 18.3236, 18.1202, 19.2703, 20.0643, 13.4594, 18.7634, 20.3841,
        16.0637, 20.0366, 18.9455, 16.7425, 19.1834, 17.7387, 18.2687, 18.3451,
        20.0521, 16.0742, 17.9279, 15.4092, 15.8756, 18.9963, 18.1940, 19.3497,
        18.2637, 19.0751, 18.5934, 18.2483, 17.3143, 20.0641, 18.6097, 15.5967,
        17.1906, 16.3201, 19.3570, 15.3104, 20.7955, 19.1812, 18.5244, 15.0335,
        18.1021, 18.4810, 18.2029, 17.1709, 19.4713, 18.9129, 15.0843, 18.8738,
        19.4144, 17.2458, 16.0584, 19.7365, 17.3612, 19.4282, 17.9836, 16.9577,
        16.9854, 14.9465, 18.2761, 19.1352, 15.2539, 21.1291, 20.1437, 16.1223,
        16.7593, 15.9338, 15.6380, 18.0919, 18.8052, 20.9900, 17.6870, 15.2239,
        17.7225, 13.4421, 20.5232, 18.1306, 17.7876, 17.4669, 19.4429, 20.6673,
        15.6401, 15.8100, 18.0005, 19.2215, 20.1750, 19.6516, 18.1566, 17.7411,
        19.5554, 18.0701, 17.3779, 19.2205, 17.7110, 19.1231, 14.9376, 19.8911,
        18.6455, 15.6650, 18.3619, 16.9674, 18.3765, 18.5463, 16.6500, 19.1157,
        17.0302, 18.9188, 19.6914, 20.9785, 20.5500, 15.3876, 18.0934, 19.1624,
        19.5685, 16.5404, 20.6928, 16.5514, 14.9235, 21.2554, 19.5532, 19.1742,
        20.3527, 17.4929, 17.5187, 20.6236, 17.3948, 18.5989, 18.8684, 18.3598,
        15.9925, 18.9012, 20.3770, 19.1255, 16.3333, 16.9494, 20.7428, 17.3327,
        17.5020, 17.7078, 19.8295, 18.8186, 17.1914, 14.3868, 15.7310, 19.2538,
        21.2717, 19.3875, 17.5013, 13.4605, 17.5595, 19.0289, 15.8681, 17.9976,
        20.0361, 16.7526, 20.6986, 18.0580, 16.3710, 19.8581, 16.7441, 19.5131,
        19.8781, 16.8125, 19.4773, 18.4359, 17.9597, 18.8995, 19.4602, 20.1279,
        18.4624, 15.6553, 18.7679, 19.4222, 14.8433, 17.1147, 17.0623, 20.4179,
        19.7494, 18.7440, 17.4822, 19.0593, 19.1585, 19.4841, 15.2195, 16.9038,
        18.6283, 17.9111, 15.8392, 18.5748, 16.7323, 20.1177, 18.8480, 17.1610,
        20.0138, 17.6682, 19.1110, 15.9029, 19.3982, 19.0745, 19.1778, 17.0899,
        19.5870, 13.7026, 15.8843, 22.0005, 20.3350, 20.1840, 20.2265, 18.4201,
        20.2701, 18.9815, 17.0729, 18.2152, 18.0183, 14.2800, 16.4651, 17.2117,
        18.5958, 17.8635, 19.6322, 19.0961, 20.5694, 18.1965, 16.8439, 19.6772,
        20.8773, 17.6095, 20.8609, 19.1699, 18.0674, 19.9187, 18.6159, 18.2754,
        14.7371, 19.2195, 17.8034, 20.4908, 21.0276, 15.6223, 18.6164, 20.1155,
        17.4043, 15.4864, 19.5548, 19.2319, 19.5163, 14.9683, 19.5470, 18.3520,
        21.2456, 18.6836, 16.1613, 20.2895, 17.8739, 15.6987, 19.7312, 16.5692,
        16.5082, 18.5454, 20.1631, 21.5619, 14.3657, 19.6353, 20.4367, 18.9712,
        20.3761, 17.1348, 21.3387, 13.5144, 17.6298, 18.9611, 20.5274, 18.3367,
        20.6613, 17.2533, 20.1341, 19.3791, 16.7228, 17.5831, 19.9986, 20.8997,
        20.4645, 14.9909, 17.5777, 17.9392, 17.3423, 16.6794, 15.7037, 18.1120,
        20.3218, 20.6095, 18.9518, 19.5935, 20.7184, 21.3594, 19.2022, 21.1223,
        20.0054, 19.4009, 20.1306, 19.8690, 19.9010, 16.7243, 20.3534, 16.4965,
        16.9117, 18.7660, 18.8402, 19.9935, 16.1139, 18.4293, 18.8074, 19.9240,
        19.7772, 16.3481, 16.0743, 17.6005, 16.9040, 19.1521, 19.4117, 15.3668,
        20.4203, 17.6819, 19.0557, 16.2865, 17.6672, 20.1893, 17.6573, 15.7338,
        18.2729, 20.1404, 17.3276, 21.0756, 20.1035, 18.6834, 15.0632, 17.8562,
        14.1907, 15.1818, 20.7507, 21.2975, 19.7476, 19.7011, 17.2287, 19.2541,
        19.8031, 20.0187, 21.9463, 18.4547, 20.7486, 18.4747, 18.1817, 15.8098,
        18.7211, 19.1632, 19.1632, 21.2471, 18.3259, 19.3893, 18.7355, 17.5137,
        18.2446, 18.0962, 15.6959, 18.4265, 18.9554, 16.6238, 19.5165, 18.8417,
        17.5375, 15.4506, 15.3525, 18.4429, 19.3344, 17.6893, 17.6704, 20.8121,
        19.4502, 20.3722, 16.9363, 17.3568, 20.7350, 18.5154, 17.0128, 16.8490,
        19.1243, 18.0814, 15.8833, 19.0530, 15.6932, 15.3472, 16.8412, 16.1273,
        20.0494, 19.2016, 16.2890, 19.7841, 19.6204, 15.3658, 16.0754, 15.5599,
        16.4032, 17.1454, 16.7956, 16.3399, 16.6027, 17.7851, 15.3128, 17.6230,
        17.8267, 19.7415, 18.9451, 20.3375, 18.6000, 20.6732, 14.2291, 19.0648,
        17.1264, 19.8259, 21.5703, 20.9658, 18.8960, 19.3087, 22.3491, 17.3550,
        20.6953, 18.8059, 16.5918, 19.9662, 17.3378, 17.3710, 17.6895, 15.5150,
        14.8796, 18.9266, 19.9206, 17.8096, 20.0659, 18.3917, 16.1545, 15.3803,
        20.7006, 20.4642, 16.7595, 14.5887, 19.8652, 16.4197, 20.6553, 20.5788,
        16.8340, 17.8037, 18.9839, 18.2438, 18.8371, 18.5481, 18.6111, 19.0963,
        17.1288, 18.6937, 18.9934, 19.0698, 18.0374, 18.6656, 18.4539, 18.7822,
        18.3168, 19.4494, 16.7422, 15.4296], device='cuda:0')
Mean RMSE across all mean/best sample: mean 23.618, best 18.143
This took 796.0316469669342 seconds for 1000*10 samples
Time to save data: 66.3588216304779 s
