============================================================================================== 
Warning! Mixing Conda and module environments may lead to corruption of the
user environment. 
We do not recommend users mixing those two environments unless absolutely
necessary. Note that 
SURF does not provide any support for Conda environment.
For more information, please refer to our software policy page:
https://servicedesk.surf.nl/wiki/display/WIKI/Software+policy+Snellius#SoftwarepolicySnellius-UseofAnacondaandMinicondaenvironmentsonSnellius 

Remember that many packages have already been installed on the system and can
be loaded using 
the 'module load <package__name>' command. If you are uncertain if a package is
already available 
on the system, please use 'module avail' or 'module spider' to search for it.
============================================================================================== 
/home/rhutter/.conda/envs/mhcdiff/lib/python3.10/site-packages/lightning_lite/__init__.py:29: UserWarning: pkg_resources is deprecated as an API. See https://setuptools.pypa.io/en/latest/pkg_resources.html. The pkg_resources package is slated for removal as early as 2025-11-30. Refrain from using this package or pin to Setuptools<81.
  __import__("pkg_resources").declare_namespace(__name__)
Loading dataset from /scratch-shared/roos/preprocessed/BA_cluster1.hdf5...
Loaded 787 entries from test split.
dataset_variance=tensor([47.1587,  5.7372,  1.9015])
len(test_dataset)=787
Prior to sampling time 0.24457430839538574
After sampling time 6.7593300342559814
len(saved_samples['rmse'])=10, rmse.shape=torch.Size([100])
Time: 6.7633140087127686
Prior to sampling time 0.24007749557495117
After sampling time 5.9008612632751465
len(saved_samples['rmse'])=20, rmse.shape=torch.Size([100])
Time: 5.904554605484009
Prior to sampling time 0.24085354804992676
After sampling time 5.877382516860962
len(saved_samples['rmse'])=30, rmse.shape=torch.Size([100])
Time: 5.882034540176392
Prior to sampling time 0.23837876319885254
After sampling time 5.855942249298096
len(saved_samples['rmse'])=40, rmse.shape=torch.Size([100])
Time: 5.859548807144165
Prior to sampling time 0.240678071975708
After sampling time 6.02869176864624
len(saved_samples['rmse'])=50, rmse.shape=torch.Size([100])
Time: 6.032289981842041
Prior to sampling time 0.2411043643951416
After sampling time 5.875239372253418
len(saved_samples['rmse'])=60, rmse.shape=torch.Size([100])
Time: 5.8788902759552
Prior to sampling time 0.36470746994018555
After sampling time 6.0113911628723145
len(saved_samples['rmse'])=70, rmse.shape=torch.Size([100])
Time: 6.015011787414551
Prior to sampling time 0.23932886123657227
After sampling time 5.86739706993103
len(saved_samples['rmse'])=80, rmse.shape=torch.Size([100])
Time: 5.87103271484375
Prior to sampling time 0.2397463321685791
After sampling time 5.843321800231934
len(saved_samples['rmse'])=90, rmse.shape=torch.Size([100])
Time: 5.84805703163147
Prior to sampling time 0.24028968811035156
After sampling time 5.84442925453186
len(saved_samples['rmse'])=100, rmse.shape=torch.Size([100])
Time: 5.848031997680664
Prior to sampling time 0.23878717422485352
After sampling time 5.85988974571228
len(saved_samples['rmse'])=110, rmse.shape=torch.Size([100])
Time: 5.86350154876709
Prior to sampling time 0.23971199989318848
After sampling time 5.900205373764038
len(saved_samples['rmse'])=120, rmse.shape=torch.Size([100])
Time: 5.903848648071289
Prior to sampling time 0.2410259246826172
After sampling time 5.854649305343628
len(saved_samples['rmse'])=130, rmse.shape=torch.Size([100])
Time: 5.859386444091797
Prior to sampling time 0.239945650100708
After sampling time 5.854860067367554
len(saved_samples['rmse'])=140, rmse.shape=torch.Size([100])
Time: 5.85849142074585
Prior to sampling time 0.24048542976379395
After sampling time 6.0183796882629395
len(saved_samples['rmse'])=150, rmse.shape=torch.Size([100])
Time: 6.021979808807373
Prior to sampling time 0.24315381050109863
After sampling time 5.888713836669922
len(saved_samples['rmse'])=160, rmse.shape=torch.Size([100])
Time: 5.892374277114868
Prior to sampling time 0.24295759201049805
After sampling time 5.876523971557617
len(saved_samples['rmse'])=170, rmse.shape=torch.Size([100])
Time: 5.88015079498291
Prior to sampling time 0.24056601524353027
After sampling time 5.8992743492126465
len(saved_samples['rmse'])=180, rmse.shape=torch.Size([100])
Time: 5.902982234954834
Prior to sampling time 0.24181723594665527
After sampling time 5.871166944503784
len(saved_samples['rmse'])=190, rmse.shape=torch.Size([100])
Time: 5.875974655151367
Prior to sampling time 0.2651090621948242
After sampling time 5.871842384338379
len(saved_samples['rmse'])=200, rmse.shape=torch.Size([100])
Time: 5.875445127487183
Prior to sampling time 0.42718005180358887
After sampling time 6.09843373298645
len(saved_samples['rmse'])=210, rmse.shape=torch.Size([100])
Time: 6.102081298828125
Prior to sampling time 0.24199533462524414
After sampling time 5.879212379455566
len(saved_samples['rmse'])=220, rmse.shape=torch.Size([100])
Time: 5.882906913757324
Prior to sampling time 0.2431175708770752
After sampling time 5.9160847663879395
len(saved_samples['rmse'])=230, rmse.shape=torch.Size([100])
Time: 5.9208149909973145
Prior to sampling time 0.24042654037475586
After sampling time 5.87265419960022
len(saved_samples['rmse'])=240, rmse.shape=torch.Size([100])
Time: 5.876272201538086
Prior to sampling time 0.24230480194091797
After sampling time 6.008326768875122
len(saved_samples['rmse'])=250, rmse.shape=torch.Size([100])
Time: 6.011906862258911
Prior to sampling time 0.24260449409484863
After sampling time 5.8871095180511475
len(saved_samples['rmse'])=260, rmse.shape=torch.Size([100])
Time: 5.890728235244751
Prior to sampling time 0.242966890335083
After sampling time 5.858306169509888
len(saved_samples['rmse'])=270, rmse.shape=torch.Size([100])
Time: 5.861932754516602
Prior to sampling time 0.24119067192077637
After sampling time 5.8594770431518555
len(saved_samples['rmse'])=280, rmse.shape=torch.Size([100])
Time: 5.863159894943237
Prior to sampling time 0.24177336692810059
After sampling time 5.867196559906006
len(saved_samples['rmse'])=290, rmse.shape=torch.Size([100])
Time: 5.870868444442749
Prior to sampling time 0.24223661422729492
After sampling time 5.858339309692383
len(saved_samples['rmse'])=300, rmse.shape=torch.Size([100])
Time: 5.861968755722046
Prior to sampling time 0.24237847328186035
After sampling time 5.844510316848755
len(saved_samples['rmse'])=310, rmse.shape=torch.Size([100])
Time: 5.8481385707855225
Prior to sampling time 0.24107122421264648
After sampling time 5.90718674659729
len(saved_samples['rmse'])=320, rmse.shape=torch.Size([100])
Time: 5.910827159881592
Prior to sampling time 0.24286603927612305
After sampling time 5.894865036010742
len(saved_samples['rmse'])=330, rmse.shape=torch.Size([100])
Time: 5.898501873016357
Prior to sampling time 0.4347090721130371
After sampling time 6.063573837280273
len(saved_samples['rmse'])=340, rmse.shape=torch.Size([100])
Time: 6.06837010383606
Prior to sampling time 0.2397472858428955
After sampling time 5.850275278091431
len(saved_samples['rmse'])=350, rmse.shape=torch.Size([100])
Time: 5.853942155838013
Prior to sampling time 0.2425394058227539
After sampling time 5.88662576675415
len(saved_samples['rmse'])=360, rmse.shape=torch.Size([100])
Time: 5.890260457992554
Prior to sampling time 0.24161100387573242
After sampling time 5.990549802780151
len(saved_samples['rmse'])=370, rmse.shape=torch.Size([100])
Time: 5.994114875793457
Prior to sampling time 0.24038386344909668
After sampling time 5.856055021286011
len(saved_samples['rmse'])=380, rmse.shape=torch.Size([100])
Time: 5.859668254852295
Prior to sampling time 0.2416369915008545
After sampling time 5.865405321121216
len(saved_samples['rmse'])=390, rmse.shape=torch.Size([100])
Time: 5.868999481201172
Prior to sampling time 0.24313926696777344
After sampling time 5.884841203689575
len(saved_samples['rmse'])=400, rmse.shape=torch.Size([100])
Time: 5.888516664505005
Prior to sampling time 0.2409834861755371
After sampling time 5.865060091018677
len(saved_samples['rmse'])=410, rmse.shape=torch.Size([100])
Time: 5.868749141693115
Prior to sampling time 0.24092745780944824
After sampling time 5.822457313537598
len(saved_samples['rmse'])=420, rmse.shape=torch.Size([100])
Time: 5.8261096477508545
Prior to sampling time 0.2431628704071045
After sampling time 5.812047481536865
len(saved_samples['rmse'])=430, rmse.shape=torch.Size([100])
Time: 5.815672874450684
Prior to sampling time 0.24142718315124512
After sampling time 5.877379655838013
len(saved_samples['rmse'])=440, rmse.shape=torch.Size([100])
Time: 5.88103723526001
Prior to sampling time 0.25805020332336426
After sampling time 5.872500419616699
len(saved_samples['rmse'])=450, rmse.shape=torch.Size([100])
Time: 5.876135349273682
Prior to sampling time 0.2425856590270996
After sampling time 5.856896638870239
len(saved_samples['rmse'])=460, rmse.shape=torch.Size([100])
Time: 5.860544443130493
Prior to sampling time 0.32162022590637207
After sampling time 5.992048978805542
len(saved_samples['rmse'])=470, rmse.shape=torch.Size([100])
Time: 5.99572229385376
Prior to sampling time 0.23984980583190918
After sampling time 5.851631164550781
len(saved_samples['rmse'])=480, rmse.shape=torch.Size([100])
Time: 5.855332612991333
Prior to sampling time 0.24097824096679688
After sampling time 5.96820592880249
len(saved_samples['rmse'])=490, rmse.shape=torch.Size([100])
Time: 5.971725940704346
Prior to sampling time 0.24251937866210938
After sampling time 5.858838319778442
len(saved_samples['rmse'])=500, rmse.shape=torch.Size([100])
Time: 5.862451076507568
Prior to sampling time 0.24107813835144043
After sampling time 5.912845611572266
len(saved_samples['rmse'])=510, rmse.shape=torch.Size([100])
Time: 5.916508436203003
Prior to sampling time 0.24111223220825195
After sampling time 5.85272741317749
len(saved_samples['rmse'])=520, rmse.shape=torch.Size([100])
Time: 5.857492446899414
Prior to sampling time 0.24170279502868652
After sampling time 5.867526531219482
len(saved_samples['rmse'])=530, rmse.shape=torch.Size([100])
Time: 5.872297525405884
Prior to sampling time 0.24193024635314941
After sampling time 5.890256643295288
len(saved_samples['rmse'])=540, rmse.shape=torch.Size([100])
Time: 5.893940448760986
Prior to sampling time 0.24057888984680176
After sampling time 5.91687273979187
len(saved_samples['rmse'])=550, rmse.shape=torch.Size([100])
Time: 5.9205310344696045
Prior to sampling time 0.24155807495117188
After sampling time 5.885911464691162
len(saved_samples['rmse'])=560, rmse.shape=torch.Size([100])
Time: 5.889637231826782
Prior to sampling time 0.3611793518066406
After sampling time 6.027001857757568
len(saved_samples['rmse'])=570, rmse.shape=torch.Size([100])
Time: 6.030651807785034
Prior to sampling time 0.24020743370056152
After sampling time 5.870469331741333
len(saved_samples['rmse'])=580, rmse.shape=torch.Size([100])
Time: 5.8741371631622314
Prior to sampling time 0.2410111427307129
After sampling time 5.85512900352478
len(saved_samples['rmse'])=590, rmse.shape=torch.Size([100])
Time: 5.858853816986084
Prior to sampling time 0.2418651580810547
After sampling time 5.907007932662964
len(saved_samples['rmse'])=600, rmse.shape=torch.Size([100])
Time: 5.910700559616089
Prior to sampling time 0.2410297393798828
After sampling time 5.92734956741333
len(saved_samples['rmse'])=610, rmse.shape=torch.Size([100])
Time: 5.9310057163238525
Prior to sampling time 0.2407379150390625
After sampling time 5.989719390869141
len(saved_samples['rmse'])=620, rmse.shape=torch.Size([100])
Time: 5.993284702301025
Prior to sampling time 0.24228692054748535
After sampling time 5.899153232574463
len(saved_samples['rmse'])=630, rmse.shape=torch.Size([100])
Time: 5.903991937637329
Prior to sampling time 0.2407386302947998
After sampling time 5.852106094360352
len(saved_samples['rmse'])=640, rmse.shape=torch.Size([100])
Time: 5.8570075035095215
Prior to sampling time 0.24038481712341309
After sampling time 5.902491092681885
len(saved_samples['rmse'])=650, rmse.shape=torch.Size([100])
Time: 5.9061503410339355
Prior to sampling time 0.24296259880065918
After sampling time 5.888986349105835
len(saved_samples['rmse'])=660, rmse.shape=torch.Size([100])
Time: 5.892648935317993
Prior to sampling time 0.5323295593261719
After sampling time 6.179278612136841
len(saved_samples['rmse'])=670, rmse.shape=torch.Size([100])
Time: 6.184067249298096
Prior to sampling time 0.24056458473205566
After sampling time 5.862485408782959
len(saved_samples['rmse'])=680, rmse.shape=torch.Size([100])
Time: 5.866121768951416
Prior to sampling time 0.24080395698547363
After sampling time 5.865184545516968
len(saved_samples['rmse'])=690, rmse.shape=torch.Size([100])
Time: 5.868866443634033
Prior to sampling time 0.24283051490783691
After sampling time 5.859050750732422
len(saved_samples['rmse'])=700, rmse.shape=torch.Size([100])
Time: 5.863841533660889
Prior to sampling time 0.24058938026428223
After sampling time 5.885287523269653
len(saved_samples['rmse'])=710, rmse.shape=torch.Size([100])
Time: 5.888947486877441
Prior to sampling time 0.2414853572845459
After sampling time 5.863457918167114
len(saved_samples['rmse'])=720, rmse.shape=torch.Size([100])
Time: 5.86709451675415
Prior to sampling time 0.2420334815979004
After sampling time 5.959562540054321
len(saved_samples['rmse'])=730, rmse.shape=torch.Size([100])
Time: 5.96435284614563
Prior to sampling time 0.2408287525177002
After sampling time 5.833291530609131
len(saved_samples['rmse'])=740, rmse.shape=torch.Size([100])
Time: 5.8369622230529785
Prior to sampling time 0.24311017990112305
After sampling time 5.983461380004883
len(saved_samples['rmse'])=750, rmse.shape=torch.Size([100])
Time: 5.986963748931885
Prior to sampling time 0.24259543418884277
After sampling time 5.968688011169434
len(saved_samples['rmse'])=760, rmse.shape=torch.Size([100])
Time: 5.9735026359558105
Prior to sampling time 0.34478068351745605
After sampling time 6.0068981647491455
len(saved_samples['rmse'])=770, rmse.shape=torch.Size([100])
Time: 6.011720895767212
Prior to sampling time 0.24007463455200195
After sampling time 5.873018503189087
len(saved_samples['rmse'])=780, rmse.shape=torch.Size([100])
Time: 5.876681327819824
saved_samples['rmse_mean']=tensor([158.1759, 157.8787, 184.3315, 199.6205, 149.0838, 105.2457, 164.2125,
        181.9424, 121.9174, 140.2639, 155.2467, 129.2962, 187.0293, 142.4649,
        141.6001, 125.4551, 159.3028, 111.4127, 141.7714, 136.3938, 143.7975,
        158.9514, 162.3485, 194.0632, 199.6785, 152.8358, 144.0164, 141.7650,
        106.2801, 134.9292, 165.5896, 143.0420, 143.0070, 165.2022, 181.9584,
        156.7524, 191.4538, 178.3617, 153.2803, 155.1634, 172.7135, 138.4280,
        151.7162, 172.8893, 114.4447, 179.4760, 156.3608, 139.2275, 165.0102,
        139.4377, 161.7574, 142.9599, 176.2121, 154.4675, 204.2590, 143.8741,
        147.4918, 137.3508, 186.3584, 109.4853, 167.8945, 133.3221, 135.3237,
        177.4974, 145.1478, 141.9490, 204.9406, 129.5674, 169.1832, 190.7246,
        159.9902, 160.5480, 168.8596, 143.0202, 180.3360, 143.8256, 144.9983,
        121.4877, 129.2598, 176.8597, 161.1086, 127.7020, 193.8057, 173.4101,
        158.1683, 144.8935, 175.7709, 180.2762, 184.2855, 132.6665, 178.0220,
        154.5687, 182.4181, 168.6675, 179.7220, 158.1237, 177.2466, 167.5209,
        151.1435, 174.0224, 154.5878, 124.9980, 124.2376, 152.2657, 141.4138,
        171.3848, 113.6765, 211.0934, 163.3221, 132.1910, 187.4625, 106.3009,
        156.9544, 139.8452, 138.7135, 203.6736, 172.3524, 103.1231, 137.2009,
        145.0555, 184.9221, 179.2739, 105.3123, 167.3757, 173.2389, 123.1080,
        153.8634, 186.0948, 191.7266, 188.4913, 153.6014, 161.1639, 170.3850,
        169.4708, 151.4133, 154.1740, 159.0895, 141.4207, 136.8928, 124.3540,
        142.5797,  98.6241, 154.1588, 128.1916, 160.1810, 156.4897, 143.1689,
        185.3680, 134.1593, 140.8714, 160.4927, 128.0177, 119.0764, 198.3790,
        142.0985, 186.3457, 157.3879, 137.6569, 144.7290, 175.2200, 155.6216,
        192.4691, 141.9384, 151.0574, 137.1584, 144.6941, 151.6141, 176.2499,
        152.2688, 151.1980, 178.0048, 126.3292, 170.1724, 148.0492, 147.1369,
        137.6451, 132.7463, 201.3613, 186.1635, 178.8452, 120.0292, 150.9491,
        157.2603, 144.3233, 143.7193, 137.9488, 190.2913, 166.1445, 150.4953,
        134.4474, 140.3682, 180.2571, 169.5058, 196.2854, 160.7531, 147.3324,
        138.7699, 122.3373, 162.7686, 177.1202, 172.2708, 176.8472, 139.5340,
        139.0193, 167.5441, 182.7152, 156.1311, 131.4161, 137.3793, 132.1798,
        149.7921, 115.5622, 156.9134, 141.3146, 154.6402, 149.3684, 130.3938,
        161.1750, 111.3853, 165.1951, 141.7850, 159.0346, 131.5945, 155.8719,
        154.5002, 161.0314, 164.2121, 158.2820, 106.0953, 173.6335, 193.2125,
        186.5016, 176.6136, 196.5837, 192.4408, 102.7715, 183.3326, 138.5974,
        130.0522, 134.5668, 156.0494, 164.0723, 146.1216, 142.0666, 169.4426,
        167.9746, 130.5785, 146.9871, 136.5026, 142.7911, 186.3570, 115.2730,
        132.5649, 138.2475, 161.1929, 149.6825, 183.2522, 139.2760, 194.8899,
        139.2939, 148.1909, 136.9374, 164.7364, 156.3432, 155.3464, 162.9952,
        130.2563, 186.4682, 163.7429, 147.5605, 145.0067, 141.5135, 191.1570,
        134.2430, 167.6753, 200.6175, 130.3604, 158.3796, 138.1035, 154.2316,
        177.2884, 133.8913, 164.9562, 137.3146, 149.5612, 154.4471, 146.9832,
        130.9222, 167.0955, 128.3958, 136.7508, 138.9664, 130.7808, 142.8572,
        120.5158, 171.5895, 199.9278, 132.2036, 156.8436, 162.7547, 182.9561,
        159.4743, 127.5690, 139.5249, 146.8480, 187.9764, 165.0973, 139.9971,
        147.8130, 203.3307, 124.4533, 126.6119, 139.9632,  95.3662, 132.7773,
        178.9401, 179.2932, 165.3663, 135.0855, 128.5603, 141.1152, 176.8351,
        153.9597, 147.5141, 162.7348, 185.2369, 142.3461, 169.5766, 180.9491,
        171.5120, 147.2085, 163.6275, 149.9078, 172.1838, 180.9928, 127.5058,
        125.4567, 173.6517, 178.0935, 151.6449, 169.3128, 164.3687, 157.8899,
        111.3485, 147.5883, 160.5337, 166.2971, 167.6857, 143.6810, 147.0177,
        140.2372, 134.1501, 148.1496, 172.8472, 167.8009, 175.9702, 130.6091,
        162.8745, 170.9131, 150.2222, 113.1070, 194.5897, 159.1621, 131.7707,
        148.9755, 187.7390, 130.7083, 163.3737, 154.1569, 131.2589, 173.9336,
        146.2729, 173.4112, 190.4270, 149.9428, 141.7291, 152.1927, 196.1937,
        164.1115, 159.0004, 166.3756, 146.9514, 174.6129, 176.8235, 159.0187,
        160.0217, 165.1105, 110.1122, 127.2010, 129.8032, 141.3889, 153.8633,
        172.5070, 180.5150, 138.2277,  92.8766, 185.9547, 127.4911, 173.2580,
        141.1158, 177.8837, 152.5688, 138.8489, 186.5677, 158.9624, 155.7656,
        149.0730, 158.9641, 173.6191, 159.7074, 163.3329, 164.8007, 172.1536,
        170.8083, 140.6732, 155.5765, 138.7484, 152.5861, 165.9659, 195.2991,
        182.0479, 167.4992, 166.0442, 171.9024, 135.0568, 162.4134, 163.7243,
        161.1446, 180.6936, 142.0170, 175.8841, 136.4082, 156.7675, 172.3397,
        119.4284, 154.0152, 175.5134, 139.0594, 175.7821, 162.3043, 160.9618,
        154.6561, 129.0230, 184.4663, 161.3035, 126.2093, 154.1364, 149.1483,
        145.7927, 153.5042, 163.0622, 174.5815, 138.2204, 134.5424, 139.5717,
        161.8414, 118.7797, 144.0194, 179.4480, 150.1772, 156.9321, 161.3918,
        159.8019, 139.8947, 120.6134, 198.6670, 128.5273, 157.0342, 178.9100,
        173.7041, 183.2160, 206.5026, 141.0918, 151.6367, 184.7791, 119.5383,
        149.7719, 188.3487, 120.6023, 129.5753, 176.3363, 128.6563, 165.9925,
        183.3935, 175.2390, 130.5859, 122.1061, 166.5333, 152.8086, 165.4825,
        154.9916, 160.1881, 169.6352, 153.8339, 139.8226, 173.0916, 161.0634,
        146.7032, 125.3392, 169.4871, 132.5428, 164.2377, 159.7018, 138.7227,
        167.6439, 158.3309, 187.9131, 111.7451, 102.9269,  96.1832, 131.2198,
        200.0032, 145.9235, 119.3340, 160.1533, 161.0869, 157.3575, 153.7447,
        152.2419, 124.0646, 129.4685, 161.1197, 164.4051, 150.8952, 186.3280,
        151.1095, 151.1324, 160.2229, 153.8955, 147.4613, 162.2063, 135.9805,
        191.1615, 146.2418, 167.3841, 135.8550, 158.8095, 169.9538, 176.8227,
        180.5665, 152.7446, 158.9924, 148.8603, 169.7966, 181.6887, 166.4477,
        165.6943, 144.4424, 158.6000, 152.7341, 105.4821, 183.0982, 136.7395,
        140.2035, 155.5325, 137.8336, 140.1302, 158.7131, 166.5871, 148.1191,
        139.1711, 136.2438, 208.2524, 121.6276, 191.0463, 148.2944, 169.9690,
        154.1922, 174.0757, 142.3579, 167.9943, 175.0184, 170.7950, 151.5269,
        139.9977, 168.7565, 140.9476, 156.5336, 205.7351, 186.6349, 194.3149,
        156.4260, 139.4283, 149.4546, 155.5516, 116.4068, 193.4595, 144.0046,
        120.2083, 175.6405, 185.3531, 171.9747, 147.4751, 166.3947, 175.3953,
        139.4929, 129.3069, 139.5924, 171.4182, 149.6678, 152.4075, 131.6292,
        150.9085, 135.9028, 156.9528, 115.0739, 149.1794, 160.7098, 151.7340,
        169.6901, 164.8088, 145.9325, 118.0339, 173.2902, 189.2837, 187.8470,
        149.0807, 154.7731, 170.9714, 163.3390, 157.4062, 187.4414, 180.2090,
        165.0210, 109.0714, 130.6755, 157.5749, 178.7290, 190.8152, 145.5051,
        149.3512, 186.3609, 116.2621, 196.9493, 127.8890, 142.8654, 149.3710,
        154.4693, 188.8497, 146.2114, 124.8572, 138.4016, 153.8753, 159.5925,
        155.7070, 175.2157, 159.2166, 179.3297, 182.7678, 133.2230, 165.6327,
        165.6502, 128.5044, 193.1417, 124.0568, 160.4652, 119.6977, 186.6510,
        155.2046, 226.8196, 155.6321, 115.9215, 160.3823, 141.8381, 147.2066,
        115.8074, 115.2080, 177.0182, 125.1291, 154.5765, 122.2349, 175.3093,
        150.4291, 158.1389, 141.4063, 145.7719, 154.3536, 156.1272, 135.2742,
        186.6303, 180.7738, 133.8824, 167.1855, 159.2891, 124.9933, 155.2050,
        131.9611, 149.1389, 153.2668, 152.6892, 141.7233, 172.8298, 169.8572,
        181.1817, 188.8635, 136.2169, 172.1808, 128.3164, 185.5241, 144.5826,
        144.0281, 129.8924, 123.8413, 159.3343, 154.5275, 185.9697, 153.6708,
        141.8823, 153.9000, 215.5445, 135.7675, 164.0389, 168.0546, 175.4243,
        156.8516, 178.0164, 219.6278, 147.3056, 200.1605, 188.6521, 119.6009,
        164.2645, 153.2627, 113.2197, 131.0782, 144.4183, 160.8014, 126.8501,
        160.3933, 172.8631, 172.7042, 195.1783, 164.2915, 138.3762, 169.2782,
        134.0766, 176.5968, 122.4661, 150.4362, 187.1318, 174.3788, 165.0891,
        133.9847, 168.8851, 134.6824, 165.5668, 132.3650, 156.8278, 158.4167,
        130.9225, 148.6605, 146.3258, 150.2811, 115.2019, 118.7793, 158.5896,
        106.2086, 158.7029, 170.2265, 109.0452, 150.5461, 171.9849, 134.9364,
        142.7185, 103.4604, 180.1222, 129.2309, 133.3645, 181.5830, 168.6141,
        182.1434, 170.1339, 173.2104, 198.9260, 155.6058, 157.3503, 153.6411,
         95.9294, 127.6386, 113.8541], device='cuda:0')
saved_samples['rmse_best']=tensor([ 40.7441,  51.3615,  81.0665,  72.3654,  34.9603,  43.9472,  10.9484,
         87.5594,  40.5936,  44.8176,  44.9175,  56.0047,  77.3592,  35.3502,
         85.8960,  24.8664,  81.7496,  48.0494,  52.1835,   7.3651,  90.1169,
         12.1141,  57.8936,  82.6779,  59.8567,  86.5497,  84.0231,  22.3233,
         20.9313,  31.6099,  68.1305,  61.8018,   1.6402,  32.8087,  10.6405,
         41.2363, 124.8510,  65.5608,  73.0532,  80.4269,  62.0439,  66.0818,
        110.0073,  68.9079,   0.9933,  23.8910,  23.0658,  57.1077,   5.6528,
         22.2491,  14.3972,  36.9806,  78.0162,  24.5275,  11.9907,  73.1787,
         11.9388,  69.3558,  88.0625,   0.7278, 101.6709,  40.3399,  35.4655,
         35.9133,  28.6435,  14.0357, 123.1410,  58.8433,   2.9755,  91.5697,
         68.3224,  87.2759,  11.3883,  67.7945,  43.1486,  47.2045,  56.4874,
         36.4334,  26.2307,  61.5399,  44.2076,  19.5018,  84.6595,  47.1021,
         26.0676,   1.4886,  84.3029,  96.9557,  99.9015,  40.4509,  75.0780,
         57.7823,  45.7553,  19.0471,  88.6409,  74.7687,  45.9251,  64.6490,
         57.3824,  87.5872, 119.8212,  66.9597,   0.5727,  79.6514,   2.0676,
         98.1077,  65.4673,  53.5337, 104.1633,  22.9107,  52.1958,  54.8795,
         52.0158,   1.4728,  67.0536,  71.0545,  36.2997,  20.2765,  34.4429,
         38.0697,  91.8076, 106.3157,   0.7585,  87.8668,  94.6883,  55.2916,
         72.4883,  81.8666, 115.3800,  48.8895, 113.6152, 106.5126, 104.2550,
         97.4446,  64.5803, 105.8518, 120.2430,  30.9051,  65.3542,  61.1670,
         86.6664,   1.0904,  16.7776,  47.4188,  72.7429,  85.8876,  31.0844,
        113.7362,  52.8922,  72.5338,  82.5383,  46.8392,  43.5639,  74.2947,
         44.8980, 127.7514,  76.5228,  57.4511,  45.8410,  68.9924,  19.7620,
         84.2429,  66.2468,  27.8126,  30.2542,  47.4659,  42.9091, 124.2109,
         38.1411,   1.5065,  59.1822,  53.4234,  99.0704,  15.6212,  35.2117,
         31.5138,  20.7340,  98.1590,  71.0683,  79.7816,  16.9016,  57.6893,
         58.4480,  69.8445,  36.5464,  35.8958,  96.0935,  84.2092,  59.4030,
         68.8098,  13.6370,  55.3277,  92.0985, 101.3199,  62.2645,  33.1470,
         57.7101,  64.5572,  36.4212,  73.4870,  59.0021,  60.6520,  43.6898,
         35.5471, 108.5227,  70.2851,  40.4014,  51.4567,  70.5721,  61.4825,
         57.4424,  40.2559,  24.8501,  56.1860, 111.8572,  27.9978,  21.2801,
         72.9507,  11.4145,  34.3368,  25.8553,  73.3547,  55.8931,  71.1572,
         15.2215, 114.8575,  44.3397,  55.1214,  38.5629, 132.2422,  69.0385,
         77.9602,  60.6286,  79.1826,  91.2155,   7.3208,  43.2299,  36.7913,
         30.3100,  56.6293,  66.9652,  59.7755,  38.0064,  42.2013,  54.3741,
         71.3332,  34.2613,  46.8465,  56.6624,  62.1201,  89.4382,   3.5027,
         18.2204,  57.8995,  76.8810,  49.2411,  79.3067,  84.6345, 142.5847,
         85.8316,  64.6280,  34.2126,  48.7783,  85.9024,  37.4302,  70.0307,
         65.8991,  64.8984,  71.6298,  48.2479,  27.0939,  15.4052,  77.2605,
         26.3923,  46.4581, 108.1288,  39.7328,  68.1670,  44.4991,  41.6643,
         53.3405,  48.4822,  35.3865,  62.6886,  46.1000,  56.6205,   2.1440,
         44.1565, 111.8586,  19.9167,  43.6588,  65.6216,  36.4845,  21.9776,
         48.0715, 105.6959,  92.9507,  78.8583,  44.0916,  51.8379,  89.9128,
          5.3359,  64.1603,  31.3047,  21.0656,  85.1828,  64.1755,  79.1548,
         71.3118,  76.5672,  69.4742,  47.7446,   6.6669,  29.1363,  68.9802,
         99.4174,  66.5642,  28.0073,  41.1390,  66.9210,  29.1255,  39.0164,
         53.3217,   2.3635,  60.7425,  22.5723,  43.3687,  74.2329, 102.8831,
         71.9942,  23.9036,   7.6404,  80.8669,  90.5704,  89.0977,  99.2314,
         38.3282, 102.6789,  11.6054,  74.3304,  85.9780,  26.9954,  75.5234,
          3.2546,  37.6839,  85.1896,  76.3309,  80.9364,  38.4228,  70.4067,
         63.9677,  46.6126,  45.8659,  37.7262, 113.8283,  96.3184,   1.4683,
         74.1142,  61.4030,  82.4973,  23.9783,  95.2638,  17.9344,  17.1229,
         61.1984,  73.8730,  33.0937,  53.7040,  49.0162,  56.5762,  73.8052,
         75.8693,  25.5837,  75.4395,  70.4636,  41.3878,  44.6746,  86.0916,
         72.8791,  86.3238,  55.5860,  39.3023,  13.9785,  69.8521,  31.4770,
         64.9016,  66.1548,  19.0238,  64.1846,   7.2078,  22.0475,  53.8461,
        100.5107,  45.6818,  20.0462,  46.5018, 132.6383,  22.8170,  97.3321,
         73.6806,  52.6769,   4.3559,  29.2335,  47.7602,  92.9022,  57.4214,
         86.5958,  46.4620,  34.8008,  46.7884,  66.8406,  51.7114,  25.1152,
         68.9079,  89.8802,  63.5243,  62.9981,  56.5951,  25.3131,  81.4679,
         28.6456,  94.4191,  93.8461,  97.8934,  55.2998,  70.1814, 107.8540,
         97.0552,  85.2880,  88.2272,  73.3461,   3.5863,  65.3963,  88.1490,
         65.2446,  39.2389,  71.5397,  41.6563,  59.8294, 119.1934,  63.2447,
         60.3226,  33.6380,  88.4727,  99.0863,  51.4812,  44.1327,  33.5600,
         25.1734,  60.6579,  90.9708,  37.4377,  32.7020,  80.4083,  34.2046,
         79.5395,   7.1659,  77.8488,  35.8989,  78.3837,  35.1801,  64.1326,
         41.0028,  40.9718,  63.0085,  81.8751,  55.6647,  60.5674,  41.9730,
         60.2497, 123.3383, 142.1269,  13.8781,  20.8991,  15.6455,   9.0032,
         47.9553,  76.1290,  37.2638,  19.3849,  93.0315,  21.5532,  48.2952,
         43.4755,  68.2039,  65.7675,  20.9669,  14.2247,  58.0343,  94.8597,
         99.6745,  50.6050, 110.8006,  52.0343,  70.0684,  54.3927,  28.9936,
         86.1155,  60.0249,  53.7779,  31.8061,  28.7904,  69.2333,  60.0985,
         62.7287,  76.8988,  94.0441,   5.4229,  42.6495,   8.5470,  45.4964,
        108.2102,  48.7145,   0.6956, 103.9375,  91.4087,  60.0826,  27.7257,
         77.9599,  51.3383,   6.7686,  18.0214,   1.1837,  60.7611,  96.6824,
         78.9280,  41.6386,  48.7314,  26.3674,  44.5794,  61.5002,  45.8107,
         94.9571,  14.2903,   1.2701,   1.9623,  62.9081,  83.9803,  88.4456,
         30.3028,  21.2805,  41.1818,  92.1763,  82.2251,   4.5791,  21.7957,
         57.3765,  64.9899,  60.4507,  90.3272,   1.8553,  98.2057,  38.4941,
         64.5818,  76.2937,  60.2536,  66.6384,  44.5603, 103.3902,  26.8577,
         31.2024,  24.7267, 129.1923,  64.8635, 119.8965,  69.6947,  95.6476,
         79.8121,  45.2547,  48.1905,  32.2556,  59.6162,  67.4431,  79.6158,
         57.5272,  99.0197,  58.0474,  96.5473, 126.5733,  55.7722, 100.2744,
         96.8773,   7.9272,   1.3838, 100.8822,  58.9428,  70.7919,  91.7370,
         35.6225,  79.1148,  39.7403,  29.1871,  72.3245,  22.9680,  99.4274,
         33.3648,  70.1114,   1.2851,  38.9004,  58.1721,  47.4728,  19.7184,
         69.8664,  82.0677,  57.2751,  36.7788, 109.4428,  96.9705,  49.1106,
         90.4181,  50.6512,  27.8919,  34.8360,  80.7966,  37.5692, 112.2614,
         35.6062,  44.8094,  65.3526, 107.5861,  42.1885,  34.2978,  69.9806,
         42.4503,   1.3246,  56.7465,  49.7567, 110.3523,  80.1163,  58.6570,
         45.2190, 101.8781,  54.0359, 133.3013,  76.1499,  75.3783,  58.3260,
         63.5476, 104.5415,  45.2026,  54.2794,  31.9152,  93.7412,  24.6292,
         53.5861,  89.6690,  74.1518,  51.2920,  99.1008,  51.9812,  44.9168,
         43.7939,  55.1388,  44.9952,  50.7673,  77.5569,  64.8214,  82.2850,
         51.1563,  87.6296,  65.2263,  30.5268,  63.0006,  51.6965,  23.3551,
         54.9281,  49.7028,  72.9100,  80.7407,  63.6768,  43.6729,  86.9892,
         54.0068,  45.0167,  73.5402,  89.6990,  53.8841,  77.3180,  62.0769,
        116.5845, 101.4331,  68.1163,  82.3080,  11.4479,  41.6482,  48.5122,
         48.1468,  69.3524,  45.1359,  29.1962,   7.5685,  87.5343,  71.9489,
         68.5648,  53.4280,  42.9693,  74.0763,  46.1086,  71.0746,  29.3822,
         48.7823,  57.9782,  56.8086,  66.9874,  45.8026,  32.5187,  60.7086,
         51.4841,  80.0208, 129.2121,  66.7970,  99.2362,  93.8447,  66.0678,
         69.0260,  54.4464, 139.1933,  23.1613, 157.4992,  91.3913,  49.7469,
         97.9048,  31.1820,   7.5184,  23.3973,  73.9338,  66.4957,  11.6208,
         26.0823,  92.3691,  25.4675,  55.5056,  90.9959,  53.9811,  88.9885,
         11.5279,   0.7868,  55.8539,  73.4731, 110.1232,  75.5625,  25.2830,
         54.1635,  91.0001,  50.1799,  87.6948,  15.0217,  78.2882,  24.0275,
         54.2741,  65.7419,  52.3997,  58.3285,  17.8008,  11.3333,  36.1766,
         22.9591, 102.6229,  53.3648,  39.5247,  67.3556,  79.0461,  51.7395,
         56.1655,   8.4614,  66.5951,  16.6303,  64.4886,  25.3982,  34.0025,
          2.1592,  93.2906,  50.4529, 101.0880,  13.0795,  63.7614,  64.4411,
         26.5965,  85.2780,  52.3744], device='cuda:0')
Mean RMSE across all mean/best sample: mean 155.008, best 57.481
This took 461.5829336643219 seconds for 1000*10 samples
Time to save data: 78.94425892829895 s
